Archive member included to satisfy reference by file (symbol)

C:/ST/STM32CubeIDE_1.10.1/STM32CubeIDE/plugins/com.st.stm32cube.ide.mcu.externaltools.gnu-tools-for-stm32.11.3.rel1.win32_1.1.1.202309131626/tools/bin/../lib/gcc/arm-none-eabi/11.3.1/../../../../arm-none-eabi/lib/thumb/v7e-m+fp/hard\libc_nano.a(libc_a-exit.o)
                              C:/ST/STM32CubeIDE_1.10.1/STM32CubeIDE/plugins/com.st.stm32cube.ide.mcu.externaltools.gnu-tools-for-stm32.11.3.rel1.win32_1.1.1.202309131626/tools/bin/../lib/gcc/arm-none-eabi/11.3.1/../../../../arm-none-eabi/lib/thumb/v7e-m+fp/hard/crt0.o (exit)
C:/ST/STM32CubeIDE_1.10.1/STM32CubeIDE/plugins/com.st.stm32cube.ide.mcu.externaltools.gnu-tools-for-stm32.11.3.rel1.win32_1.1.1.202309131626/tools/bin/../lib/gcc/arm-none-eabi/11.3.1/../../../../arm-none-eabi/lib/thumb/v7e-m+fp/hard\libc_nano.a(libc_a-findfp.o)
                              ./Middlewares/Third_Party/FreeRTOS/Source/tasks.o (__sf)
C:/ST/STM32CubeIDE_1.10.1/STM32CubeIDE/plugins/com.st.stm32cube.ide.mcu.externaltools.gnu-tools-for-stm32.11.3.rel1.win32_1.1.1.202309131626/tools/bin/../lib/gcc/arm-none-eabi/11.3.1/../../../../arm-none-eabi/lib/thumb/v7e-m+fp/hard\libc_nano.a(libc_a-fwalk.o)
                              C:/ST/STM32CubeIDE_1.10.1/STM32CubeIDE/plugins/com.st.stm32cube.ide.mcu.externaltools.gnu-tools-for-stm32.11.3.rel1.win32_1.1.1.202309131626/tools/bin/../lib/gcc/arm-none-eabi/11.3.1/../../../../arm-none-eabi/lib/thumb/v7e-m+fp/hard\libc_nano.a(libc_a-findfp.o) (_fwalk_sglue)
C:/ST/STM32CubeIDE_1.10.1/STM32CubeIDE/plugins/com.st.stm32cube.ide.mcu.externaltools.gnu-tools-for-stm32.11.3.rel1.win32_1.1.1.202309131626/tools/bin/../lib/gcc/arm-none-eabi/11.3.1/../../../../arm-none-eabi/lib/thumb/v7e-m+fp/hard\libc_nano.a(libc_a-printf.o)
                              ./Middlewares/ST/STM32_WPAN/utilities/dbg_trace.o (printf)
C:/ST/STM32CubeIDE_1.10.1/STM32CubeIDE/plugins/com.st.stm32cube.ide.mcu.externaltools.gnu-tools-for-stm32.11.3.rel1.win32_1.1.1.202309131626/tools/bin/../lib/gcc/arm-none-eabi/11.3.1/../../../../arm-none-eabi/lib/thumb/v7e-m+fp/hard\libc_nano.a(libc_a-puts.o)
                              ./Core/Src/vl53l0x/vl53l0x_tof.o (puts)
C:/ST/STM32CubeIDE_1.10.1/STM32CubeIDE/plugins/com.st.stm32cube.ide.mcu.externaltools.gnu-tools-for-stm32.11.3.rel1.win32_1.1.1.202309131626/tools/bin/../lib/gcc/arm-none-eabi/11.3.1/../../../../arm-none-eabi/lib/thumb/v7e-m+fp/hard\libc_nano.a(libc_a-snprintf.o)
                              ./Core/task/src/HMI_screen_main.o (snprintf)
C:/ST/STM32CubeIDE_1.10.1/STM32CubeIDE/plugins/com.st.stm32cube.ide.mcu.externaltools.gnu-tools-for-stm32.11.3.rel1.win32_1.1.1.202309131626/tools/bin/../lib/gcc/arm-none-eabi/11.3.1/../../../../arm-none-eabi/lib/thumb/v7e-m+fp/hard\libc_nano.a(libc_a-stdio.o)
                              C:/ST/STM32CubeIDE_1.10.1/STM32CubeIDE/plugins/com.st.stm32cube.ide.mcu.externaltools.gnu-tools-for-stm32.11.3.rel1.win32_1.1.1.202309131626/tools/bin/../lib/gcc/arm-none-eabi/11.3.1/../../../../arm-none-eabi/lib/thumb/v7e-m+fp/hard\libc_nano.a(libc_a-findfp.o) (__sread)
C:/ST/STM32CubeIDE_1.10.1/STM32CubeIDE/plugins/com.st.stm32cube.ide.mcu.externaltools.gnu-tools-for-stm32.11.3.rel1.win32_1.1.1.202309131626/tools/bin/../lib/gcc/arm-none-eabi/11.3.1/../../../../arm-none-eabi/lib/thumb/v7e-m+fp/hard\libc_nano.a(libc_a-vprintf.o)
                              ./Middlewares/ST/STM32_WPAN/utilities/dbg_trace.o (vprintf)
C:/ST/STM32CubeIDE_1.10.1/STM32CubeIDE/plugins/com.st.stm32cube.ide.mcu.externaltools.gnu-tools-for-stm32.11.3.rel1.win32_1.1.1.202309131626/tools/bin/../lib/gcc/arm-none-eabi/11.3.1/../../../../arm-none-eabi/lib/thumb/v7e-m+fp/hard\libc_nano.a(libc_a-wbuf.o)
                              C:/ST/STM32CubeIDE_1.10.1/STM32CubeIDE/plugins/com.st.stm32cube.ide.mcu.externaltools.gnu-tools-for-stm32.11.3.rel1.win32_1.1.1.202309131626/tools/bin/../lib/gcc/arm-none-eabi/11.3.1/../../../../arm-none-eabi/lib/thumb/v7e-m+fp/hard\libc_nano.a(libc_a-puts.o) (__swbuf_r)
C:/ST/STM32CubeIDE_1.10.1/STM32CubeIDE/plugins/com.st.stm32cube.ide.mcu.externaltools.gnu-tools-for-stm32.11.3.rel1.win32_1.1.1.202309131626/tools/bin/../lib/gcc/arm-none-eabi/11.3.1/../../../../arm-none-eabi/lib/thumb/v7e-m+fp/hard\libc_nano.a(libc_a-wsetup.o)
                              C:/ST/STM32CubeIDE_1.10.1/STM32CubeIDE/plugins/com.st.stm32cube.ide.mcu.externaltools.gnu-tools-for-stm32.11.3.rel1.win32_1.1.1.202309131626/tools/bin/../lib/gcc/arm-none-eabi/11.3.1/../../../../arm-none-eabi/lib/thumb/v7e-m+fp/hard\libc_nano.a(libc_a-puts.o) (__swsetup_r)
C:/ST/STM32CubeIDE_1.10.1/STM32CubeIDE/plugins/com.st.stm32cube.ide.mcu.externaltools.gnu-tools-for-stm32.11.3.rel1.win32_1.1.1.202309131626/tools/bin/../lib/gcc/arm-none-eabi/11.3.1/../../../../arm-none-eabi/lib/thumb/v7e-m+fp/hard\libc_nano.a(libc_a-memcmp.o)
                              ./Middlewares/ST/STM32_WPAN/ble/core/template/osal.o (memcmp)
[...]
Memory Configuration

Name             Origin             Length             Attributes
FLASH            0x0000000008000000 0x0000000000080000 xr
RAM1             0x0000000020000008 0x000000000002fff8 xrw
RAM_SHARED       0x0000000020030000 0x0000000000002800 xrw
*default*        0x0000000000000000 0xffffffffffffffff

Linker script and memory map

LOAD C:/ST/STM32CubeIDE_1.10.1/STM32CubeIDE/plugins/com.st.stm32cube.ide.mcu.externaltools.gnu-tools-for-stm32.11.3.rel1.win32_1.1.1.202309131626/tools/bin/../lib/gcc/arm-none-eabi/11.3.1/thumb/v7e-m+fp/hard/crti.o
LOAD C:/ST/STM32CubeIDE_1.10.1/STM32CubeIDE/plugins/com.st.stm32cube.ide.mcu.externaltools.gnu-tools-for-stm32.11.3.rel1.win32_1.1.1.202309131626/tools/bin/../lib/gcc/arm-none-eabi/11.3.1/thumb/v7e-m+fp/hard/crtbegin.o
LOAD C:/ST/STM32CubeIDE_1.10.1/STM32CubeIDE/plugins/com.st.stm32cube.ide.mcu.externaltools.gnu-tools-for-stm32.11.3.rel1.win32_1.1.1.202309131626/tools/bin/../lib/gcc/arm-none-eabi/11.3.1/../../../../arm-none-eabi/lib/thumb/v7e-m+fp/hard/crt0.o
LOAD ./3rdparty/YACSGL/src/YACSGL.o
LOAD ./3rdparty/YACSGL/src/YACSGL_bitmap.o
LOAD ./3rdparty/YACSGL/src/YACSGL_font.o
LOAD ./3rdparty/YACSGL/src/YACSGL_font_5x7.o
LOAD ./3rdparty/YACSGL/src/YACSGL_font_8x16.o
LOAD ./3rdparty/YACSGL/src/YACSGL_font_digit_16x32.o
LOAD ./3rdparty/YACSWL/src/YACSWL_label.o
LOAD ./3rdparty/YACSWL/src/YACSWL_progress_bar.o
LOAD ./3rdparty/YACSWL/src/YACSWL_radio_btn.o
LOAD ./3rdparty/YACSWL/src/YACSWL_widget.o
LOAD ./Core/Src/app_debug.o
LOAD ./Core/Src/app_entry.o
LOAD ./Core/Src/app_freertos.o
LOAD ./Core/Src/dma.o
LOAD ./Core/Src/freertos_port.o
LOAD ./Core/Src/gpio.o
LOAD ./Core/Src/hw_timerserver.o
LOAD ./Core/Src/hw_uart.o
LOAD ./Core/Src/i2c.o
LOAD ./Core/Src/ipcc.o
LOAD ./Core/Src/irtim.o
LOAD ./Core/Src/main.o
LOAD ./Core/Src/memorymap.o
LOAD ./Core/Src/rf.o
LOAD ./Core/Src/rtc.o
LOAD ./Core/Src/spi.o
LOAD ./Core/Src/stm32_lpm_if.o
LOAD ./Core/Src/stm32wbxx_hal_msp.o
LOAD ./Core/Src/stm32wbxx_hal_timebase_tim.o
LOAD ./Core/Src/stm32wbxx_it.o
LOAD ./Core/Src/syscalls.o
LOAD ./Core/Src/sysmem.o
LOAD ./Core/Src/system_stm32wbxx.o
LOAD ./Core/Src/tim.o
LOAD ./Core/Src/usart.o
LOAD ./Core/Src/vl53l0x/vl53l0x_api.o
LOAD ./Core/Src/vl53l0x/vl53l0x_api_calibration.o
LOAD ./Core/Src/vl53l0x/vl53l0x_api_core.o
LOAD ./Core/Src/vl53l0x/vl53l0x_api_ranging.o
LOAD ./Core/Src/vl53l0x/vl53l0x_api_strings.o
LOAD ./Core/Src/vl53l0x/vl53l0x_platform_log.o
LOAD ./Core/Src/vl53l0x/vl53l0x_tof.o
LOAD ./Core/Startup/startup_stm32wb5mmghx.o
LOAD ./Core/task/src/HMI_screen_ble_pairing.o
LOAD ./Core/task/src/HMI_screen_ctrl_mode.o
LOAD ./Core/task/src/HMI_screen_heating_mode.o
LOAD ./Core/task/src/HMI_screen_main.o
LOAD ./Core/task/src/HMI_screen_temperature_setpoint.o
LOAD ./Core/task/src/HMI_status_bar.o
LOAD ./Core/task/src/ir_atl_encode.o
LOAD ./Core/task/src/ir_common.o
LOAD ./Core/task/src/tsk_BLE.o
LOAD ./Core/task/src/tsk_HMI.o
LOAD ./Core/task/src/tsk_IR_ATL.o
LOAD ./Core/task/src/tsk_MAIN.o
LOAD ./Core/task/src/tsk_TEMP.o
LOAD ./Core/task/src/tsk_TOF.o
LOAD ./Core/task/src/tsk_WDGT.o
LOAD ./Core/task/src/tsk_common.o
LOAD ./Drivers/BSP/Components/ism330dhcx/ism330dhcx.o
LOAD ./Drivers/BSP/Components/ism330dhcx/ism330dhcx_reg.o
LOAD ./Drivers/BSP/Components/ssd1315/ssd1315.o
LOAD ./Drivers/BSP/Components/ssd1315/ssd1315_reg.o
LOAD ./Drivers/BSP/Components/stts22h/stts22h.o
LOAD ./Drivers/BSP/Components/stts22h/stts22h_reg.o
LOAD ./Drivers/BSP/STM32WB5MM-DK/stm32wb5mm_dk.o
LOAD ./Drivers/BSP/STM32WB5MM-DK/stm32wb5mm_dk_bus.o
LOAD ./Drivers/BSP/STM32WB5MM-DK/stm32wb5mm_dk_env_sensors.o
LOAD ./Drivers/BSP/STM32WB5MM-DK/stm32wb5mm_dk_env_sensors_ex.o
LOAD ./Drivers/BSP/STM32WB5MM-DK/stm32wb5mm_dk_lcd.o
LOAD ./Drivers/BSP/STM32WB5MM-DK/stm32wb5mm_dk_motion_sensors.o
LOAD ./Drivers/BSP/STM32WB5MM-DK/stm32wb5mm_dk_motion_sensors_ex.o
LOAD ./Drivers/STM32WBxx_HAL_Driver/Src/stm32wbxx_hal.o
LOAD ./Drivers/STM32WBxx_HAL_Driver/Src/stm32wbxx_hal_cortex.o
LOAD ./Drivers/STM32WBxx_HAL_Driver/Src/stm32wbxx_hal_dma.o
LOAD ./Drivers/STM32WBxx_HAL_Driver/Src/stm32wbxx_hal_dma_ex.o
LOAD ./Drivers/STM32WBxx_HAL_Driver/Src/stm32wbxx_hal_exti.o
LOAD ./Drivers/STM32WBxx_HAL_Driver/Src/stm32wbxx_hal_flash.o
LOAD ./Drivers/STM32WBxx_HAL_Driver/Src/stm32wbxx_hal_flash_ex.o
LOAD ./Drivers/STM32WBxx_HAL_Driver/Src/stm32wbxx_hal_gpio.o
LOAD ./Drivers/STM32WBxx_HAL_Driver/Src/stm32wbxx_hal_hsem.o
LOAD ./Drivers/STM32WBxx_HAL_Driver/Src/stm32wbxx_hal_i2c.o
LOAD ./Drivers/STM32WBxx_HAL_Driver/Src/stm32wbxx_hal_i2c_ex.o
LOAD ./Drivers/STM32WBxx_HAL_Driver/Src/stm32wbxx_hal_ipcc.o
LOAD ./Drivers/STM32WBxx_HAL_Driver/Src/stm32wbxx_hal_pwr.o
LOAD ./Drivers/STM32WBxx_HAL_Driver/Src/stm32wbxx_hal_pwr_ex.o
LOAD ./Drivers/STM32WBxx_HAL_Driver/Src/stm32wbxx_hal_rcc.o
LOAD ./Drivers/STM32WBxx_HAL_Driver/Src/stm32wbxx_hal_rcc_ex.o
LOAD ./Drivers/STM32WBxx_HAL_Driver/Src/stm32wbxx_hal_rtc.o
LOAD ./Drivers/STM32WBxx_HAL_Driver/Src/stm32wbxx_hal_rtc_ex.o
LOAD ./Drivers/STM32WBxx_HAL_Driver/Src/stm32wbxx_hal_spi.o
LOAD ./Drivers/STM32WBxx_HAL_Driver/Src/stm32wbxx_hal_spi_ex.o
LOAD ./Drivers/STM32WBxx_HAL_Driver/Src/stm32wbxx_hal_tim.o
LOAD ./Drivers/STM32WBxx_HAL_Driver/Src/stm32wbxx_hal_tim_ex.o
LOAD ./Drivers/STM32WBxx_HAL_Driver/Src/stm32wbxx_hal_uart.o
LOAD ./Drivers/STM32WBxx_HAL_Driver/Src/stm32wbxx_hal_uart_ex.o
LOAD ./Drivers/STM32WBxx_HAL_Driver/Src/stm32wbxx_ll_rcc.o
LOAD ./Middlewares/ST/STM32_WPAN/ble/core/auto/ble_gap_aci.o
LOAD ./Middlewares/ST/STM32_WPAN/ble/core/auto/ble_gatt_aci.o
LOAD ./Middlewares/ST/STM32_WPAN/ble/core/auto/ble_hal_aci.o
LOAD ./Middlewares/ST/STM32_WPAN/ble/core/auto/ble_hci_le.o
LOAD ./Middlewares/ST/STM32_WPAN/ble/core/auto/ble_l2cap_aci.o
LOAD ./Middlewares/ST/STM32_WPAN/ble/core/template/osal.o
LOAD ./Middlewares/ST/STM32_WPAN/ble/svc/Src/dis.o
LOAD ./Middlewares/ST/STM32_WPAN/ble/svc/Src/hrs.o
LOAD ./Middlewares/ST/STM32_WPAN/ble/svc/Src/svc_ctl.o
LOAD ./Middlewares/ST/STM32_WPAN/interface/patterns/ble_thread/shci/shci.o
LOAD ./Middlewares/ST/STM32_WPAN/interface/patterns/ble_thread/tl/hci_tl.o
LOAD ./Middlewares/ST/STM32_WPAN/interface/patterns/ble_thread/tl/hci_tl_if.o
LOAD ./Middlewares/ST/STM32_WPAN/interface/patterns/ble_thread/tl/shci_tl.o
LOAD ./Middlewares/ST/STM32_WPAN/interface/patterns/ble_thread/tl/shci_tl_if.o
LOAD ./Middlewares/ST/STM32_WPAN/interface/patterns/ble_thread/tl/tl_mbox.o
LOAD ./Middlewares/ST/STM32_WPAN/utilities/dbg_trace.o
LOAD ./Middlewares/ST/STM32_WPAN/utilities/otp.o
LOAD ./Middlewares/ST/STM32_WPAN/utilities/stm_list.o
LOAD ./Middlewares/ST/STM32_WPAN/utilities/stm_queue.o
LOAD ./Middlewares/Third_Party/FreeRTOS/Source/CMSIS_RTOS_V2/cmsis_os2.o
LOAD ./Middlewares/Third_Party/FreeRTOS/Source/croutine.o
LOAD ./Middlewares/Third_Party/FreeRTOS/Source/event_groups.o
LOAD ./Middlewares/Third_Party/FreeRTOS/Source/list.o
LOAD ./Middlewares/Third_Party/FreeRTOS/Source/queue.o
LOAD ./Middlewares/Third_Party/FreeRTOS/Source/stream_buffer.o
LOAD ./Middlewares/Third_Party/FreeRTOS/Source/tasks.o
LOAD ./Middlewares/Third_Party/FreeRTOS/Source/timers.o
LOAD ./Middlewares/Third_Party/FreeRTOS/Source/portable/GCC/ARM_CM4F/port.o
LOAD ./Middlewares/Third_Party/FreeRTOS/Source/portable/MemMang/heap_4.o
LOAD ./STM32_WPAN/App/app_ble.o
LOAD ./STM32_WPAN/App/dis_app.o
LOAD ./STM32_WPAN/App/hrs_app.o
LOAD ./STM32_WPAN/Target/hw_ipcc.o
LOAD ./Utilities/Fonts/font12.o
LOAD ./Utilities/Fonts/font16.o
LOAD ./Utilities/Fonts/font20.o
LOAD ./Utilities/Fonts/font24.o
LOAD ./Utilities/Fonts/font8.o
LOAD ./Utilities/LCD/stm32_lcd.o
LOAD ./Utilities/lpm/tiny_lpm/stm32_lpm.o
START GROUP
LOAD C:/ST/STM32CubeIDE_1.10.1/STM32CubeIDE/plugins/com.st.stm32cube.ide.mcu.externaltools.gnu-tools-for-stm32.11.3.rel1.win32_1.1.1.202309131626/tools/bin/../lib/gcc/arm-none-eabi/11.3.1/../../../../arm-none-eabi/lib/thumb/v7e-m+fp/hard\libc_nano.a
LOAD C:/ST/STM32CubeIDE_1.10.1/STM32CubeIDE/plugins/com.st.stm32cube.ide.mcu.externaltools.gnu-tools-for-stm32.11.3.rel1.win32_1.1.1.202309131626/tools/bin/../lib/gcc/arm-none-eabi/11.3.1/../../../../arm-none-eabi/lib/thumb/v7e-m+fp/hard\libm.a
END GROUP
START GROUP
LOAD C:/ST/STM32CubeIDE_1.10.1/STM32CubeIDE/plugins/com.st.stm32cube.ide.mcu.externaltools.gnu-tools-for-stm32.11.3.rel1.win32_1.1.1.202309131626/tools/bin/../lib/gcc/arm-none-eabi/11.3.1/thumb/v7e-m+fp/hard\libgcc.a
LOAD C:/ST/STM32CubeIDE_1.10.1/STM32CubeIDE/plugins/com.st.stm32cube.ide.mcu.externaltools.gnu-tools-for-stm32.11.3.rel1.win32_1.1.1.202309131626/tools/bin/../lib/gcc/arm-none-eabi/11.3.1/../../../../arm-none-eabi/lib/thumb/v7e-m+fp/hard\libc_nano.a
END GROUP
START GROUP
LOAD C:/ST/STM32CubeIDE_1.10.1/STM32CubeIDE/plugins/com.st.stm32cube.ide.mcu.externaltools.gnu-tools-for-stm32.11.3.rel1.win32_1.1.1.202309131626/tools/bin/../lib/gcc/arm-none-eabi/11.3.1/thumb/v7e-m+fp/hard\libgcc.a
LOAD C:/ST/STM32CubeIDE_1.10.1/STM32CubeIDE/plugins/com.st.stm32cube.ide.mcu.externaltools.gnu-tools-for-stm32.11.3.rel1.win32_1.1.1.202309131626/tools/bin/../lib/gcc/arm-none-eabi/11.3.1/../../../../arm-none-eabi/lib/thumb/v7e-m+fp/hard\libc_nano.a
LOAD C:/ST/STM32CubeIDE_1.10.1/STM32CubeIDE/plugins/com.st.stm32cube.ide.mcu.externaltools.gnu-tools-for-stm32.11.3.rel1.win32_1.1.1.202309131626/tools/bin/../lib/gcc/arm-none-eabi/11.3.1/../../../../arm-none-eabi/lib/thumb/v7e-m+fp/hard\libnosys.a
END GROUP
START GROUP
LOAD C:/ST/STM32CubeIDE_1.10.1/STM32CubeIDE/plugins/com.st.stm32cube.ide.mcu.externaltools.gnu-tools-for-stm32.11.3.rel1.win32_1.1.1.202309131626/tools/bin/../lib/gcc/arm-none-eabi/11.3.1/thumb/v7e-m+fp/hard\libgcc.a
LOAD C:/ST/STM32CubeIDE_1.10.1/STM32CubeIDE/plugins/com.st.stm32cube.ide.mcu.externaltools.gnu-tools-for-stm32.11.3.rel1.win32_1.1.1.202309131626/tools/bin/../lib/gcc/arm-none-eabi/11.3.1/../../../../arm-none-eabi/lib/thumb/v7e-m+fp/hard\libc_nano.a
LOAD C:/ST/STM32CubeIDE_1.10.1/STM32CubeIDE/plugins/com.st.stm32cube.ide.mcu.externaltools.gnu-tools-for-stm32.11.3.rel1.win32_1.1.1.202309131626/tools/bin/../lib/gcc/arm-none-eabi/11.3.1/../../../../arm-none-eabi/lib/thumb/v7e-m+fp/hard\libnosys.a
END GROUP
LOAD C:/ST/STM32CubeIDE_1.10.1/STM32CubeIDE/plugins/com.st.stm32cube.ide.mcu.externaltools.gnu-tools-for-stm32.11.3.rel1.win32_1.1.1.202309131626/tools/bin/../lib/gcc/arm-none-eabi/11.3.1/thumb/v7e-m+fp/hard/crtend.o
LOAD C:/ST/STM32CubeIDE_1.10.1/STM32CubeIDE/plugins/com.st.stm32cube.ide.mcu.externaltools.gnu-tools-for-stm32.11.3.rel1.win32_1.1.1.202309131626/tools/bin/../lib/gcc/arm-none-eabi/11.3.1/thumb/v7e-m+fp/hard/crtn.o
                0x0000000020030000                _estack = (ORIGIN (RAM1) + LENGTH (RAM1))
                0x0000000000000400                _Min_Heap_Size = 0x400
                0x0000000000001000                _Min_Stack_Size = 0x1000

.isr_vector     0x0000000008000000      0x13c
                0x0000000008000000                . = ALIGN (0x4)
 *(.isr_vector)
 .isr_vector    0x0000000008000000      0x13c ./Core/Startup/startup_stm32wb5mmghx.o
                0x0000000008000000                g_pfnVectors
                0x000000000800013c                . = ALIGN (0x4)

.text           0x0000000008000140    0x10a20
                0x0000000008000140                . = ALIGN (0x4)
 *(.text)
 .text          0x0000000008000140       0x40 C:/ST/STM32CubeIDE_1.10.1/STM32CubeIDE/plugins/com.st.stm32cube.ide.mcu.externaltools.gnu-tools-for-stm32.11.3.rel1.win32_1.1.1.202309131626/tools/bin/../lib/gcc/arm-none-eabi/11.3.1/thumb/v7e-m+fp/hard/crtbegin.o
 .text          0x0000000008000180       0x10 C:/ST/STM32CubeIDE_1.10.1/STM32CubeIDE/plugins/com.st.stm32cube.ide.mcu.externaltools.gnu-tools-for-stm32.11.3.rel1.win32_1.1.1.202309131626/tools/bin/../lib/gcc/arm-none-eabi/11.3.1/../../../../arm-none-eabi/lib/thumb/v7e-m+fp/hard\libc_nano.a(libc_a-strlen.o)
                0x0000000008000180                strlen
 .text          0x0000000008000190       0xa0 C:/ST/STM32CubeIDE_1.10.1/STM32CubeIDE/plugins/com.st.stm32cube.ide.mcu.externaltools.gnu-tools-for-stm32.11.3.rel1.win32_1.1.1.202309131626/tools/bin/../lib/gcc/arm-none-eabi/11.3.1/../../../../arm-none-eabi/lib/thumb/v7e-m+fp/hard\libc_nano.a(libc_a-memchr.o)
                0x0000000008000190                memchr
 .text          0x0000000008000230      0x378 C:/ST/STM32CubeIDE_1.10.1/STM32CubeIDE/plugins/com.st.stm32cube.ide.mcu.externaltools.gnu-tools-for-stm32.11.3.rel1.win32_1.1.1.202309131626/tools/bin/../lib/gcc/arm-none-eabi/11.3.1/thumb/v7e-m+fp/hard\libgcc.a(_arm_addsubdf3.o)
                0x0000000008000230                __aeabi_drsub
                0x0000000008000238                __aeabi_dsub
                0x0000000008000238                __subdf3
                0x000000000800023c                __aeabi_dadd
                0x000000000800023c                __adddf3
                0x00000000080004b4                __floatunsidf
                0x00000000080004b4                __aeabi_ui2d
                0x00000000080004d4                __floatsidf
                0x00000000080004d4                __aeabi_i2d
                0x00000000080004f8                __aeabi_f2d
                0x00000000080004f8                __extendsfdf2
                0x000000000800053c                __floatundidf
                0x000000000800053c                __aeabi_ul2d
                0x000000000800054c                __floatdidf
                0x000000000800054c                __aeabi_l2d
 .text          0x00000000080005a8       0x30 C:/ST/STM32CubeIDE_1.10.1/STM32CubeIDE/plugins/com.st.stm32cube.ide.mcu.externaltools.gnu-tools-for-stm32.11.3.rel1.win32_1.1.1.202309131626/tools/bin/../lib/gcc/arm-none-eabi/11.3.1/thumb/v7e-m+fp/hard\libgcc.a(_aeabi_uldivmod.o)
                0x00000000080005a8                __aeabi_uldivmod
 .text          0x00000000080005d8      0x2c8 C:/ST/STM32CubeIDE_1.10.1/STM32CubeIDE/plugins/com.st.stm32cube.ide.mcu.externaltools.gnu-tools-for-stm32.11.3.rel1.win32_1.1.1.202309131626/tools/bin/../lib/gcc/arm-none-eabi/11.3.1/thumb/v7e-m+fp/hard\libgcc.a(_udivmoddi4.o)
                0x00000000080005d8                __udivmoddi4
 .text          0x00000000080008a0        0x4 C:/ST/STM32CubeIDE_1.10.1/STM32CubeIDE/plugins/com.st.stm32cube.ide.mcu.externaltools.gnu-tools-for-stm32.11.3.rel1.win32_1.1.1.202309131626/tools/bin/../lib/gcc/arm-none-eabi/11.3.1/thumb/v7e-m+fp/hard\libgcc.a(_dvmd_tls.o)
                0x00000000080008a0                __aeabi_idiv0
                0x00000000080008a0                __aeabi_ldiv0
 *(.text*)
 .text.YACSGL_set_pixel_no_offset
                0x00000000080008a4       0x24 ./3rdparty/YACSGL/src/YACSGL.o
 .text.YACSGL_line_no_check_no_offset
                0x00000000080008c8       0x7c ./3rdparty/YACSGL/src/YACSGL.o
 .text.YACSGL_set_pixel
                0x0000000008000944       0x14 ./3rdparty/YACSGL/src/YACSGL.o
                0x0000000008000944                YACSGL_set_pixel
 .text.YACSGL_rect_fill
                0x0000000008000958       0x7a ./3rdparty/YACSGL/src/YACSGL.o
                0x0000000008000958                YACSGL_rect_fill
 .text.YACSGL_rect_line
                0x00000000080009d2       0xb6 ./3rdparty/YACSGL/src/YACSGL.o
                0x00000000080009d2                YACSGL_rect_line
 .text.YACSGL_font_txt_disp
                0x0000000008000a88      0x144 ./3rdparty/YACSGL/src/YACSGL_font.o
                0x0000000008000a88                YACSGL_font_txt_disp
 .text.YACSWL_label_draw
                0x0000000008000bcc       0x34 ./3rdparty/YACSWL/src/YACSWL_label.o
 .text.YACSWL_label_compute_size
                0x0000000008000c00       0x42 ./3rdparty/YACSWL/src/YACSWL_label.o
 .text.YACSWL_label_resize
                0x0000000008000c42        0xc ./3rdparty/YACSWL/src/YACSWL_label.o
 .text.YACSWL_label_set_text
                0x0000000008000c4e       0x24 ./3rdparty/YACSWL/src/YACSWL_label.o
                0x0000000008000c4e                YACSWL_label_set_text
 *fill*         0x0000000008000c72        0x2 
 .text.YACSWL_label_init
                0x0000000008000c74       0x44 ./3rdparty/YACSWL/src/YACSWL_label.o
                0x0000000008000c74                YACSWL_label_init
 .text.YACSWL_label_set_font
                0x0000000008000cb8       0x12 ./3rdparty/YACSWL/src/YACSWL_label.o
                0x0000000008000cb8                YACSWL_label_set_font
 .text.YACSWL_progress_bar_draw
                0x0000000008000cca       0x2e ./3rdparty/YACSWL/src/YACSWL_progress_bar.o
 .text.YACSWL_progress_bar_init
                0x0000000008000cf8       0x20 ./3rdparty/YACSWL/src/YACSWL_progress_bar.o
                0x0000000008000cf8                YACSWL_progress_bar_init
 .text.YACSWL_widget_update_sizes
                0x0000000008000d18       0x24 ./3rdparty/YACSWL/src/YACSWL_widget.o
 .text.YACSWL_widget_init
                0x0000000008000d3c       0x20 ./3rdparty/YACSWL/src/YACSWL_widget.o
                0x0000000008000d3c                YACSWL_widget_init
 .text.YACSWL_widget_draw
                0x0000000008000d5c       0xac ./3rdparty/YACSWL/src/YACSWL_widget.o
                0x0000000008000d5c                YACSWL_widget_draw
 .text.YACSWL_widget_add_child
                0x0000000008000e08       0x2a ./3rdparty/YACSWL/src/YACSWL_widget.o
                0x0000000008000e08                YACSWL_widget_add_child
 .text.YACSWL_widget_set_pos
                0x0000000008000e32        0xe ./3rdparty/YACSWL/src/YACSWL_widget.o
                0x0000000008000e32                YACSWL_widget_set_pos
 .text.YACSWL_widget_center_width_in_parent
                0x0000000008000e40       0x22 ./3rdparty/YACSWL/src/YACSWL_widget.o
                0x0000000008000e40                YACSWL_widget_center_width_in_parent
 .text.YACSWL_widget_center_height_in_parent
                0x0000000008000e62       0x22 ./3rdparty/YACSWL/src/YACSWL_widget.o
                0x0000000008000e62                YACSWL_widget_center_height_in_parent
 .text.YACSWL_widget_center_in_parent
                0x0000000008000e84       0x1a ./3rdparty/YACSWL/src/YACSWL_widget.o
                0x0000000008000e84                YACSWL_widget_center_in_parent
 .text.YACSWL_widget_get_pos_x
                0x0000000008000e9e        0x6 ./3rdparty/YACSWL/src/YACSWL_widget.o
                0x0000000008000e9e                YACSWL_widget_get_pos_x
 .text.YACSWL_widget_get_pos_y
                0x0000000008000ea4        0x6 ./3rdparty/YACSWL/src/YACSWL_widget.o
                0x0000000008000ea4                YACSWL_widget_get_pos_y
 .text.YACSWL_widget_set_size
                0x0000000008000eaa        0xe ./3rdparty/YACSWL/src/YACSWL_widget.o
                0x0000000008000eaa                YACSWL_widget_set_size
 .text.YACSWL_widget_get_width
                0x0000000008000eb8        0x6 ./3rdparty/YACSWL/src/YACSWL_widget.o
                0x0000000008000eb8                YACSWL_widget_get_width
 .text.YACSWL_widget_get_height
                0x0000000008000ebe        0x6 ./3rdparty/YACSWL/src/YACSWL_widget.o
                0x0000000008000ebe                YACSWL_widget_get_height
 .text.YACSWL_widget_set_border_width
                0x0000000008000ec4        0xc ./3rdparty/YACSWL/src/YACSWL_widget.o
                0x0000000008000ec4                YACSWL_widget_set_border_width
 .text.YACSWL_widget_set_displayed
                0x0000000008000ed0        0x6 ./3rdparty/YACSWL/src/YACSWL_widget.o
                0x0000000008000ed0                YACSWL_widget_set_displayed
 .text.YACSWL_widget_set_foreground_color
                0x0000000008000ed6       0x1a ./3rdparty/YACSWL/src/YACSWL_widget.o
                0x0000000008000ed6                YACSWL_widget_set_foreground_color
 .text.YACSWL_widget_set_background_color
                0x0000000008000ef0       0x1a ./3rdparty/YACSWL/src/YACSWL_widget.o
                0x0000000008000ef0                YACSWL_widget_set_background_color
 *fill*         0x0000000008000f0a        0x2 
 .text.APPD_EnableCPU2
                0x0000000008000f0c       0x38 ./Core/Src/app_debug.o
                0x0000000008000f0c                APPD_EnableCPU2
 .text.ShciUserEvtProcess
                0x0000000008000f44       0x14 ./Core/Src/app_entry.o
 .text.APPE_SysUserEvtRx
                0x0000000008000f58       0x74 ./Core/Src/app_entry.o
 .text.APPE_SysStatusNot
                0x0000000008000fcc       0x20 ./Core/Src/app_entry.o
 .text.MX_APPE_Config
                0x0000000008000fec       0x38 ./Core/Src/app_entry.o
                0x0000000008000fec                MX_APPE_Config
 .text.Init_Exti
                0x0000000008001024       0x14 ./Core/Src/app_entry.o
                0x0000000008001024                Init_Exti
 .text.MX_APPE_Init
                0x0000000008001038       0xd4 ./Core/Src/app_entry.o
                0x0000000008001038                MX_APPE_Init
 .text.HAL_Delay
                0x000000000800110c       0x34 ./Core/Src/app_entry.o
                0x000000000800110c                HAL_Delay
 .text.shci_notify_asynch_evt
                0x0000000008001140       0x10 ./Core/Src/app_entry.o
                0x0000000008001140                shci_notify_asynch_evt
 .text.shci_cmd_resp_release
                0x0000000008001150        0xc ./Core/Src/app_entry.o
                0x0000000008001150                shci_cmd_resp_release
 .text.shci_cmd_resp_wait
                0x000000000800115c       0x10 ./Core/Src/app_entry.o
                0x000000000800115c                shci_cmd_resp_wait
 .text.StartDefaultTask
                0x000000000800116c        0xa ./Core/Src/app_freertos.o
                0x000000000800116c                StartDefaultTask
 *fill*         0x0000000008001176        0x2 
 .text.MX_FREERTOS_Init
                0x0000000008001178       0x20 ./Core/Src/app_freertos.o
                0x0000000008001178                MX_FREERTOS_Init
 .text.MX_DMA_Init
                0x0000000008001198       0x40 ./Core/Src/dma.o
                0x0000000008001198                MX_DMA_Init
 .text.LL_AHB2_GRP1_EnableClock
                0x00000000080011d8       0x18 ./Core/Src/gpio.o
 .text.MX_GPIO_Init
                0x00000000080011f0      0x310 ./Core/Src/gpio.o
                0x00000000080011f0                MX_GPIO_Init
 .text.ReadRtcSsrValue
                0x0000000008001500       0x1c ./Core/Src/hw_timerserver.o
 .text.UnlinkTimer
                0x000000000800151c       0x80 ./Core/Src/hw_timerserver.o
 .text.ReturnTimeElapsed
                0x000000000800159c       0x48 ./Core/Src/hw_timerserver.o
 .text.RescheduleTimerList
                0x00000000080015e4      0x118 ./Core/Src/hw_timerserver.o
 .text.HW_TS_Init
                0x00000000080016fc      0x130 ./Core/Src/hw_timerserver.o
                0x00000000080016fc                HW_TS_Init
 .text.HW_TS_Create
                0x000000000800182c       0x54 ./Core/Src/hw_timerserver.o
                0x000000000800182c                HW_TS_Create
 .text.HW_TS_Stop
                0x0000000008001880       0xb0 ./Core/Src/hw_timerserver.o
                0x0000000008001880                HW_TS_Stop
 .text.HW_TS_Start
                0x0000000008001930      0x158 ./Core/Src/hw_timerserver.o
                0x0000000008001930                HW_TS_Start
 .text.HW_TS_RTC_Int_AppNot
                0x0000000008001a88        0x2 ./Core/Src/hw_timerserver.o
                0x0000000008001a88                HW_TS_RTC_Int_AppNot
 *fill*         0x0000000008001a8a        0x2 
 .text.HW_TS_RTC_Wakeup_Handler
                0x0000000008001a8c       0xc4 ./Core/Src/hw_timerserver.o
                0x0000000008001a8c                HW_TS_RTC_Wakeup_Handler
 .text.HAL_I2C_MspInit
                0x0000000008001b50       0x88 ./Core/Src/i2c.o
                0x0000000008001b50                HAL_I2C_MspInit
 .text.HAL_I2C_MspDeInit
                0x0000000008001bd8       0x38 ./Core/Src/i2c.o
                0x0000000008001bd8                HAL_I2C_MspDeInit
 .text.MX_IPCC_Init
                0x0000000008001c10       0x20 ./Core/Src/ipcc.o
                0x0000000008001c10                MX_IPCC_Init
 .text.HAL_IPCC_MspInit
                0x0000000008001c30       0x50 ./Core/Src/ipcc.o
                0x0000000008001c30                HAL_IPCC_MspInit
 .text.MX_IRTIM_Init
                0x0000000008001c80        0x2 ./Core/Src/irtim.o
                0x0000000008001c80                MX_IRTIM_Init
 *fill*         0x0000000008001c82        0x2 
 .text.__NVIC_SystemReset
                0x0000000008001c84       0x24 ./Core/Src/main.o
 .text.SystemClock_Config
                0x0000000008001ca8       0x98 ./Core/Src/main.o
                0x0000000008001ca8                SystemClock_Config
 .text.PeriphCommonClock_Config
                0x0000000008001d40       0x30 ./Core/Src/main.o
                0x0000000008001d40                PeriphCommonClock_Config
 .text.startup.main
                0x0000000008001d70      0x298 ./Core/Src/main.o
                0x0000000008001d70                main
 .text.HAL_TIM_PeriodElapsedCallback
                0x0000000008002008       0x1a ./Core/Src/main.o
                0x0000000008002008                HAL_TIM_PeriodElapsedCallback
 .text.Error_Handler
                0x0000000008002022        0x4 ./Core/Src/main.o
                0x0000000008002022                Error_Handler
 .text.MX_MEMORYMAP_Init
                0x0000000008002026        0x2 ./Core/Src/memorymap.o
                0x0000000008002026                MX_MEMORYMAP_Init
 .text.MX_RF_Init
                0x0000000008002028        0x2 ./Core/Src/rf.o
                0x0000000008002028                MX_RF_Init
 *fill*         0x000000000800202a        0x2 
 .text.MX_RTC_Init
                0x000000000800202c       0x48 ./Core/Src/rtc.o
                0x000000000800202c                MX_RTC_Init
 .text.HAL_RTC_MspInit
                0x0000000008002074       0x6c ./Core/Src/rtc.o
                0x0000000008002074                HAL_RTC_MspInit
 .text.HAL_SPI_MspInit
                0x00000000080020e0       0x8c ./Core/Src/spi.o
                0x00000000080020e0                HAL_SPI_MspInit
 .text.HAL_MspInit
                0x000000000800216c       0x3a ./Core/Src/stm32wbxx_hal_msp.o
                0x000000000800216c                HAL_MspInit
 *fill*         0x00000000080021a6        0x2 
 .text.HAL_InitTick
                0x00000000080021a8       0x74 ./Core/Src/stm32wbxx_hal_timebase_tim.o
                0x00000000080021a8                HAL_InitTick
 .text.NMI_Handler
                0x000000000800221c        0x2 ./Core/Src/stm32wbxx_it.o
                0x000000000800221c                NMI_Handler
 .text.HardFault_Handler
                0x000000000800221e        0x2 ./Core/Src/stm32wbxx_it.o
                0x000000000800221e                HardFault_Handler
 .text.MemManage_Handler
                0x0000000008002220        0x2 ./Core/Src/stm32wbxx_it.o
                0x0000000008002220                MemManage_Handler
 .text.BusFault_Handler
                0x0000000008002222        0x2 ./Core/Src/stm32wbxx_it.o
                0x0000000008002222                BusFault_Handler
 .text.UsageFault_Handler
                0x0000000008002224        0x2 ./Core/Src/stm32wbxx_it.o
                0x0000000008002224                UsageFault_Handler
 .text.DebugMon_Handler
                0x0000000008002226        0x2 ./Core/Src/stm32wbxx_it.o
                0x0000000008002226                DebugMon_Handler
 .text.RTC_WKUP_IRQHandler
                0x0000000008002228        0x4 ./Core/Src/stm32wbxx_it.o
                0x0000000008002228                RTC_WKUP_IRQHandler
 .text.TIM1_UP_TIM16_IRQHandler
                0x000000000800222c        0xc ./Core/Src/stm32wbxx_it.o
                0x000000000800222c                TIM1_UP_TIM16_IRQHandler
 .text.TIM2_IRQHandler
                0x0000000008002238        0xc ./Core/Src/stm32wbxx_it.o
                0x0000000008002238                TIM2_IRQHandler
 .text.IPCC_C1_RX_IRQHandler
                0x0000000008002244        0x4 ./Core/Src/stm32wbxx_it.o
                0x0000000008002244                IPCC_C1_RX_IRQHandler
 .text.IPCC_C1_TX_IRQHandler
                0x0000000008002248        0x4 ./Core/Src/stm32wbxx_it.o
                0x0000000008002248                IPCC_C1_TX_IRQHandler
 .text.HSEM_IRQHandler
                0x000000000800224c        0x4 ./Core/Src/stm32wbxx_it.o
                0x000000000800224c                HSEM_IRQHandler
 .text.DMA2_Channel4_IRQHandler
                0x0000000008002250        0xc ./Core/Src/stm32wbxx_it.o
                0x0000000008002250                DMA2_Channel4_IRQHandler
 .text.EXTI15_10_IRQHandler
                0x000000000800225c       0x12 ./Core/Src/stm32wbxx_it.o
                0x000000000800225c                EXTI15_10_IRQHandler
 .text._read    0x000000000800226e       0x1c ./Core/Src/syscalls.o
                0x000000000800226e                _read
 .text._write   0x000000000800228a       0x1c ./Core/Src/syscalls.o
                0x000000000800228a                _write
 .text._close   0x00000000080022a6        0x6 ./Core/Src/syscalls.o
                0x00000000080022a6                _close
 .text._fstat   0x00000000080022ac        0xa ./Core/Src/syscalls.o
                0x00000000080022ac                _fstat
 .text._isatty  0x00000000080022b6        0x4 ./Core/Src/syscalls.o
                0x00000000080022b6                _isatty
 .text._lseek   0x00000000080022ba        0x4 ./Core/Src/syscalls.o
                0x00000000080022ba                _lseek
 *fill*         0x00000000080022be        0x2 
 .text._sbrk    0x00000000080022c0       0x40 ./Core/Src/sysmem.o
                0x00000000080022c0                _sbrk
 .text.SystemInit
                0x0000000008002300       0x64 ./Core/Src/system_stm32wbxx.o
                0x0000000008002300                SystemInit
 .text.MX_TIM16_Init
                0x0000000008002364       0x98 ./Core/Src/tim.o
                0x0000000008002364                MX_TIM16_Init
 .text.MX_TIM17_Init
                0x00000000080023fc       0x98 ./Core/Src/tim.o
                0x00000000080023fc                MX_TIM17_Init
 .text.HAL_TIM_Base_MspInit
                0x0000000008002494       0x94 ./Core/Src/tim.o
                0x0000000008002494                HAL_TIM_Base_MspInit
 .text.MX_USART1_UART_Init
                0x0000000008002528       0x64 ./Core/Src/usart.o
                0x0000000008002528                MX_USART1_UART_Init
 .text.HAL_UART_MspInit
                0x000000000800258c       0xbc ./Core/Src/usart.o
                0x000000000800258c                HAL_UART_MspInit
 .text.VL53L0X_GetDeviceInfo
                0x0000000008002648        0x4 ./Core/Src/vl53l0x/vl53l0x_api.o
                0x0000000008002648                VL53L0X_GetDeviceInfo
 .text.VL53L0X_SetDeviceMode
                0x000000000800264c       0x1c ./Core/Src/vl53l0x/vl53l0x_api.o
                0x000000000800264c                VL53L0X_SetDeviceMode
 .text.VL53L0X_GetFractionEnable
                0x0000000008002668       0x18 ./Core/Src/vl53l0x/vl53l0x_api.o
                0x0000000008002668                VL53L0X_GetFractionEnable
 .text.VL53L0X_SetMeasurementTimingBudgetMicroSeconds
                0x0000000008002680        0x4 ./Core/Src/vl53l0x/vl53l0x_api.o
                0x0000000008002680                VL53L0X_SetMeasurementTimingBudgetMicroSeconds
 .text.VL53L0X_SetVcselPulsePeriod
                0x0000000008002684        0x4 ./Core/Src/vl53l0x/vl53l0x_api.o
                0x0000000008002684                VL53L0X_SetVcselPulsePeriod
 .text.VL53L0X_GetVcselPulsePeriod
                0x0000000008002688        0x4 ./Core/Src/vl53l0x/vl53l0x_api.o
                0x0000000008002688                VL53L0X_GetVcselPulsePeriod
 .text.VL53L0X_SetSequenceStepEnable
                0x000000000800268c       0xa4 ./Core/Src/vl53l0x/vl53l0x_api.o
                0x000000000800268c                VL53L0X_SetSequenceStepEnable
 .text.VL53L0X_GetSequenceStepEnables
                0x0000000008002730       0x3a ./Core/Src/vl53l0x/vl53l0x_api.o
                0x0000000008002730                VL53L0X_GetSequenceStepEnables
 .text.VL53L0X_GetSequenceStepTimeout
                0x000000000800276a       0x30 ./Core/Src/vl53l0x/vl53l0x_api.o
                0x000000000800276a                VL53L0X_GetSequenceStepTimeout
 .text.VL53L0X_GetInterMeasurementPeriodMilliSeconds
                0x000000000800279a       0x34 ./Core/Src/vl53l0x/vl53l0x_api.o
                0x000000000800279a                VL53L0X_GetInterMeasurementPeriodMilliSeconds
 .text.VL53L0X_GetXTalkCompensationEnable
                0x00000000080027ce        0x8 ./Core/Src/vl53l0x/vl53l0x_api.o
                0x00000000080027ce                VL53L0X_GetXTalkCompensationEnable
 .text.VL53L0X_GetXTalkCompensationRateMegaCps
                0x00000000080027d6       0x2e ./Core/Src/vl53l0x/vl53l0x_api.o
                0x00000000080027d6                VL53L0X_GetXTalkCompensationRateMegaCps
 .text.VL53L0X_SetLimitCheckEnable
                0x0000000008002804       0x7e ./Core/Src/vl53l0x/vl53l0x_api.o
                0x0000000008002804                VL53L0X_SetLimitCheckEnable
 .text.VL53L0X_GetLimitCheckEnable
                0x0000000008002882       0x18 ./Core/Src/vl53l0x/vl53l0x_api.o
                0x0000000008002882                VL53L0X_GetLimitCheckEnable
 .text.VL53L0X_SetLimitCheckValue
                0x000000000800289a       0x5a ./Core/Src/vl53l0x/vl53l0x_api.o
                0x000000000800289a                VL53L0X_SetLimitCheckValue
 .text.VL53L0X_GetLimitCheckValue
                0x00000000080028f4       0x6a ./Core/Src/vl53l0x/vl53l0x_api.o
                0x00000000080028f4                VL53L0X_GetLimitCheckValue
 .text.VL53L0X_GetWrapAroundCheckEnable
                0x000000000800295e       0x26 ./Core/Src/vl53l0x/vl53l0x_api.o
                0x000000000800295e                VL53L0X_GetWrapAroundCheckEnable
 .text.VL53L0X_GetDeviceParameters
                0x0000000008002984       0x76 ./Core/Src/vl53l0x/vl53l0x_api.o
                0x0000000008002984                VL53L0X_GetDeviceParameters
 *fill*         0x00000000080029fa        0x2 
 .text.VL53L0X_DataInit
                0x00000000080029fc       0xf4 ./Core/Src/vl53l0x/vl53l0x_api.o
                0x00000000080029fc                VL53L0X_DataInit
 .text.VL53L0X_PerformRefCalibration
                0x0000000008002af0        0x6 ./Core/Src/vl53l0x/vl53l0x_api.o
                0x0000000008002af0                VL53L0X_PerformRefCalibration
 .text.VL53L0X_GetRangingMeasurementData
                0x0000000008002af6      0x128 ./Core/Src/vl53l0x/vl53l0x_api.o
                0x0000000008002af6                VL53L0X_GetRangingMeasurementData
 *fill*         0x0000000008002c1e        0x2 
 .text.VL53L0X_GetInterruptThresholds
                0x0000000008002c20       0x40 ./Core/Src/vl53l0x/vl53l0x_api.o
                0x0000000008002c20                VL53L0X_GetInterruptThresholds
 .text.VL53L0X_CheckAndLoadInterruptSettings
                0x0000000008002c60       0x84 ./Core/Src/vl53l0x/vl53l0x_api.o
                0x0000000008002c60                VL53L0X_CheckAndLoadInterruptSettings
 .text.VL53L0X_StartMeasurement
                0x0000000008002ce4       0x7e ./Core/Src/vl53l0x/vl53l0x_api.o
                0x0000000008002ce4                VL53L0X_StartMeasurement
 .text.VL53L0X_PerformSingleMeasurement
                0x0000000008002d62       0x28 ./Core/Src/vl53l0x/vl53l0x_api.o
                0x0000000008002d62                VL53L0X_PerformSingleMeasurement
 .text.VL53L0X_ClearInterruptMask
                0x0000000008002d8a       0x5a ./Core/Src/vl53l0x/vl53l0x_api.o
                0x0000000008002d8a                VL53L0X_ClearInterruptMask
 .text.VL53L0X_PerformSingleRangingMeasurement
                0x0000000008002de4       0x2c ./Core/Src/vl53l0x/vl53l0x_api.o
                0x0000000008002de4                VL53L0X_PerformSingleRangingMeasurement
 .text.VL53L0X_SetGpioConfig.part.0
                0x0000000008002e10      0x116 ./Core/Src/vl53l0x/vl53l0x_api.o
 *fill*         0x0000000008002f26        0x2 
 .text.VL53L0X_StaticInit
                0x0000000008002f28      0x1a8 ./Core/Src/vl53l0x/vl53l0x_api.o
                0x0000000008002f28                VL53L0X_StaticInit
 .text.VL53L0X_GetInterruptMaskStatus
                0x00000000080030d0       0x26 ./Core/Src/vl53l0x/vl53l0x_api.o
                0x00000000080030d0                VL53L0X_GetInterruptMaskStatus
 .text.VL53L0X_GetMeasurementDataReady
                0x00000000080030f6       0x3c ./Core/Src/vl53l0x/vl53l0x_api.o
                0x00000000080030f6                VL53L0X_GetMeasurementDataReady
 .text.VL53L0X_PerformRefSpadManagement
                0x0000000008003132        0x4 ./Core/Src/vl53l0x/vl53l0x_api.o
                0x0000000008003132                VL53L0X_PerformRefSpadManagement
 .text.VL53L0X_get_offset_calibration_data_micro_meter
                0x0000000008003136       0x34 ./Core/Src/vl53l0x/vl53l0x_api_calibration.o
                0x0000000008003136                VL53L0X_get_offset_calibration_data_micro_meter
 .text.get_next_good_spad
                0x000000000800316a       0x46 ./Core/Src/vl53l0x/vl53l0x_api_calibration.o
                0x000000000800316a                get_next_good_spad
 .text.is_aperture
                0x00000000080031b0       0x14 ./Core/Src/vl53l0x/vl53l0x_api_calibration.o
                0x00000000080031b0                is_aperture
 .text.enable_spad_bit
                0x00000000080031c4       0x24 ./Core/Src/vl53l0x/vl53l0x_api_calibration.o
                0x00000000080031c4                enable_spad_bit
 .text.set_ref_spad_map
                0x00000000080031e8        0xa ./Core/Src/vl53l0x/vl53l0x_api_calibration.o
                0x00000000080031e8                set_ref_spad_map
 .text.get_ref_spad_map
                0x00000000080031f2        0xa ./Core/Src/vl53l0x/vl53l0x_api_calibration.o
                0x00000000080031f2                get_ref_spad_map
 .text.enable_ref_spads
                0x00000000080031fc       0x90 ./Core/Src/vl53l0x/vl53l0x_api_calibration.o
                0x00000000080031fc                enable_ref_spads
 .text.perform_ref_signal_measurement
                0x000000000800328c       0x58 ./Core/Src/vl53l0x/vl53l0x_api_calibration.o
                0x000000000800328c                perform_ref_signal_measurement
 .text.VL53L0X_set_reference_spads
                0x00000000080032e4       0x98 ./Core/Src/vl53l0x/vl53l0x_api_calibration.o
                0x00000000080032e4                VL53L0X_set_reference_spads
 .text.VL53L0X_perform_single_ref_calibration
                0x000000000800337c       0x32 ./Core/Src/vl53l0x/vl53l0x_api_calibration.o
                0x000000000800337c                VL53L0X_perform_single_ref_calibration
 .text.VL53L0X_ref_calibration_io
                0x00000000080033ae       0xd6 ./Core/Src/vl53l0x/vl53l0x_api_calibration.o
                0x00000000080033ae                VL53L0X_ref_calibration_io
 .text.VL53L0X_perform_vhv_calibration
                0x0000000008003484       0x8a ./Core/Src/vl53l0x/vl53l0x_api_calibration.o
                0x0000000008003484                VL53L0X_perform_vhv_calibration
 .text.VL53L0X_perform_phase_calibration
                0x000000000800350e       0x86 ./Core/Src/vl53l0x/vl53l0x_api_calibration.o
                0x000000000800350e                VL53L0X_perform_phase_calibration
 .text.VL53L0X_perform_ref_calibration
                0x0000000008003594       0x38 ./Core/Src/vl53l0x/vl53l0x_api_calibration.o
                0x0000000008003594                VL53L0X_perform_ref_calibration
 .text.VL53L0X_perform_ref_spad_management
                0x00000000080035cc      0x250 ./Core/Src/vl53l0x/vl53l0x_api_calibration.o
                0x00000000080035cc                VL53L0X_perform_ref_spad_management
 .text.VL53L0X_measurement_poll_for_completion
                0x000000000800381c       0x34 ./Core/Src/vl53l0x/vl53l0x_api_core.o
                0x000000000800381c                VL53L0X_measurement_poll_for_completion
 .text.VL53L0X_isqrt
                0x0000000008003850       0x26 ./Core/Src/vl53l0x/vl53l0x_api_core.o
                0x0000000008003850                VL53L0X_isqrt
 .text.VL53L0X_device_read_strobe
                0x0000000008003876       0x44 ./Core/Src/vl53l0x/vl53l0x_api_core.o
                0x0000000008003876                VL53L0X_device_read_strobe
 .text.VL53L0X_get_info_from_device
                0x00000000080038ba      0x560 ./Core/Src/vl53l0x/vl53l0x_api_core.o
                0x00000000080038ba                VL53L0X_get_info_from_device
 .text.VL53L0X_encode_timeout
                0x0000000008003e1a       0x1e ./Core/Src/vl53l0x/vl53l0x_api_core.o
                0x0000000008003e1a                VL53L0X_encode_timeout
 .text.VL53L0X_decode_timeout
                0x0000000008003e38        0xc ./Core/Src/vl53l0x/vl53l0x_api_core.o
                0x0000000008003e38                VL53L0X_decode_timeout
 .text.VL53L0X_calc_timeout_mclks
                0x0000000008003e44       0x28 ./Core/Src/vl53l0x/vl53l0x_api_core.o
                0x0000000008003e44                VL53L0X_calc_timeout_mclks
 .text.VL53L0X_calc_timeout_us
                0x0000000008003e6c       0x28 ./Core/Src/vl53l0x/vl53l0x_api_core.o
                0x0000000008003e6c                VL53L0X_calc_timeout_us
 .text.get_sequence_step_timeout
                0x0000000008003e94       0xfe ./Core/Src/vl53l0x/vl53l0x_api_core.o
                0x0000000008003e94                get_sequence_step_timeout
 .text.set_sequence_step_timeout
                0x0000000008003f92      0x110 ./Core/Src/vl53l0x/vl53l0x_api_core.o
                0x0000000008003f92                set_sequence_step_timeout
 .text.VL53L0X_set_vcsel_pulse_period
                0x00000000080040a2      0x1f8 ./Core/Src/vl53l0x/vl53l0x_api_core.o
                0x00000000080040a2                VL53L0X_set_vcsel_pulse_period
 .text.VL53L0X_get_vcsel_pulse_period
                0x000000000800429a       0x34 ./Core/Src/vl53l0x/vl53l0x_api_core.o
                0x000000000800429a                VL53L0X_get_vcsel_pulse_period
 .text.VL53L0X_set_measurement_timing_budget_micro_seconds
                0x00000000080042ce       0xd0 ./Core/Src/vl53l0x/vl53l0x_api_core.o
                0x00000000080042ce                VL53L0X_set_measurement_timing_budget_micro_seconds
 .text.VL53L0X_get_measurement_timing_budget_micro_seconds
                0x000000000800439e       0xca ./Core/Src/vl53l0x/vl53l0x_api_core.o
                0x000000000800439e                VL53L0X_get_measurement_timing_budget_micro_seconds
 .text.VL53L0X_load_tuning_settings
                0x0000000008004468       0xa8 ./Core/Src/vl53l0x/vl53l0x_api_core.o
                0x0000000008004468                VL53L0X_load_tuning_settings
 .text.VL53L0X_get_total_xtalk_rate
                0x0000000008004510       0x2c ./Core/Src/vl53l0x/vl53l0x_api_core.o
                0x0000000008004510                VL53L0X_get_total_xtalk_rate
 .text.VL53L0X_get_total_signal_rate
                0x000000000800453c       0x1c ./Core/Src/vl53l0x/vl53l0x_api_core.o
                0x000000000800453c                VL53L0X_get_total_signal_rate
 .text.VL53L0X_calc_dmax
                0x0000000008004558       0xd8 ./Core/Src/vl53l0x/vl53l0x_api_core.o
                0x0000000008004558                VL53L0X_calc_dmax
 .text.VL53L0X_calc_sigma_estimate
                0x0000000008004630      0x1f8 ./Core/Src/vl53l0x/vl53l0x_api_core.o
                0x0000000008004630                VL53L0X_calc_sigma_estimate
 .text.VL53L0X_get_pal_range_status
                0x0000000008004828      0x200 ./Core/Src/vl53l0x/vl53l0x_api_core.o
                0x0000000008004828                VL53L0X_get_pal_range_status
 .text.VL53L0X_check_part_used
                0x0000000008004a28       0x38 ./Core/Src/vl53l0x/vl53l0x_api_strings.o
                0x0000000008004a28                VL53L0X_check_part_used
 .text.VL53L0X_get_device_info
                0x0000000008004a60       0x84 ./Core/Src/vl53l0x/vl53l0x_api_strings.o
                0x0000000008004a60                VL53L0X_get_device_info
 .text._I2CWrite
                0x0000000008004ae4       0x1e ./Core/Src/vl53l0x/vl53l0x_tof.o
                0x0000000008004ae4                _I2CWrite
 .text._I2CRead
                0x0000000008004b02       0x20 ./Core/Src/vl53l0x/vl53l0x_tof.o
                0x0000000008004b02                _I2CRead
 .text.VL53L0X_RdByte
                0x0000000008004b22       0x2a ./Core/Src/vl53l0x/vl53l0x_tof.o
                0x0000000008004b22                VL53L0X_RdByte
 .text.VL53L0X_WriteMulti
                0x0000000008004b4c       0x3c ./Core/Src/vl53l0x/vl53l0x_tof.o
                0x0000000008004b4c                VL53L0X_WriteMulti
 .text.VL53L0X_ReadMulti
                0x0000000008004b88       0x2c ./Core/Src/vl53l0x/vl53l0x_tof.o
                0x0000000008004b88                VL53L0X_ReadMulti
 .text.VL53L0X_RdWord
                0x0000000008004bb4       0x40 ./Core/Src/vl53l0x/vl53l0x_tof.o
                0x0000000008004bb4                VL53L0X_RdWord
 .text.VL53L0X_RdDWord
                0x0000000008004bf4       0x4c ./Core/Src/vl53l0x/vl53l0x_tof.o
                0x0000000008004bf4                VL53L0X_RdDWord
 .text.VL53L0X_WrByte
                0x0000000008004c40       0x20 ./Core/Src/vl53l0x/vl53l0x_tof.o
                0x0000000008004c40                VL53L0X_WrByte
 .text.VL53L0X_WrWord
                0x0000000008004c60       0x24 ./Core/Src/vl53l0x/vl53l0x_tof.o
                0x0000000008004c60                VL53L0X_WrWord
 .text.VL53L0X_UpdateByte
                0x0000000008004c84       0x2e ./Core/Src/vl53l0x/vl53l0x_tof.o
                0x0000000008004c84                VL53L0X_UpdateByte
 .text.VL53L0X_PollingDelay
                0x0000000008004cb2        0xc ./Core/Src/vl53l0x/vl53l0x_tof.o
                0x0000000008004cb2                VL53L0X_PollingDelay
 *fill*         0x0000000008004cbe        0x2 
 .text.SetupSingleShot
                0x0000000008004cc0      0x100 ./Core/Src/vl53l0x/vl53l0x_tof.o
                0x0000000008004cc0                SetupSingleShot
 .text.data_initializers
                0x0000000008004dc0       0x18 ./Core/Startup/startup_stm32wb5mmghx.o
 .text.Reset_Handler
                0x0000000008004dd8       0x58 ./Core/Startup/startup_stm32wb5mmghx.o
                0x0000000008004dd8                Reset_Handler
 .text.Default_Handler
                0x0000000008004e30        0x2 ./Core/Startup/startup_stm32wb5mmghx.o
                0x0000000008004e30                RTC_Alarm_IRQHandler
                0x0000000008004e30                EXTI2_IRQHandler
                0x0000000008004e30                TIM1_CC_IRQHandler
                0x0000000008004e30                TSC_IRQHandler
                0x0000000008004e30                USB_HP_IRQHandler
                0x0000000008004e30                EXTI3_IRQHandler
                0x0000000008004e30                LPTIM2_IRQHandler
                0x0000000008004e30                I2C3_ER_IRQHandler
                0x0000000008004e30                EXTI0_IRQHandler
                0x0000000008004e30                FPU_IRQHandler
                0x0000000008004e30                AES1_IRQHandler
                0x0000000008004e30                SPI1_IRQHandler
                0x0000000008004e30                PWR_SOTF_BLEACT_802ACT_RFPHASE_IRQHandler
                0x0000000008004e30                DMA2_Channel2_IRQHandler
                0x0000000008004e30                DMA1_Channel4_IRQHandler
                0x0000000008004e30                ADC1_IRQHandler
                0x0000000008004e30                PKA_IRQHandler
                0x0000000008004e30                DMA1_Channel7_IRQHandler
                0x0000000008004e30                LCD_IRQHandler
                0x0000000008004e30                DMA2_Channel1_IRQHandler
                0x0000000008004e30                QUADSPI_IRQHandler
                0x0000000008004e30                I2C1_EV_IRQHandler
                0x0000000008004e30                DMAMUX1_OVR_IRQHandler
                0x0000000008004e30                DMA1_Channel6_IRQHandler
                0x0000000008004e30                RCC_IRQHandler
                0x0000000008004e30                DMA1_Channel1_IRQHandler
                0x0000000008004e30                Default_Handler
                0x0000000008004e30                DMA2_Channel7_IRQHandler
                0x0000000008004e30                C2SEV_PWR_C2H_IRQHandler
                0x0000000008004e30                AES2_IRQHandler
                0x0000000008004e30                I2C3_EV_IRQHandler
                0x0000000008004e30                EXTI9_5_IRQHandler
                0x0000000008004e30                PVD_PVM_IRQHandler
                0x0000000008004e30                SPI2_IRQHandler
                0x0000000008004e30                DMA2_Channel5_IRQHandler
                0x0000000008004e30                CRS_IRQHandler
                0x0000000008004e30                DMA1_Channel5_IRQHandler
                0x0000000008004e30                USB_LP_IRQHandler
                0x0000000008004e30                EXTI4_IRQHandler
                0x0000000008004e30                RNG_IRQHandler
                0x0000000008004e30                TIM1_TRG_COM_TIM17_IRQHandler
                0x0000000008004e30                TAMP_STAMP_LSECSS_IRQHandler
                0x0000000008004e30                DMA1_Channel3_IRQHandler
                0x0000000008004e30                COMP_IRQHandler
                0x0000000008004e30                WWDG_IRQHandler
                0x0000000008004e30                LPUART1_IRQHandler
                0x0000000008004e30                DMA2_Channel6_IRQHandler
                0x0000000008004e30                TIM1_BRK_IRQHandler
                0x0000000008004e30                EXTI1_IRQHandler
                0x0000000008004e30                DMA1_Channel2_IRQHandler
                0x0000000008004e30                FLASH_IRQHandler
                0x0000000008004e30                USART1_IRQHandler
                0x0000000008004e30                I2C1_ER_IRQHandler
                0x0000000008004e30                LPTIM1_IRQHandler
                0x0000000008004e30                SAI1_IRQHandler
                0x0000000008004e30                DMA2_Channel3_IRQHandler
 *fill*         0x0000000008004e32        0x2 
 .text.vHMICM_enter_edit
                0x0000000008004e34       0x10 ./Core/task/src/HMI_screen_ctrl_mode.o
                0x0000000008004e34                vHMICM_enter_edit
 .text.vHMICM_cancel_edit
                0x0000000008004e44       0x10 ./Core/task/src/HMI_screen_ctrl_mode.o
                0x0000000008004e44                vHMICM_cancel_edit
 .text.vHMICM_init
                0x0000000008004e54       0xe8 ./Core/task/src/HMI_screen_ctrl_mode.o
                0x0000000008004e54                vHMICM_init
 .text.vHMICM_enter_screen
                0x0000000008004f3c       0x18 ./Core/task/src/HMI_screen_ctrl_mode.o
                0x0000000008004f3c                vHMICM_enter_screen
 .text.vHMICM_leave_screen
                0x0000000008004f54       0x18 ./Core/task/src/HMI_screen_ctrl_mode.o
                0x0000000008004f54                vHMICM_leave_screen
 .text.vHMICM_update
                0x0000000008004f6c       0x94 ./Core/task/src/HMI_screen_ctrl_mode.o
                0x0000000008004f6c                vHMICM_update
 .text.vHMICM_validate_edit
                0x0000000008005000       0x30 ./Core/task/src/HMI_screen_ctrl_mode.o
                0x0000000008005000                vHMICM_validate_edit
 .text.vHMIHM_enter_edit
                0x0000000008005030       0x10 ./Core/task/src/HMI_screen_heating_mode.o
                0x0000000008005030                vHMIHM_enter_edit
 .text.vHMIHM_cancel_edit
                0x0000000008005040       0x10 ./Core/task/src/HMI_screen_heating_mode.o
                0x0000000008005040                vHMIHM_cancel_edit
 .text.vHMIHM_init
                0x0000000008005050       0xe8 ./Core/task/src/HMI_screen_heating_mode.o
                0x0000000008005050                vHMIHM_init
 .text.vHMIHM_enter_screen
                0x0000000008005138       0x18 ./Core/task/src/HMI_screen_heating_mode.o
                0x0000000008005138                vHMIHM_enter_screen
 .text.vHMIHM_leave_screen
                0x0000000008005150       0x18 ./Core/task/src/HMI_screen_heating_mode.o
                0x0000000008005150                vHMIHM_leave_screen
 .text.vHMIHM_update
                0x0000000008005168       0xa8 ./Core/task/src/HMI_screen_heating_mode.o
                0x0000000008005168                vHMIHM_update
 .text.vHMIHM_validate_edit
                0x0000000008005210       0x34 ./Core/task/src/HMI_screen_heating_mode.o
                0x0000000008005210                vHMIHM_validate_edit
 .text.vHMISM_init
                0x0000000008005244       0xa4 ./Core/task/src/HMI_screen_main.o
                0x0000000008005244                vHMISM_init
 .text.vHMISM_enter_screen
                0x00000000080052e8       0x18 ./Core/task/src/HMI_screen_main.o
                0x00000000080052e8                vHMISM_enter_screen
 .text.vHMISM_leave_screen
                0x0000000008005300       0x18 ./Core/task/src/HMI_screen_main.o
                0x0000000008005300                vHMISM_leave_screen
 .text.vHMISM_update
                0x0000000008005318       0x44 ./Core/task/src/HMI_screen_main.o
                0x0000000008005318                vHMISM_update
 .text.vHMITS_enter_edit
                0x000000000800535c       0x10 ./Core/task/src/HMI_screen_temperature_setpoint.o
                0x000000000800535c                vHMITS_enter_edit
 .text.vHMITS_cancel_edit
                0x000000000800536c       0x10 ./Core/task/src/HMI_screen_temperature_setpoint.o
                0x000000000800536c                vHMITS_cancel_edit
 .text.vHMITS_init
                0x000000000800537c       0xe8 ./Core/task/src/HMI_screen_temperature_setpoint.o
                0x000000000800537c                vHMITS_init
 .text.vHMITS_enter_screen
                0x0000000008005464       0x18 ./Core/task/src/HMI_screen_temperature_setpoint.o
                0x0000000008005464                vHMITS_enter_screen
 .text.vHMITS_leave_screen
                0x000000000800547c       0x18 ./Core/task/src/HMI_screen_temperature_setpoint.o
                0x000000000800547c                vHMITS_leave_screen
 .text.vHMITS_validate_edit
                0x0000000008005494       0x34 ./Core/task/src/HMI_screen_temperature_setpoint.o
                0x0000000008005494                vHMITS_validate_edit
 .text.vHMITS_update
                0x00000000080054c8       0xb4 ./Core/task/src/HMI_screen_temperature_setpoint.o
                0x00000000080054c8                vHMITS_update
 .text.vHMISB_init
                0x000000000800557c      0x16c ./Core/task/src/HMI_status_bar.o
                0x000000000800557c                vHMISB_init
 .text.vHMISB_update
                0x00000000080056e8       0x70 ./Core/task/src/HMI_status_bar.o
                0x00000000080056e8                vHMISB_update
 .text.u16HMISB_get_height
                0x0000000008005758        0xc ./Core/task/src/HMI_status_bar.o
                0x0000000008005758                u16HMISB_get_height
 .text.SIRC_Encode_Init
                0x0000000008005764      0x154 ./Core/task/src/ir_atl_encode.o
                0x0000000008005764                SIRC_Encode_Init
 .text.SIRC_Encode_SignalGenerate
                0x00000000080058b8       0xc0 ./Core/task/src/ir_atl_encode.o
                0x00000000080058b8                SIRC_Encode_SignalGenerate
 .text.IRATL_PWForm_position_pulse
                0x0000000008005978       0x2c ./Core/task/src/ir_atl_encode.o
                0x0000000008005978                IRATL_PWForm_position_pulse
 .text.IRATL_PWForm_append_bit_zero
                0x00000000080059a4       0x20 ./Core/task/src/ir_atl_encode.o
                0x00000000080059a4                IRATL_PWForm_append_bit_zero
 .text.IRATL_PwForm_append_bit_one
                0x00000000080059c4       0x20 ./Core/task/src/ir_atl_encode.o
                0x00000000080059c4                IRATL_PwForm_append_bit_one
 .text.IRATL_transmit_frame
                0x00000000080059e4       0x8c ./Core/task/src/ir_atl_encode.o
                0x00000000080059e4                IRATL_transmit_frame
 .text.HAL_TIM_PeriodElapsedCallback_IR
                0x0000000008005a70       0x20 ./Core/task/src/ir_common.o
                0x0000000008005a70                HAL_TIM_PeriodElapsedCallback_IR
 .text.TIM_ForcedOC1Config
                0x0000000008005a90       0x18 ./Core/task/src/ir_common.o
                0x0000000008005a90                TIM_ForcedOC1Config
 .text.BLE_handle_incomming_message
                0x0000000008005aa8       0x44 ./Core/task/src/tsk_BLE.o
                0x0000000008005aa8                BLE_handle_incomming_message
 .text.vBLE_task
                0x0000000008005aec       0xc0 ./Core/task/src/tsk_BLE.o
                0x0000000008005aec                vBLE_task
 .text.HMI_init_display
                0x0000000008005bac       0x44 ./Core/task/src/tsk_HMI.o
                0x0000000008005bac                HMI_init_display
 .text.HMI_set_screen_label
                0x0000000008005bf0       0x18 ./Core/task/src/tsk_HMI.o
                0x0000000008005bf0                HMI_set_screen_label
 .text.HMI_init_widget
                0x0000000008005c08      0x114 ./Core/task/src/tsk_HMI.o
                0x0000000008005c08                HMI_init_widget
 .text.HMI_handle_incomming_messages_clim_status_mode
                0x0000000008005d1c       0x20 ./Core/task/src/tsk_HMI.o
                0x0000000008005d1c                HMI_handle_incomming_messages_clim_status_mode
 .text.HMI_handle_incomming_messages_feedback
                0x0000000008005d3c       0x60 ./Core/task/src/tsk_HMI.o
                0x0000000008005d3c                HMI_handle_incomming_messages_feedback
 .text.HMI_handle_incomming_messages_range
                0x0000000008005d9c       0x2c ./Core/task/src/tsk_HMI.o
                0x0000000008005d9c                HMI_handle_incomming_messages_range
 .text.HMI_btn_cb_enter_leaved_edit_mode
                0x0000000008005dc8       0x5c ./Core/task/src/tsk_HMI.o
                0x0000000008005dc8                HMI_btn_cb_enter_leaved_edit_mode
 .text.HMI_cancel_edit_mode
                0x0000000008005e24       0x24 ./Core/task/src/tsk_HMI.o
                0x0000000008005e24                HMI_cancel_edit_mode
 .text.HMI_go_to_main_screen
                0x0000000008005e48       0x40 ./Core/task/src/tsk_HMI.o
                0x0000000008005e48                HMI_go_to_main_screen
 .text.HMI_evaluate_autotransition_to_main
                0x0000000008005e88       0x2c ./Core/task/src/tsk_HMI.o
                0x0000000008005e88                HMI_evaluate_autotransition_to_main
 .text.HMI_btn_cb_go_to_next_screen
                0x0000000008005eb4       0x60 ./Core/task/src/tsk_HMI.o
                0x0000000008005eb4                HMI_btn_cb_go_to_next_screen
 .text.HMI_handle_incomming_messages_btn
                0x0000000008005f14       0x34 ./Core/task/src/tsk_HMI.o
                0x0000000008005f14                HMI_handle_incomming_messages_btn
 .text.HMI_handle_incomming_messages
                0x0000000008005f48       0x4e ./Core/task/src/tsk_HMI.o
                0x0000000008005f48                HMI_handle_incomming_messages
 .text.HMI_init_button
                0x0000000008005f96       0x16 ./Core/task/src/tsk_HMI.o
                0x0000000008005f96                HMI_init_button
 .text.vHMI_task
                0x0000000008005fac      0x10c ./Core/task/src/tsk_HMI.o
                0x0000000008005fac                vHMI_task
 .text.BSP_PB_Callback
                0x00000000080060b8       0x3c ./Core/task/src/tsk_HMI.o
                0x00000000080060b8                BSP_PB_Callback
 .text.IRATL_handle_incomming_message
                0x00000000080060f4       0x24 ./Core/task/src/tsk_IR_ATL.o
                0x00000000080060f4                IRATL_handle_incomming_message
 .text.IRATL_build_and_send_off_message
                0x0000000008006118       0x12 ./Core/task/src/tsk_IR_ATL.o
                0x0000000008006118                IRATL_build_and_send_off_message
 .text.IRATL_build_and_send_on_message
                0x000000000800612a       0x74 ./Core/task/src/tsk_IR_ATL.o
                0x000000000800612a                IRATL_build_and_send_on_message
 *fill*         0x000000000800619e        0x2 
 .text.IRATL_evaluate_sending_over_IR
                0x00000000080061a0       0x50 ./Core/task/src/tsk_IR_ATL.o
                0x00000000080061a0                IRATL_evaluate_sending_over_IR
 .text.vIRATL_task
                0x00000000080061f0       0x6c ./Core/task/src/tsk_IR_ATL.o
                0x00000000080061f0                vIRATL_task
 .text.MAIN_send_hmi_feedback_clim_status
                0x000000000800625c       0x2c ./Core/task/src/tsk_MAIN.o
                0x000000000800625c                MAIN_send_hmi_feedback_clim_status
 .text.MAIN_send_hmi_feedback_ble_status
                0x0000000008006288       0x28 ./Core/task/src/tsk_MAIN.o
                0x0000000008006288                MAIN_send_hmi_feedback_ble_status
 .text.MAIN_send_hmi_feedback_ctrl_mode
                0x00000000080062b0       0x1c ./Core/task/src/tsk_MAIN.o
                0x00000000080062b0                MAIN_send_hmi_feedback_ctrl_mode
 .text.MAIN_init
                0x00000000080062cc       0x40 ./Core/task/src/tsk_MAIN.o
                0x00000000080062cc                MAIN_init
 .text.MAIN_send_hmi_feedback_temperature
                0x000000000800630c       0x28 ./Core/task/src/tsk_MAIN.o
                0x000000000800630c                MAIN_send_hmi_feedback_temperature
 .text.MAIN_handle_incom_msgs_temperature
                0x0000000008006334       0x54 ./Core/task/src/tsk_MAIN.o
                0x0000000008006334                MAIN_handle_incom_msgs_temperature
 .text.MAIN_send_IR_setpoint
                0x0000000008006388       0x24 ./Core/task/src/tsk_MAIN.o
                0x0000000008006388                MAIN_send_IR_setpoint
 .text.MAIN_handle_incom_msgs_hmi_setpoint_temperature
                0x00000000080063ac       0x2c ./Core/task/src/tsk_MAIN.o
                0x00000000080063ac                MAIN_handle_incom_msgs_hmi_setpoint_temperature
 .text.MAIN_handle_incom_msgs_hmi_setpoint_clim_mode
                0x00000000080063d8       0x2c ./Core/task/src/tsk_MAIN.o
                0x00000000080063d8                MAIN_handle_incom_msgs_hmi_setpoint_clim_mode
 .text.MAIN_handle_incom_msgs_hmi_setpoint_ctrlmode
                0x0000000008006404       0x24 ./Core/task/src/tsk_MAIN.o
                0x0000000008006404                MAIN_handle_incom_msgs_hmi_setpoint_ctrlmode
 .text.MAIN_handle_incom_msgs_hmi_setpoint
                0x0000000008006428       0x68 ./Core/task/src/tsk_MAIN.o
                0x0000000008006428                MAIN_handle_incom_msgs_hmi_setpoint
 .text.MAIN_handle_incom_msgs
                0x0000000008006490       0x44 ./Core/task/src/tsk_MAIN.o
                0x0000000008006490                MAIN_handle_incom_msgs
 .text.vMAIN_task
                0x00000000080064d4       0xb0 ./Core/task/src/tsk_MAIN.o
                0x00000000080064d4                vMAIN_task
 .text.vTEMP_task
                0x0000000008006584       0xc8 ./Core/task/src/tsk_TEMP.o
                0x0000000008006584                vTEMP_task
 .text.vTOF_task
                0x000000000800664c      0x138 ./Core/task/src/tsk_TOF.o
                0x000000000800664c                vTOF_task
 .text.vWDGT_task
                0x0000000008006784       0x6a ./Core/task/src/tsk_WDGT.o
                0x0000000008006784                vWDGT_task
 .text.vTskCommon_ErrorLoop
                0x00000000080067ee        0xc ./Core/task/src/tsk_common.o
                0x00000000080067ee                vTskCommon_ErrorLoop
 .text.SSD1315_ReadID
                0x00000000080067fa        0x6 ./Drivers/BSP/Components/ssd1315/ssd1315.o
                0x00000000080067fa                SSD1315_ReadID
 .text.SSD1315_SetBrightness
                0x0000000008006800        0x6 ./Drivers/BSP/Components/ssd1315/ssd1315.o
                0x0000000008006800                SSD1315_SetBrightness
 .text.SSD1315_SetCursor
                0x0000000008006806        0x6 ./Drivers/BSP/Components/ssd1315/ssd1315.o
                0x0000000008006806                SSD1315_SetCursor
 .text.SSD1315_GetXSize
                0x000000000800680c       0x10 ./Drivers/BSP/Components/ssd1315/ssd1315.o
                0x000000000800680c                SSD1315_GetXSize
 .text.SSD1315_GetYSize
                0x000000000800681c       0x10 ./Drivers/BSP/Components/ssd1315/ssd1315.o
                0x000000000800681c                SSD1315_GetYSize
 .text.SSD1315_GetFrameBuffer
                0x000000000800682c       0x18 ./Drivers/BSP/Components/ssd1315/ssd1315.o
                0x000000000800682c                SSD1315_GetFrameBuffer
 .text.SSD1315_ReadRegWrap
                0x0000000008006844       0x14 ./Drivers/BSP/Components/ssd1315/ssd1315.o
 .text.SSD1315_WriteRegWrap
                0x0000000008006858       0x14 ./Drivers/BSP/Components/ssd1315/ssd1315.o
 .text.SSD1315_DisplayOn
                0x000000000800686c       0x54 ./Drivers/BSP/Components/ssd1315/ssd1315.o
                0x000000000800686c                SSD1315_DisplayOn
 .text.SSD1315_DisplayOff
                0x00000000080068c0       0x54 ./Drivers/BSP/Components/ssd1315/ssd1315.o
                0x00000000080068c0                SSD1315_DisplayOff
 .text.SSD1315_Refresh
                0x0000000008006914       0xc0 ./Drivers/BSP/Components/ssd1315/ssd1315.o
                0x0000000008006914                SSD1315_Refresh
 .text.SSD1315_SetPage
                0x00000000080069d4       0x26 ./Drivers/BSP/Components/ssd1315/ssd1315.o
                0x00000000080069d4                SSD1315_SetPage
 .text.SSD1315_SetColumn
                0x00000000080069fa       0x54 ./Drivers/BSP/Components/ssd1315/ssd1315.o
                0x00000000080069fa                SSD1315_SetColumn
 .text.SSD1315_ScrollingSetup
                0x0000000008006a4e       0xae ./Drivers/BSP/Components/ssd1315/ssd1315.o
                0x0000000008006a4e                SSD1315_ScrollingSetup
 .text.SSD1315_ScrollingStart
                0x0000000008006afc       0x24 ./Drivers/BSP/Components/ssd1315/ssd1315.o
                0x0000000008006afc                SSD1315_ScrollingStart
 .text.SSD1315_ScrollingStop
                0x0000000008006b20       0x24 ./Drivers/BSP/Components/ssd1315/ssd1315.o
                0x0000000008006b20                SSD1315_ScrollingStop
 .text.SSD1315_SetPixel.part.0
                0x0000000008006b44       0x1c ./Drivers/BSP/Components/ssd1315/ssd1315.o
 .text.SSD1315_SetPixel
                0x0000000008006b60       0x30 ./Drivers/BSP/Components/ssd1315/ssd1315.o
                0x0000000008006b60                SSD1315_SetPixel
 .text.SSD1315_FillRGBRect
                0x0000000008006b90       0x52 ./Drivers/BSP/Components/ssd1315/ssd1315.o
                0x0000000008006b90                SSD1315_FillRGBRect
 .text.SSD1315_DrawHLine
                0x0000000008006be2       0x22 ./Drivers/BSP/Components/ssd1315/ssd1315.o
                0x0000000008006be2                SSD1315_DrawHLine
 .text.SSD1315_FillRect
                0x0000000008006c04       0x38 ./Drivers/BSP/Components/ssd1315/ssd1315.o
                0x0000000008006c04                SSD1315_FillRect
 .text.SSD1315_DrawVLine
                0x0000000008006c3c       0x22 ./Drivers/BSP/Components/ssd1315/ssd1315.o
                0x0000000008006c3c                SSD1315_DrawVLine
 *fill*         0x0000000008006c5e        0x2 
 .text.SSD1315_DrawBitmap
                0x0000000008006c60      0x118 ./Drivers/BSP/Components/ssd1315/ssd1315.o
                0x0000000008006c60                SSD1315_DrawBitmap
 .text.SSD1315_ShiftBitmap
                0x0000000008006d78      0x134 ./Drivers/BSP/Components/ssd1315/ssd1315.o
                0x0000000008006d78                SSD1315_ShiftBitmap
 .text.SSD1315_GetPixel
                0x0000000008006eac       0x34 ./Drivers/BSP/Components/ssd1315/ssd1315.o
                0x0000000008006eac                SSD1315_GetPixel
 .text.SSD1315_DeInit
                0x0000000008006ee0       0x22 ./Drivers/BSP/Components/ssd1315/ssd1315.o
                0x0000000008006ee0                SSD1315_DeInit
 .text.SSD1315_GetBrightness
                0x0000000008006f02        0x6 ./Drivers/BSP/Components/ssd1315/ssd1315.o
                0x0000000008006f02                SSD1315_GetBrightness
 .text.SSD1315_Init
                0x0000000008006f08      0x12c ./Drivers/BSP/Components/ssd1315/ssd1315.o
                0x0000000008006f08                SSD1315_Init
 .text.SSD1315_GetOrientation
                0x0000000008007034        0x6 ./Drivers/BSP/Components/ssd1315/ssd1315.o
                0x0000000008007034                SSD1315_GetOrientation
 .text.SSD1315_SetOrientation
                0x000000000800703a        0x6 ./Drivers/BSP/Components/ssd1315/ssd1315.o
                0x000000000800703a                SSD1315_SetOrientation
 .text.SSD1315_RegisterBusIO
                0x0000000008007040       0x34 ./Drivers/BSP/Components/ssd1315/ssd1315.o
                0x0000000008007040                SSD1315_RegisterBusIO
 .text.ssd1315_write_reg
                0x0000000008007074        0xe ./Drivers/BSP/Components/ssd1315/ssd1315_reg.o
                0x0000000008007074                ssd1315_write_reg
 *fill*         0x0000000008007082        0x2 
 .text.STTS22H_GetCapabilities
                0x0000000008007084       0x18 ./Drivers/BSP/Components/stts22h/stts22h.o
                0x0000000008007084                STTS22H_GetCapabilities
 .text.STTS22H_Init
                0x000000000800709c       0x48 ./Drivers/BSP/Components/stts22h/stts22h.o
                0x000000000800709c                STTS22H_Init
 .text.STTS22H_TEMP_SetOutputDataRate
                0x00000000080070e4       0x64 ./Drivers/BSP/Components/stts22h/stts22h.o
                0x00000000080070e4                STTS22H_TEMP_SetOutputDataRate
 .text.STTS22H_ReadID
                0x0000000008007148       0x20 ./Drivers/BSP/Components/stts22h/stts22h.o
                0x0000000008007148                STTS22H_ReadID
 .text.STTS22H_TEMP_GetOutputDataRate
                0x0000000008007168       0x64 ./Drivers/BSP/Components/stts22h/stts22h.o
                0x0000000008007168                STTS22H_TEMP_GetOutputDataRate
 .text.STTS22H_TEMP_GetTemperature
                0x00000000080071cc       0x2a ./Drivers/BSP/Components/stts22h/stts22h.o
                0x00000000080071cc                STTS22H_TEMP_GetTemperature
 .text.ReadRegWrap
                0x00000000080071f6       0x38 ./Drivers/BSP/Components/stts22h/stts22h.o
 .text.WriteRegWrap
                0x000000000800722e       0x38 ./Drivers/BSP/Components/stts22h/stts22h.o
 .text.STTS22H_TEMP_Enable
                0x0000000008007266       0x28 ./Drivers/BSP/Components/stts22h/stts22h.o
                0x0000000008007266                STTS22H_TEMP_Enable
 .text.STTS22H_TEMP_Disable
                0x000000000800728e       0x32 ./Drivers/BSP/Components/stts22h/stts22h.o
                0x000000000800728e                STTS22H_TEMP_Disable
 .text.STTS22H_DeInit
                0x00000000080072c0       0x22 ./Drivers/BSP/Components/stts22h/stts22h.o
                0x00000000080072c0                STTS22H_DeInit
 *fill*         0x00000000080072e2        0x2 
 .text.STTS22H_RegisterBusIO
                0x00000000080072e4       0x3c ./Drivers/BSP/Components/stts22h/stts22h.o
                0x00000000080072e4                STTS22H_RegisterBusIO
 .text.stts22h_read_reg
                0x0000000008007320        0xe ./Drivers/BSP/Components/stts22h/stts22h_reg.o
                0x0000000008007320                stts22h_read_reg
 .text.stts22h_write_reg
                0x000000000800732e        0xe ./Drivers/BSP/Components/stts22h/stts22h_reg.o
                0x000000000800732e                stts22h_write_reg
 .text.stts22h_from_lsb_to_celsius
                0x000000000800733c       0x18 ./Drivers/BSP/Components/stts22h/stts22h_reg.o
                0x000000000800733c                stts22h_from_lsb_to_celsius
 .text.stts22h_temp_data_rate_set
                0x0000000008007354      0x116 ./Drivers/BSP/Components/stts22h/stts22h_reg.o
                0x0000000008007354                stts22h_temp_data_rate_set
 .text.stts22h_temp_data_rate_get
                0x000000000800746a       0x4c ./Drivers/BSP/Components/stts22h/stts22h_reg.o
                0x000000000800746a                stts22h_temp_data_rate_get
 .text.stts22h_block_data_update_set
                0x00000000080074b6       0x2e ./Drivers/BSP/Components/stts22h/stts22h_reg.o
                0x00000000080074b6                stts22h_block_data_update_set
 .text.stts22h_temperature_raw_get
                0x00000000080074e4       0x20 ./Drivers/BSP/Components/stts22h/stts22h_reg.o
                0x00000000080074e4                stts22h_temperature_raw_get
 .text.stts22h_dev_id_get
                0x0000000008007504        0xa ./Drivers/BSP/Components/stts22h/stts22h_reg.o
                0x0000000008007504                stts22h_dev_id_get
 .text.stts22h_auto_increment_set
                0x000000000800750e       0x2e ./Drivers/BSP/Components/stts22h/stts22h_reg.o
                0x000000000800750e                stts22h_auto_increment_set
 .text.LL_AHB2_GRP1_EnableClock
                0x000000000800753c       0x18 ./Drivers/BSP/STM32WB5MM-DK/stm32wb5mm_dk.o
 .text.BSP_PB_Init
                0x0000000008007554       0xa8 ./Drivers/BSP/STM32WB5MM-DK/stm32wb5mm_dk.o
                0x0000000008007554                BSP_PB_Init
 .text.BUTTON_USER2_EXTI_Callback
                0x00000000080075fc        0xa ./Drivers/BSP/STM32WB5MM-DK/stm32wb5mm_dk.o
 .text.BUTTON_USER1_EXTI_Callback
                0x0000000008007606        0xa ./Drivers/BSP/STM32WB5MM-DK/stm32wb5mm_dk.o
 .text.BSP_PB_IRQHandler
                0x0000000008007610       0x10 ./Drivers/BSP/STM32WB5MM-DK/stm32wb5mm_dk.o
                0x0000000008007610                BSP_PB_IRQHandler
 .text.LL_AHB2_GRP1_EnableClock
                0x0000000008007620       0x18 ./Drivers/BSP/STM32WB5MM-DK/stm32wb5mm_dk_bus.o
 .text.I2C3_WriteReg.part.0
                0x0000000008007638       0x3c ./Drivers/BSP/STM32WB5MM-DK/stm32wb5mm_dk_bus.o
 .text.BSP_I2C3_DeInit
                0x0000000008007674       0x50 ./Drivers/BSP/STM32WB5MM-DK/stm32wb5mm_dk_bus.o
                0x0000000008007674                BSP_I2C3_DeInit
 .text.BSP_I2C3_WriteReg
                0x00000000080076c4       0x2c ./Drivers/BSP/STM32WB5MM-DK/stm32wb5mm_dk_bus.o
                0x00000000080076c4                BSP_I2C3_WriteReg
 .text.BSP_I2C3_ReadReg
                0x00000000080076f0       0x2c ./Drivers/BSP/STM32WB5MM-DK/stm32wb5mm_dk_bus.o
                0x00000000080076f0                BSP_I2C3_ReadReg
 .text.MX_SPI1_Init
                0x000000000800771c       0x38 ./Drivers/BSP/STM32WB5MM-DK/stm32wb5mm_dk_bus.o
                0x000000000800771c                MX_SPI1_Init
 .text.BSP_SPI1_Init
                0x0000000008007754       0xa0 ./Drivers/BSP/STM32WB5MM-DK/stm32wb5mm_dk_bus.o
                0x0000000008007754                BSP_SPI1_Init
 .text.BSP_SPI1_Send
                0x00000000080077f4       0x18 ./Drivers/BSP/STM32WB5MM-DK/stm32wb5mm_dk_bus.o
                0x00000000080077f4                BSP_SPI1_Send
 .text.BSP_SPI1_Recv
                0x000000000800780c       0x30 ./Drivers/BSP/STM32WB5MM-DK/stm32wb5mm_dk_bus.o
                0x000000000800780c                BSP_SPI1_Recv
 .text.BSP_GetTick
                0x000000000800783c        0x4 ./Drivers/BSP/STM32WB5MM-DK/stm32wb5mm_dk_bus.o
                0x000000000800783c                BSP_GetTick
 .text.MX_I2C3_Init
                0x0000000008007840       0x3e ./Drivers/BSP/STM32WB5MM-DK/stm32wb5mm_dk_bus.o
                0x0000000008007840                MX_I2C3_Init
 *fill*         0x000000000800787e        0x2 
 .text.BSP_I2C3_Init
                0x0000000008007880      0x280 ./Drivers/BSP/STM32WB5MM-DK/stm32wb5mm_dk_bus.o
                0x0000000008007880                BSP_I2C3_Init
 .text.BSP_ENV_SENSOR_Init
                0x0000000008007b00      0x15c ./Drivers/BSP/STM32WB5MM-DK/stm32wb5mm_dk_env_sensors.o
                0x0000000008007b00                BSP_ENV_SENSOR_Init
 .text.BSP_ENV_SENSOR_Enable
                0x0000000008007c5c       0x44 ./Drivers/BSP/STM32WB5MM-DK/stm32wb5mm_dk_env_sensors.o
                0x0000000008007c5c                BSP_ENV_SENSOR_Enable
 .text.BSP_ENV_SENSOR_GetValue
                0x0000000008007ca0       0x48 ./Drivers/BSP/STM32WB5MM-DK/stm32wb5mm_dk_env_sensors.o
                0x0000000008007ca0                BSP_ENV_SENSOR_GetValue
 .text.LL_AHB2_GRP1_EnableClock
                0x0000000008007ce8       0x18 ./Drivers/BSP/STM32WB5MM-DK/stm32wb5mm_dk_lcd.o
 .text.BSP_LCD_GetXSize
                0x0000000008007d00       0x3c ./Drivers/BSP/STM32WB5MM-DK/stm32wb5mm_dk_lcd.o
                0x0000000008007d00                BSP_LCD_GetXSize
 .text.BSP_LCD_GetYSize
                0x0000000008007d3c       0x3c ./Drivers/BSP/STM32WB5MM-DK/stm32wb5mm_dk_lcd.o
                0x0000000008007d3c                BSP_LCD_GetYSize
 .text.LCD_IO_DeInit
                0x0000000008007d78       0x2c ./Drivers/BSP/STM32WB5MM-DK/stm32wb5mm_dk_lcd.o
 .text.LCD_IO_Init
                0x0000000008007da4       0xa0 ./Drivers/BSP/STM32WB5MM-DK/stm32wb5mm_dk_lcd.o
 .text.BSP_LCD_ReadReg
                0x0000000008007e44       0x30 ./Drivers/BSP/STM32WB5MM-DK/stm32wb5mm_dk_lcd.o
                0x0000000008007e44                BSP_LCD_ReadReg
 .text.BSP_LCD_Init
                0x0000000008007e74       0x9c ./Drivers/BSP/STM32WB5MM-DK/stm32wb5mm_dk_lcd.o
                0x0000000008007e74                BSP_LCD_Init
 .text.BSP_LCD_GetFrameBuffer
                0x0000000008007f10       0x3c ./Drivers/BSP/STM32WB5MM-DK/stm32wb5mm_dk_lcd.o
                0x0000000008007f10                BSP_LCD_GetFrameBuffer
 .text.BSP_LCD_DisplayOn
                0x0000000008007f4c       0x34 ./Drivers/BSP/STM32WB5MM-DK/stm32wb5mm_dk_lcd.o
                0x0000000008007f4c                BSP_LCD_DisplayOn
 .text.BSP_LCD_Refresh
                0x0000000008007f80       0x34 ./Drivers/BSP/STM32WB5MM-DK/stm32wb5mm_dk_lcd.o
                0x0000000008007f80                BSP_LCD_Refresh
 .text.BSP_LCD_SendData
                0x0000000008007fb4       0x78 ./Drivers/BSP/STM32WB5MM-DK/stm32wb5mm_dk_lcd.o
                0x0000000008007fb4                BSP_LCD_SendData
 .text.BSP_LCD_WriteReg
                0x000000000800802c       0x1a ./Drivers/BSP/STM32WB5MM-DK/stm32wb5mm_dk_lcd.o
                0x000000000800802c                BSP_LCD_WriteReg
 *fill*         0x0000000008008046        0x2 
 .text.HAL_Init
                0x0000000008008048       0x2c ./Drivers/STM32WBxx_HAL_Driver/Src/stm32wbxx_hal.o
                0x0000000008008048                HAL_Init
 .text.HAL_IncTick
                0x0000000008008074       0x18 ./Drivers/STM32WBxx_HAL_Driver/Src/stm32wbxx_hal.o
                0x0000000008008074                HAL_IncTick
 .text.HAL_GetTick
                0x000000000800808c        0xc ./Drivers/STM32WBxx_HAL_Driver/Src/stm32wbxx_hal.o
                0x000000000800808c                HAL_GetTick
 .text.HAL_GetTickPrio
                0x0000000008008098        0xc ./Drivers/STM32WBxx_HAL_Driver/Src/stm32wbxx_hal.o
                0x0000000008008098                HAL_GetTickPrio
 .text.HAL_GetTickFreq
                0x00000000080080a4        0xc ./Drivers/STM32WBxx_HAL_Driver/Src/stm32wbxx_hal.o
                0x00000000080080a4                HAL_GetTickFreq
 .text.HAL_NVIC_SetPriorityGrouping
                0x00000000080080b0       0x24 ./Drivers/STM32WBxx_HAL_Driver/Src/stm32wbxx_hal_cortex.o
                0x00000000080080b0                HAL_NVIC_SetPriorityGrouping
 .text.HAL_NVIC_SetPriority
                0x00000000080080d4       0x64 ./Drivers/STM32WBxx_HAL_Driver/Src/stm32wbxx_hal_cortex.o
                0x00000000080080d4                HAL_NVIC_SetPriority
 .text.HAL_NVIC_EnableIRQ
                0x0000000008008138       0x1c ./Drivers/STM32WBxx_HAL_Driver/Src/stm32wbxx_hal_cortex.o
                0x0000000008008138                HAL_NVIC_EnableIRQ
 .text.HAL_NVIC_DisableIRQ
                0x0000000008008154       0x24 ./Drivers/STM32WBxx_HAL_Driver/Src/stm32wbxx_hal_cortex.o
                0x0000000008008154                HAL_NVIC_DisableIRQ
 .text.HAL_NVIC_SetPendingIRQ
                0x0000000008008178       0x1c ./Drivers/STM32WBxx_HAL_Driver/Src/stm32wbxx_hal_cortex.o
                0x0000000008008178                HAL_NVIC_SetPendingIRQ
 .text.HAL_NVIC_ClearPendingIRQ
                0x0000000008008194       0x1c ./Drivers/STM32WBxx_HAL_Driver/Src/stm32wbxx_hal_cortex.o
                0x0000000008008194                HAL_NVIC_ClearPendingIRQ
 .text.DMA_CalcDMAMUXChannelBaseAndMask
                0x00000000080081b0       0x48 ./Drivers/STM32WBxx_HAL_Driver/Src/stm32wbxx_hal_dma.o
 .text.HAL_DMA_Init
                0x00000000080081f8       0xe4 ./Drivers/STM32WBxx_HAL_Driver/Src/stm32wbxx_hal_dma.o
                0x00000000080081f8                HAL_DMA_Init
 .text.HAL_DMA_IRQHandler
                0x00000000080082dc       0x94 ./Drivers/STM32WBxx_HAL_Driver/Src/stm32wbxx_hal_dma.o
                0x00000000080082dc                HAL_DMA_IRQHandler
 .text.HAL_EXTI_RegisterCallback
                0x0000000008008370        0xc ./Drivers/STM32WBxx_HAL_Driver/Src/stm32wbxx_hal_exti.o
                0x0000000008008370                HAL_EXTI_RegisterCallback
 .text.HAL_EXTI_GetHandle
                0x000000000800837c        0xc ./Drivers/STM32WBxx_HAL_Driver/Src/stm32wbxx_hal_exti.o
                0x000000000800837c                HAL_EXTI_GetHandle
 .text.HAL_EXTI_IRQHandler
                0x0000000008008388       0x28 ./Drivers/STM32WBxx_HAL_Driver/Src/stm32wbxx_hal_exti.o
                0x0000000008008388                HAL_EXTI_IRQHandler
 .text.HAL_GPIO_Init
                0x00000000080083b0      0x16c ./Drivers/STM32WBxx_HAL_Driver/Src/stm32wbxx_hal_gpio.o
                0x00000000080083b0                HAL_GPIO_Init
 .text.HAL_GPIO_DeInit
                0x000000000800851c       0xfc ./Drivers/STM32WBxx_HAL_Driver/Src/stm32wbxx_hal_gpio.o
                0x000000000800851c                HAL_GPIO_DeInit
 .text.HAL_GPIO_WritePin
                0x0000000008008618        0xa ./Drivers/STM32WBxx_HAL_Driver/Src/stm32wbxx_hal_gpio.o
                0x0000000008008618                HAL_GPIO_WritePin
 .text.HAL_HSEM_FreeCallback
                0x0000000008008622        0x2 ./Drivers/STM32WBxx_HAL_Driver/Src/stm32wbxx_hal_hsem.o
                0x0000000008008622                HAL_HSEM_FreeCallback
 .text.HAL_HSEM_IRQHandler
                0x0000000008008624       0x1c ./Drivers/STM32WBxx_HAL_Driver/Src/stm32wbxx_hal_hsem.o
                0x0000000008008624                HAL_HSEM_IRQHandler
 .text.I2C_Flush_TXDR
                0x0000000008008640       0x1c ./Drivers/STM32WBxx_HAL_Driver/Src/stm32wbxx_hal_i2c.o
 .text.I2C_TransferConfig
                0x000000000800865c       0x2c ./Drivers/STM32WBxx_HAL_Driver/Src/stm32wbxx_hal_i2c.o
 .text.I2C_IsErrorOccurred
                0x0000000008008688      0x100 ./Drivers/STM32WBxx_HAL_Driver/Src/stm32wbxx_hal_i2c.o
 .text.I2C_WaitOnTXISFlagUntilTimeout
                0x0000000008008788       0x56 ./Drivers/STM32WBxx_HAL_Driver/Src/stm32wbxx_hal_i2c.o
 .text.I2C_WaitOnFlagUntilTimeout
                0x00000000080087de       0x66 ./Drivers/STM32WBxx_HAL_Driver/Src/stm32wbxx_hal_i2c.o
 .text.I2C_WaitOnSTOPFlagUntilTimeout
                0x0000000008008844       0x52 ./Drivers/STM32WBxx_HAL_Driver/Src/stm32wbxx_hal_i2c.o
 .text.I2C_WaitOnRXNEFlagUntilTimeout
                0x0000000008008896       0x98 ./Drivers/STM32WBxx_HAL_Driver/Src/stm32wbxx_hal_i2c.o
 .text.HAL_I2C_Init
                0x000000000800892e       0xaa ./Drivers/STM32WBxx_HAL_Driver/Src/stm32wbxx_hal_i2c.o
                0x000000000800892e                HAL_I2C_Init
 .text.HAL_I2C_DeInit
                0x00000000080089d8       0x32 ./Drivers/STM32WBxx_HAL_Driver/Src/stm32wbxx_hal_i2c.o
                0x00000000080089d8                HAL_I2C_DeInit
 *fill*         0x0000000008008a0a        0x2 
 .text.HAL_I2C_Master_Transmit
                0x0000000008008a0c      0x158 ./Drivers/STM32WBxx_HAL_Driver/Src/stm32wbxx_hal_i2c.o
                0x0000000008008a0c                HAL_I2C_Master_Transmit
 .text.HAL_I2C_Master_Receive
                0x0000000008008b64      0x130 ./Drivers/STM32WBxx_HAL_Driver/Src/stm32wbxx_hal_i2c.o
                0x0000000008008b64                HAL_I2C_Master_Receive
 .text.HAL_I2C_Mem_Write
                0x0000000008008c94      0x1b4 ./Drivers/STM32WBxx_HAL_Driver/Src/stm32wbxx_hal_i2c.o
                0x0000000008008c94                HAL_I2C_Mem_Write
 .text.HAL_I2C_Mem_Read
                0x0000000008008e48      0x1bc ./Drivers/STM32WBxx_HAL_Driver/Src/stm32wbxx_hal_i2c.o
                0x0000000008008e48                HAL_I2C_Mem_Read
 .text.HAL_I2C_GetState
                0x0000000008009004        0x6 ./Drivers/STM32WBxx_HAL_Driver/Src/stm32wbxx_hal_i2c.o
                0x0000000008009004                HAL_I2C_GetState
 .text.HAL_I2C_GetError
                0x000000000800900a        0x4 ./Drivers/STM32WBxx_HAL_Driver/Src/stm32wbxx_hal_i2c.o
                0x000000000800900a                HAL_I2C_GetError
 .text.HAL_I2CEx_ConfigAnalogFilter
                0x000000000800900e       0x4c ./Drivers/STM32WBxx_HAL_Driver/Src/stm32wbxx_hal_i2c_ex.o
                0x000000000800900e                HAL_I2CEx_ConfigAnalogFilter
 .text.HAL_I2CEx_ConfigDigitalFilter
                0x000000000800905a       0x4a ./Drivers/STM32WBxx_HAL_Driver/Src/stm32wbxx_hal_i2c_ex.o
                0x000000000800905a                HAL_I2CEx_ConfigDigitalFilter
 .text.HAL_IPCC_TxCallback
                0x00000000080090a4        0x2 ./Drivers/STM32WBxx_HAL_Driver/Src/stm32wbxx_hal_ipcc.o
                0x00000000080090a4                HAL_IPCC_TxCallback
 .text.HAL_IPCC_RxCallback
                0x00000000080090a6        0x2 ./Drivers/STM32WBxx_HAL_Driver/Src/stm32wbxx_hal_ipcc.o
                0x00000000080090a6                HAL_IPCC_RxCallback
 .text.IPCC_SetDefaultCallbacks
                0x00000000080090a8       0x1c ./Drivers/STM32WBxx_HAL_Driver/Src/stm32wbxx_hal_ipcc.o
                0x00000000080090a8                IPCC_SetDefaultCallbacks
 .text.HAL_IPCC_Init
                0x00000000080090c4       0x44 ./Drivers/STM32WBxx_HAL_Driver/Src/stm32wbxx_hal_ipcc.o
                0x00000000080090c4                HAL_IPCC_Init
 .text.HAL_PWR_EnableBkUpAccess
                0x0000000008009108       0x10 ./Drivers/STM32WBxx_HAL_Driver/Src/stm32wbxx_hal_pwr.o
                0x0000000008009108                HAL_PWR_EnableBkUpAccess
 .text.HAL_PWREx_GetVoltageRange
                0x0000000008009118       0x10 ./Drivers/STM32WBxx_HAL_Driver/Src/stm32wbxx_hal_pwr_ex.o
                0x0000000008009118                HAL_PWREx_GetVoltageRange
 .text.LL_RCC_LSI1_IsReady
                0x0000000008009128        0xe ./Drivers/STM32WBxx_HAL_Driver/Src/stm32wbxx_hal_rcc.o
 .text.LL_RCC_MSI_IsReady
                0x0000000008009136        0xc ./Drivers/STM32WBxx_HAL_Driver/Src/stm32wbxx_hal_rcc.o
 .text.LL_RCC_MSI_SetRange
                0x0000000008009142       0x10 ./Drivers/STM32WBxx_HAL_Driver/Src/stm32wbxx_hal_rcc.o
 .text.LL_RCC_MSI_SetCalibTrimming
                0x0000000008009152       0x12 ./Drivers/STM32WBxx_HAL_Driver/Src/stm32wbxx_hal_rcc.o
 .text.RCC_SetFlashLatencyFromMSIRange
                0x0000000008009164       0xe8 ./Drivers/STM32WBxx_HAL_Driver/Src/stm32wbxx_hal_rcc.o
 .text.HAL_RCC_GetSysClockFreq
                0x000000000800924c       0xa4 ./Drivers/STM32WBxx_HAL_Driver/Src/stm32wbxx_hal_rcc.o
                0x000000000800924c                HAL_RCC_GetSysClockFreq
 .text.HAL_RCC_GetHCLKFreq
                0x00000000080092f0       0x20 ./Drivers/STM32WBxx_HAL_Driver/Src/stm32wbxx_hal_rcc.o
                0x00000000080092f0                HAL_RCC_GetHCLKFreq
 .text.HAL_RCC_OscConfig
                0x0000000008009310      0x594 ./Drivers/STM32WBxx_HAL_Driver/Src/stm32wbxx_hal_rcc.o
                0x0000000008009310                HAL_RCC_OscConfig
 .text.HAL_RCC_ClockConfig
                0x00000000080098a4      0x1fc ./Drivers/STM32WBxx_HAL_Driver/Src/stm32wbxx_hal_rcc.o
                0x00000000080098a4                HAL_RCC_ClockConfig
 .text.HAL_RCC_GetPCLK1Freq
                0x0000000008009aa0       0x24 ./Drivers/STM32WBxx_HAL_Driver/Src/stm32wbxx_hal_rcc.o
                0x0000000008009aa0                HAL_RCC_GetPCLK1Freq
 .text.HAL_RCC_GetPCLK2Freq
                0x0000000008009ac4       0x24 ./Drivers/STM32WBxx_HAL_Driver/Src/stm32wbxx_hal_rcc.o
                0x0000000008009ac4                HAL_RCC_GetPCLK2Freq
 .text.HAL_RCC_GetClockConfig
                0x0000000008009ae8       0x4c ./Drivers/STM32WBxx_HAL_Driver/Src/stm32wbxx_hal_rcc.o
                0x0000000008009ae8                HAL_RCC_GetClockConfig
 .text.LL_RCC_HSE_IsEnabledDiv2
                0x0000000008009b34        0xc ./Drivers/STM32WBxx_HAL_Driver/Src/stm32wbxx_hal_rcc_ex.o
 .text.LL_RCC_HSI_IsReady
                0x0000000008009b40        0xc ./Drivers/STM32WBxx_HAL_Driver/Src/stm32wbxx_hal_rcc_ex.o
 .text.LL_RCC_LSE_IsReady
                0x0000000008009b4c        0xe ./Drivers/STM32WBxx_HAL_Driver/Src/stm32wbxx_hal_rcc_ex.o
 .text.LL_RCC_LSI1_IsReady
                0x0000000008009b5a        0xe ./Drivers/STM32WBxx_HAL_Driver/Src/stm32wbxx_hal_rcc_ex.o
 .text.LL_RCC_LSI2_IsReady
                0x0000000008009b68        0xe ./Drivers/STM32WBxx_HAL_Driver/Src/stm32wbxx_hal_rcc_ex.o
 .text.LL_RCC_MSI_GetRange
                0x0000000008009b76       0x12 ./Drivers/STM32WBxx_HAL_Driver/Src/stm32wbxx_hal_rcc_ex.o
 .text.LL_RCC_SetI2CClockSource
                0x0000000008009b88       0x20 ./Drivers/STM32WBxx_HAL_Driver/Src/stm32wbxx_hal_rcc_ex.o
 .text.LL_RCC_PLL_IsReady
                0x0000000008009ba8        0xc ./Drivers/STM32WBxx_HAL_Driver/Src/stm32wbxx_hal_rcc_ex.o
 .text.LL_RCC_PLLSAI1_Enable
                0x0000000008009bb4        0xe ./Drivers/STM32WBxx_HAL_Driver/Src/stm32wbxx_hal_rcc_ex.o
 .text.LL_RCC_PLLSAI1_Disable
                0x0000000008009bc2        0xe ./Drivers/STM32WBxx_HAL_Driver/Src/stm32wbxx_hal_rcc_ex.o
 .text.LL_RCC_PLLSAI1_IsReady
                0x0000000008009bd0        0xc ./Drivers/STM32WBxx_HAL_Driver/Src/stm32wbxx_hal_rcc_ex.o
 .text.RCC_PLL_GetFreqDomain_Q
                0x0000000008009bdc       0x68 ./Drivers/STM32WBxx_HAL_Driver/Src/stm32wbxx_hal_rcc_ex.o
 .text.RCC_PLL_GetFreqDomain_P
                0x0000000008009c44       0x68 ./Drivers/STM32WBxx_HAL_Driver/Src/stm32wbxx_hal_rcc_ex.o
 .text.RCC_PLLSAI1_GetFreqDomain_Q
                0x0000000008009cac       0x68 ./Drivers/STM32WBxx_HAL_Driver/Src/stm32wbxx_hal_rcc_ex.o
 .text.HAL_RCCEx_PeriphCLKConfig
                0x0000000008009d14      0x386 ./Drivers/STM32WBxx_HAL_Driver/Src/stm32wbxx_hal_rcc_ex.o
                0x0000000008009d14                HAL_RCCEx_PeriphCLKConfig
 .text.HAL_RCCEx_GetRngCLKSource
                0x000000000800a09a       0x1c ./Drivers/STM32WBxx_HAL_Driver/Src/stm32wbxx_hal_rcc_ex.o
                0x000000000800a09a                HAL_RCCEx_GetRngCLKSource
 *fill*         0x000000000800a0b6        0x2 
 .text.HAL_RCCEx_GetPeriphCLKFreq
                0x000000000800a0b8      0x4c0 ./Drivers/STM32WBxx_HAL_Driver/Src/stm32wbxx_hal_rcc_ex.o
                0x000000000800a0b8                HAL_RCCEx_GetPeriphCLKFreq
 .text.HAL_RTC_WaitForSynchro
                0x000000000800a578       0x30 ./Drivers/STM32WBxx_HAL_Driver/Src/stm32wbxx_hal_rtc.o
                0x000000000800a578                HAL_RTC_WaitForSynchro
 .text.RTC_EnterInitMode
                0x000000000800a5a8       0x34 ./Drivers/STM32WBxx_HAL_Driver/Src/stm32wbxx_hal_rtc.o
                0x000000000800a5a8                RTC_EnterInitMode
 .text.HAL_RTC_Init