Archive member included to satisfy reference by file (symbol)

C:/ST/STM32CubeIDE_1.10.1/STM32CubeIDE/plugins/com.st.stm32cube.ide.mcu.externaltools.gnu-tools-for-stm32.11.3.rel1.win32_1.1.1.202309131626/tools/bin/../lib/gcc/arm-none-eabi/11.3.1/../../../../arm-none-eabi/lib/thumb/v7e-m+fp/hard\libc_nano.a(libc_a-exit.o)
                              C:/ST/STM32CubeIDE_1.10.1/STM32CubeIDE/plugins/com.st.stm32cube.ide.mcu.externaltools.gnu-tools-for-stm32.11.3.rel1.win32_1.1.1.202309131626/tools/bin/../lib/gcc/arm-none-eabi/11.3.1/../../../../arm-none-eabi/lib/thumb/v7e-m+fp/hard/crt0.o (exit)
C:/ST/STM32CubeIDE_1.10.1/STM32CubeIDE/plugins/com.st.stm32cube.ide.mcu.externaltools.gnu-tools-for-stm32.11.3.rel1.win32_1.1.1.202309131626/tools/bin/../lib/gcc/arm-none-eabi/11.3.1/../../../../arm-none-eabi/lib/thumb/v7e-m+fp/hard\libc_nano.a(libc_a-findfp.o)
                              ./Middlewares/Third_Party/FreeRTOS/Source/tasks.o (__sf)
C:/ST/STM32CubeIDE_1.10.1/STM32CubeIDE/plugins/com.st.stm32cube.ide.mcu.externaltools.gnu-tools-for-stm32.11.3.rel1.win32_1.1.1.202309131626/tools/bin/../lib/gcc/arm-none-eabi/11.3.1/../../../../arm-none-eabi/lib/thumb/v7e-m+fp/hard\libc_nano.a(libc_a-fwalk.o)
                              C:/ST/STM32CubeIDE_1.10.1/STM32CubeIDE/plugins/com.st.stm32cube.ide.mcu.externaltools.gnu-tools-for-stm32.11.3.rel1.win32_1.1.1.202309131626/tools/bin/../lib/gcc/arm-none-eabi/11.3.1/../../../../arm-none-eabi/lib/thumb/v7e-m+fp/hard\libc_nano.a(libc_a-findfp.o) (_fwalk_sglue)
C:/ST/STM32CubeIDE_1.10.1/STM32CubeIDE/plugins/com.st.stm32cube.ide.mcu.externaltools.gnu-tools-for-stm32.11.3.rel1.win32_1.1.1.202309131626/tools/bin/../lib/gcc/arm-none-eabi/11.3.1/../../../../arm-none-eabi/lib/thumb/v7e-m+fp/hard\libc_nano.a(libc_a-printf.o)
                              ./Middlewares/ST/STM32_WPAN/utilities/dbg_trace.o (printf)
C:/ST/STM32CubeIDE_1.10.1/STM32CubeIDE/plugins/com.st.stm32cube.ide.mcu.externaltools.gnu-tools-for-stm32.11.3.rel1.win32_1.1.1.202309131626/tools/bin/../lib/gcc/arm-none-eabi/11.3.1/../../../../arm-none-eabi/lib/thumb/v7e-m+fp/hard\libc_nano.a(libc_a-puts.o)
                              ./Core/Src/vl53l0x/vl53l0x_tof.o (puts)
C:/ST/STM32CubeIDE_1.10.1/STM32CubeIDE/plugins/com.st.stm32cube.ide.mcu.externaltools.gnu-tools-for-stm32.11.3.rel1.win32_1.1.1.202309131626/tools/bin/../lib/gcc/arm-none-eabi/11.3.1/../../../../arm-none-eabi/lib/thumb/v7e-m+fp/hard\libc_nano.a(libc_a-snprintf.o)
                              ./Core/task/src/HMI_screen_main.o (snprintf)
C:/ST/STM32CubeIDE_1.10.1/STM32CubeIDE/plugins/com.st.stm32cube.ide.mcu.externaltools.gnu-tools-for-stm32.11.3.rel1.win32_1.1.1.202309131626/tools/bin/../lib/gcc/arm-none-eabi/11.3.1/../../../../arm-none-eabi/lib/thumb/v7e-m+fp/hard\libc_nano.a(libc_a-stdio.o)
                              C:/ST/STM32CubeIDE_1.10.1/STM32CubeIDE/plugins/com.st.stm32cube.ide.mcu.externaltools.gnu-tools-for-stm32.11.3.rel1.win32_1.1.1.202309131626/tools/bin/../lib/gcc/arm-none-eabi/11.3.1/../../../../arm-none-eabi/lib/thumb/v7e-m+fp/hard\libc_nano.a(libc_a-findfp.o) (__sread)
C:/ST/STM32CubeIDE_1.10.1/STM32CubeIDE/plugins/com.st.stm32cube.ide.mcu.externaltools.gnu-tools-for-stm32.11.3.rel1.win32_1.1.1.202309131626/tools/bin/../lib/gcc/arm-none-eabi/11.3.1/../../../../arm-none-eabi/lib/thumb/v7e-m+fp/hard\libc_nano.a(libc_a-vprintf.o)
                              ./Middlewares/ST/STM32_WPAN/utilities/dbg_trace.o (vprintf)
C:/ST/STM32CubeIDE_1.10.1/STM32CubeIDE/plugins/com.st.stm32cube.ide.mcu.externaltools.gnu-tools-for-stm32.11.3.rel1.win32_1.1.1.202309131626/tools/bin/../lib/gcc/arm-none-eabi/11.3.1/../../../../arm-none-eabi/lib/thumb/v7e-m+fp/hard\libc_nano.a(libc_a-wbuf.o)
                              C:/ST/STM32CubeIDE_1.10.1/STM32CubeIDE/plugins/com.st.stm32cube.ide.mcu.externaltools.gnu-tools-for-stm32.11.3.rel1.win32_1.1.1.202309131626/tools/bin/../lib/gcc/arm-none-eabi/11.3.1/../../../../arm-none-eabi/lib/thumb/v7e-m+fp/hard\libc_nano.a(libc_a-puts.o) (__swbuf_r)
C:/ST/STM32CubeIDE_1.10.1/STM32CubeIDE/plugins/com.st.stm32cube.ide.mcu.externaltools.gnu-tools-for-stm32.11.3.rel1.win32_1.1.1.202309131626/tools/bin/../lib/gcc/arm-none-eabi/11.3.1/../../../../arm-none-eabi/lib/thumb/v7e-m+fp/hard\libc_nano.a(libc_a-wsetup.o)
                              C:/ST/STM32CubeIDE_1.10.1/STM32CubeIDE/plugins/com.st.stm32cube.ide.mcu.externaltools.gnu-tools-for-stm32.11.3.rel1.win32_1.1.1.202309131626/tools/bin/../lib/gcc/arm-none-eabi/11.3.1/../../../../arm-none-eabi/lib/thumb/v7e-m+fp/hard\libc_nano.a(libc_a-puts.o) (__swsetup_r)
C:/ST/STM32CubeIDE_1.10.1/STM32CubeIDE/plugins/com.st.stm32cube.ide.mcu.externaltools.gnu-tools-for-stm32.11.3.rel1.win32_1.1.1.202309131626/tools/bin/../lib/gcc/arm-none-eabi/11.3.1/../../../../arm-none-eabi/lib/thumb/v7e-m+fp/hard\libc_nano.a(libc_a-memcmp.o)
                              ./Middlewares/ST/STM32_WPAN/ble/core/template/osal.o (memcmp)
[...]
Memory Configuration

Name             Origin             Length             Attributes
FLASH            0x0000000008000000 0x0000000000080000 xr
RAM1             0x0000000020000008 0x000000000002fff8 xrw
RAM_SHARED       0x0000000020030000 0x0000000000002800 xrw
*default*        0x0000000000000000 0xffffffffffffffff

Linker script and memory map

LOAD C:/ST/STM32CubeIDE_1.10.1/STM32CubeIDE/plugins/com.st.stm32cube.ide.mcu.externaltools.gnu-tools-for-stm32.11.3.rel1.win32_1.1.1.202309131626/tools/bin/../lib/gcc/arm-none-eabi/11.3.1/thumb/v7e-m+fp/hard/crti.o
LOAD C:/ST/STM32CubeIDE_1.10.1/STM32CubeIDE/plugins/com.st.stm32cube.ide.mcu.externaltools.gnu-tools-for-stm32.11.3.rel1.win32_1.1.1.202309131626/tools/bin/../lib/gcc/arm-none-eabi/11.3.1/thumb/v7e-m+fp/hard/crtbegin.o
LOAD C:/ST/STM32CubeIDE_1.10.1/STM32CubeIDE/plugins/com.st.stm32cube.ide.mcu.externaltools.gnu-tools-for-stm32.11.3.rel1.win32_1.1.1.202309131626/tools/bin/../lib/gcc/arm-none-eabi/11.3.1/../../../../arm-none-eabi/lib/thumb/v7e-m+fp/hard/crt0.o
LOAD ./3rdparty/YACSGL/src/YACSGL.o
LOAD ./3rdparty/YACSGL/src/YACSGL_bitmap.o
LOAD ./3rdparty/YACSGL/src/YACSGL_font.o
LOAD ./3rdparty/YACSGL/src/YACSGL_font_5x7.o
LOAD ./3rdparty/YACSGL/src/YACSGL_font_8x16.o
LOAD ./3rdparty/YACSGL/src/YACSGL_font_digit_16x32.o
LOAD ./3rdparty/YACSWL/src/YACSWL_label.o
LOAD ./3rdparty/YACSWL/src/YACSWL_progress_bar.o
LOAD ./3rdparty/YACSWL/src/YACSWL_radio_btn.o
LOAD ./3rdparty/YACSWL/src/YACSWL_widget.o
LOAD ./Core/Src/app_debug.o
LOAD ./Core/Src/app_entry.o
LOAD ./Core/Src/app_freertos.o
LOAD ./Core/Src/dma.o
LOAD ./Core/Src/freertos_port.o
LOAD ./Core/Src/gpio.o
LOAD ./Core/Src/hw_timerserver.o
LOAD ./Core/Src/hw_uart.o
LOAD ./Core/Src/i2c.o
LOAD ./Core/Src/ipcc.o
LOAD ./Core/Src/irtim.o
LOAD ./Core/Src/main.o
LOAD ./Core/Src/memorymap.o
LOAD ./Core/Src/rf.o
LOAD ./Core/Src/rtc.o
LOAD ./Core/Src/spi.o
LOAD ./Core/Src/stm32_lpm_if.o
LOAD ./Core/Src/stm32wbxx_hal_msp.o
LOAD ./Core/Src/stm32wbxx_hal_timebase_tim.o
LOAD ./Core/Src/stm32wbxx_it.o
LOAD ./Core/Src/syscalls.o
LOAD ./Core/Src/sysmem.o
LOAD ./Core/Src/system_stm32wbxx.o
LOAD ./Core/Src/tim.o
LOAD ./Core/Src/usart.o
LOAD ./Core/Src/vl53l0x/vl53l0x_api.o
LOAD ./Core/Src/vl53l0x/vl53l0x_api_calibration.o
LOAD ./Core/Src/vl53l0x/vl53l0x_api_core.o
LOAD ./Core/Src/vl53l0x/vl53l0x_api_ranging.o
LOAD ./Core/Src/vl53l0x/vl53l0x_api_strings.o
LOAD ./Core/Src/vl53l0x/vl53l0x_platform_log.o
LOAD ./Core/Src/vl53l0x/vl53l0x_tof.o
LOAD ./Core/Startup/startup_stm32wb5mmghx.o
LOAD ./Core/task/src/HMI_screen_ble_pairing.o
LOAD ./Core/task/src/HMI_screen_ctrl_mode.o
LOAD ./Core/task/src/HMI_screen_heating_mode.o
LOAD ./Core/task/src/HMI_screen_main.o
LOAD ./Core/task/src/HMI_screen_temperature_setpoint.o
LOAD ./Core/task/src/HMI_status_bar.o
LOAD ./Core/task/src/ir_atl_encode.o
LOAD ./Core/task/src/ir_common.o
LOAD ./Core/task/src/tsk_HMI.o
LOAD ./Core/task/src/tsk_IR_ATL.o
LOAD ./Core/task/src/tsk_MAIN.o
LOAD ./Core/task/src/tsk_TEMP.o
LOAD ./Core/task/src/tsk_TOF.o
LOAD ./Core/task/src/tsk_WDGT.o
LOAD ./Core/task/src/tsk_common.o
LOAD ./Drivers/BSP/Components/ism330dhcx/ism330dhcx.o
LOAD ./Drivers/BSP/Components/ism330dhcx/ism330dhcx_reg.o
LOAD ./Drivers/BSP/Components/ssd1315/ssd1315.o
LOAD ./Drivers/BSP/Components/ssd1315/ssd1315_reg.o
LOAD ./Drivers/BSP/Components/stts22h/stts22h.o
LOAD ./Drivers/BSP/Components/stts22h/stts22h_reg.o
LOAD ./Drivers/BSP/STM32WB5MM-DK/stm32wb5mm_dk.o
LOAD ./Drivers/BSP/STM32WB5MM-DK/stm32wb5mm_dk_bus.o
LOAD ./Drivers/BSP/STM32WB5MM-DK/stm32wb5mm_dk_env_sensors.o
LOAD ./Drivers/BSP/STM32WB5MM-DK/stm32wb5mm_dk_env_sensors_ex.o
LOAD ./Drivers/BSP/STM32WB5MM-DK/stm32wb5mm_dk_lcd.o
LOAD ./Drivers/BSP/STM32WB5MM-DK/stm32wb5mm_dk_motion_sensors.o
LOAD ./Drivers/BSP/STM32WB5MM-DK/stm32wb5mm_dk_motion_sensors_ex.o
LOAD ./Drivers/STM32WBxx_HAL_Driver/Src/stm32wbxx_hal.o
LOAD ./Drivers/STM32WBxx_HAL_Driver/Src/stm32wbxx_hal_cortex.o
LOAD ./Drivers/STM32WBxx_HAL_Driver/Src/stm32wbxx_hal_dma.o
LOAD ./Drivers/STM32WBxx_HAL_Driver/Src/stm32wbxx_hal_dma_ex.o
LOAD ./Drivers/STM32WBxx_HAL_Driver/Src/stm32wbxx_hal_exti.o
LOAD ./Drivers/STM32WBxx_HAL_Driver/Src/stm32wbxx_hal_flash.o
LOAD ./Drivers/STM32WBxx_HAL_Driver/Src/stm32wbxx_hal_flash_ex.o
LOAD ./Drivers/STM32WBxx_HAL_Driver/Src/stm32wbxx_hal_gpio.o
LOAD ./Drivers/STM32WBxx_HAL_Driver/Src/stm32wbxx_hal_hsem.o
LOAD ./Drivers/STM32WBxx_HAL_Driver/Src/stm32wbxx_hal_i2c.o
LOAD ./Drivers/STM32WBxx_HAL_Driver/Src/stm32wbxx_hal_i2c_ex.o
LOAD ./Drivers/STM32WBxx_HAL_Driver/Src/stm32wbxx_hal_ipcc.o
LOAD ./Drivers/STM32WBxx_HAL_Driver/Src/stm32wbxx_hal_pwr.o
LOAD ./Drivers/STM32WBxx_HAL_Driver/Src/stm32wbxx_hal_pwr_ex.o
LOAD ./Drivers/STM32WBxx_HAL_Driver/Src/stm32wbxx_hal_rcc.o
LOAD ./Drivers/STM32WBxx_HAL_Driver/Src/stm32wbxx_hal_rcc_ex.o
LOAD ./Drivers/STM32WBxx_HAL_Driver/Src/stm32wbxx_hal_rtc.o
LOAD ./Drivers/STM32WBxx_HAL_Driver/Src/stm32wbxx_hal_rtc_ex.o
LOAD ./Drivers/STM32WBxx_HAL_Driver/Src/stm32wbxx_hal_spi.o
LOAD ./Drivers/STM32WBxx_HAL_Driver/Src/stm32wbxx_hal_spi_ex.o
LOAD ./Drivers/STM32WBxx_HAL_Driver/Src/stm32wbxx_hal_tim.o
LOAD ./Drivers/STM32WBxx_HAL_Driver/Src/stm32wbxx_hal_tim_ex.o
LOAD ./Drivers/STM32WBxx_HAL_Driver/Src/stm32wbxx_hal_uart.o
LOAD ./Drivers/STM32WBxx_HAL_Driver/Src/stm32wbxx_hal_uart_ex.o
LOAD ./Drivers/STM32WBxx_HAL_Driver/Src/stm32wbxx_ll_rcc.o
LOAD ./Middlewares/ST/STM32_WPAN/ble/core/auto/ble_gap_aci.o
LOAD ./Middlewares/ST/STM32_WPAN/ble/core/auto/ble_gatt_aci.o
LOAD ./Middlewares/ST/STM32_WPAN/ble/core/auto/ble_hal_aci.o
LOAD ./Middlewares/ST/STM32_WPAN/ble/core/auto/ble_hci_le.o
LOAD ./Middlewares/ST/STM32_WPAN/ble/core/auto/ble_l2cap_aci.o
LOAD ./Middlewares/ST/STM32_WPAN/ble/core/template/osal.o
LOAD ./Middlewares/ST/STM32_WPAN/ble/svc/Src/dis.o
LOAD ./Middlewares/ST/STM32_WPAN/ble/svc/Src/hrs.o
LOAD ./Middlewares/ST/STM32_WPAN/ble/svc/Src/svc_ctl.o
LOAD ./Middlewares/ST/STM32_WPAN/interface/patterns/ble_thread/shci/shci.o
LOAD ./Middlewares/ST/STM32_WPAN/interface/patterns/ble_thread/tl/hci_tl.o
LOAD ./Middlewares/ST/STM32_WPAN/interface/patterns/ble_thread/tl/hci_tl_if.o
LOAD ./Middlewares/ST/STM32_WPAN/interface/patterns/ble_thread/tl/shci_tl.o
LOAD ./Middlewares/ST/STM32_WPAN/interface/patterns/ble_thread/tl/shci_tl_if.o
LOAD ./Middlewares/ST/STM32_WPAN/interface/patterns/ble_thread/tl/tl_mbox.o
LOAD ./Middlewares/ST/STM32_WPAN/utilities/dbg_trace.o
LOAD ./Middlewares/ST/STM32_WPAN/utilities/otp.o
LOAD ./Middlewares/ST/STM32_WPAN/utilities/stm_list.o
LOAD ./Middlewares/ST/STM32_WPAN/utilities/stm_queue.o
LOAD ./Middlewares/Third_Party/FreeRTOS/Source/CMSIS_RTOS_V2/cmsis_os2.o
LOAD ./Middlewares/Third_Party/FreeRTOS/Source/croutine.o
LOAD ./Middlewares/Third_Party/FreeRTOS/Source/event_groups.o
LOAD ./Middlewares/Third_Party/FreeRTOS/Source/list.o
LOAD ./Middlewares/Third_Party/FreeRTOS/Source/queue.o
LOAD ./Middlewares/Third_Party/FreeRTOS/Source/stream_buffer.o
LOAD ./Middlewares/Third_Party/FreeRTOS/Source/tasks.o
LOAD ./Middlewares/Third_Party/FreeRTOS/Source/timers.o
LOAD ./Middlewares/Third_Party/FreeRTOS/Source/portable/GCC/ARM_CM4F/port.o
LOAD ./Middlewares/Third_Party/FreeRTOS/Source/portable/MemMang/heap_4.o
LOAD ./STM32_WPAN/App/app_ble.o
LOAD ./STM32_WPAN/App/dis_app.o
LOAD ./STM32_WPAN/App/hrs_app.o
LOAD ./STM32_WPAN/Target/hw_ipcc.o
LOAD ./Utilities/Fonts/font12.o
LOAD ./Utilities/Fonts/font16.o
LOAD ./Utilities/Fonts/font20.o
LOAD ./Utilities/Fonts/font24.o
LOAD ./Utilities/Fonts/font8.o
LOAD ./Utilities/LCD/stm32_lcd.o
LOAD ./Utilities/lpm/tiny_lpm/stm32_lpm.o
START GROUP
LOAD C:/ST/STM32CubeIDE_1.10.1/STM32CubeIDE/plugins/com.st.stm32cube.ide.mcu.externaltools.gnu-tools-for-stm32.11.3.rel1.win32_1.1.1.202309131626/tools/bin/../lib/gcc/arm-none-eabi/11.3.1/../../../../arm-none-eabi/lib/thumb/v7e-m+fp/hard\libc_nano.a
LOAD C:/ST/STM32CubeIDE_1.10.1/STM32CubeIDE/plugins/com.st.stm32cube.ide.mcu.externaltools.gnu-tools-for-stm32.11.3.rel1.win32_1.1.1.202309131626/tools/bin/../lib/gcc/arm-none-eabi/11.3.1/../../../../arm-none-eabi/lib/thumb/v7e-m+fp/hard\libm.a
END GROUP
START GROUP
LOAD C:/ST/STM32CubeIDE_1.10.1/STM32CubeIDE/plugins/com.st.stm32cube.ide.mcu.externaltools.gnu-tools-for-stm32.11.3.rel1.win32_1.1.1.202309131626/tools/bin/../lib/gcc/arm-none-eabi/11.3.1/thumb/v7e-m+fp/hard\libgcc.a
LOAD C:/ST/STM32CubeIDE_1.10.1/STM32CubeIDE/plugins/com.st.stm32cube.ide.mcu.externaltools.gnu-tools-for-stm32.11.3.rel1.win32_1.1.1.202309131626/tools/bin/../lib/gcc/arm-none-eabi/11.3.1/../../../../arm-none-eabi/lib/thumb/v7e-m+fp/hard\libc_nano.a
END GROUP
START GROUP
LOAD C:/ST/STM32CubeIDE_1.10.1/STM32CubeIDE/plugins/com.st.stm32cube.ide.mcu.externaltools.gnu-tools-for-stm32.11.3.rel1.win32_1.1.1.202309131626/tools/bin/../lib/gcc/arm-none-eabi/11.3.1/thumb/v7e-m+fp/hard\libgcc.a
LOAD C:/ST/STM32CubeIDE_1.10.1/STM32CubeIDE/plugins/com.st.stm32cube.ide.mcu.externaltools.gnu-tools-for-stm32.11.3.rel1.win32_1.1.1.202309131626/tools/bin/../lib/gcc/arm-none-eabi/11.3.1/../../../../arm-none-eabi/lib/thumb/v7e-m+fp/hard\libc_nano.a
LOAD C:/ST/STM32CubeIDE_1.10.1/STM32CubeIDE/plugins/com.st.stm32cube.ide.mcu.externaltools.gnu-tools-for-stm32.11.3.rel1.win32_1.1.1.202309131626/tools/bin/../lib/gcc/arm-none-eabi/11.3.1/../../../../arm-none-eabi/lib/thumb/v7e-m+fp/hard\libnosys.a
END GROUP
START GROUP
LOAD C:/ST/STM32CubeIDE_1.10.1/STM32CubeIDE/plugins/com.st.stm32cube.ide.mcu.externaltools.gnu-tools-for-stm32.11.3.rel1.win32_1.1.1.202309131626/tools/bin/../lib/gcc/arm-none-eabi/11.3.1/thumb/v7e-m+fp/hard\libgcc.a
LOAD C:/ST/STM32CubeIDE_1.10.1/STM32CubeIDE/plugins/com.st.stm32cube.ide.mcu.externaltools.gnu-tools-for-stm32.11.3.rel1.win32_1.1.1.202309131626/tools/bin/../lib/gcc/arm-none-eabi/11.3.1/../../../../arm-none-eabi/lib/thumb/v7e-m+fp/hard\libc_nano.a
LOAD C:/ST/STM32CubeIDE_1.10.1/STM32CubeIDE/plugins/com.st.stm32cube.ide.mcu.externaltools.gnu-tools-for-stm32.11.3.rel1.win32_1.1.1.202309131626/tools/bin/../lib/gcc/arm-none-eabi/11.3.1/../../../../arm-none-eabi/lib/thumb/v7e-m+fp/hard\libnosys.a
END GROUP
LOAD C:/ST/STM32CubeIDE_1.10.1/STM32CubeIDE/plugins/com.st.stm32cube.ide.mcu.externaltools.gnu-tools-for-stm32.11.3.rel1.win32_1.1.1.202309131626/tools/bin/../lib/gcc/arm-none-eabi/11.3.1/thumb/v7e-m+fp/hard/crtend.o
LOAD C:/ST/STM32CubeIDE_1.10.1/STM32CubeIDE/plugins/com.st.stm32cube.ide.mcu.externaltools.gnu-tools-for-stm32.11.3.rel1.win32_1.1.1.202309131626/tools/bin/../lib/gcc/arm-none-eabi/11.3.1/thumb/v7e-m+fp/hard/crtn.o
                0x0000000020030000                _estack = (ORIGIN (RAM1) + LENGTH (RAM1))
                0x0000000000000400                _Min_Heap_Size = 0x400
                0x0000000000001000                _Min_Stack_Size = 0x1000

.isr_vector     0x0000000008000000      0x13c
                0x0000000008000000                . = ALIGN (0x4)
 *(.isr_vector)
 .isr_vector    0x0000000008000000      0x13c ./Core/Startup/startup_stm32wb5mmghx.o
                0x0000000008000000                g_pfnVectors
                0x000000000800013c                . = ALIGN (0x4)

.text           0x0000000008000140    0x10950
                0x0000000008000140                . = ALIGN (0x4)
 *(.text)
 .text          0x0000000008000140       0x40 C:/ST/STM32CubeIDE_1.10.1/STM32CubeIDE/plugins/com.st.stm32cube.ide.mcu.externaltools.gnu-tools-for-stm32.11.3.rel1.win32_1.1.1.202309131626/tools/bin/../lib/gcc/arm-none-eabi/11.3.1/thumb/v7e-m+fp/hard/crtbegin.o
 .text          0x0000000008000180       0x10 C:/ST/STM32CubeIDE_1.10.1/STM32CubeIDE/plugins/com.st.stm32cube.ide.mcu.externaltools.gnu-tools-for-stm32.11.3.rel1.win32_1.1.1.202309131626/tools/bin/../lib/gcc/arm-none-eabi/11.3.1/../../../../arm-none-eabi/lib/thumb/v7e-m+fp/hard\libc_nano.a(libc_a-strlen.o)
                0x0000000008000180                strlen
 .text          0x0000000008000190       0xa0 C:/ST/STM32CubeIDE_1.10.1/STM32CubeIDE/plugins/com.st.stm32cube.ide.mcu.externaltools.gnu-tools-for-stm32.11.3.rel1.win32_1.1.1.202309131626/tools/bin/../lib/gcc/arm-none-eabi/11.3.1/../../../../arm-none-eabi/lib/thumb/v7e-m+fp/hard\libc_nano.a(libc_a-memchr.o)
                0x0000000008000190                memchr
 .text          0x0000000008000230      0x378 C:/ST/STM32CubeIDE_1.10.1/STM32CubeIDE/plugins/com.st.stm32cube.ide.mcu.externaltools.gnu-tools-for-stm32.11.3.rel1.win32_1.1.1.202309131626/tools/bin/../lib/gcc/arm-none-eabi/11.3.1/thumb/v7e-m+fp/hard\libgcc.a(_arm_addsubdf3.o)
                0x0000000008000230                __aeabi_drsub
                0x0000000008000238                __aeabi_dsub
                0x0000000008000238                __subdf3
                0x000000000800023c                __aeabi_dadd
                0x000000000800023c                __adddf3
                0x00000000080004b4                __floatunsidf
                0x00000000080004b4                __aeabi_ui2d
                0x00000000080004d4                __floatsidf
                0x00000000080004d4                __aeabi_i2d
                0x00000000080004f8                __aeabi_f2d
                0x00000000080004f8                __extendsfdf2
                0x000000000800053c                __floatundidf
                0x000000000800053c                __aeabi_ul2d
                0x000000000800054c                __floatdidf
                0x000000000800054c                __aeabi_l2d
 .text          0x00000000080005a8       0x30 C:/ST/STM32CubeIDE_1.10.1/STM32CubeIDE/plugins/com.st.stm32cube.ide.mcu.externaltools.gnu-tools-for-stm32.11.3.rel1.win32_1.1.1.202309131626/tools/bin/../lib/gcc/arm-none-eabi/11.3.1/thumb/v7e-m+fp/hard\libgcc.a(_aeabi_uldivmod.o)
                0x00000000080005a8                __aeabi_uldivmod
 .text          0x00000000080005d8      0x2c8 C:/ST/STM32CubeIDE_1.10.1/STM32CubeIDE/plugins/com.st.stm32cube.ide.mcu.externaltools.gnu-tools-for-stm32.11.3.rel1.win32_1.1.1.202309131626/tools/bin/../lib/gcc/arm-none-eabi/11.3.1/thumb/v7e-m+fp/hard\libgcc.a(_udivmoddi4.o)
                0x00000000080005d8                __udivmoddi4
 .text          0x00000000080008a0        0x4 C:/ST/STM32CubeIDE_1.10.1/STM32CubeIDE/plugins/com.st.stm32cube.ide.mcu.externaltools.gnu-tools-for-stm32.11.3.rel1.win32_1.1.1.202309131626/tools/bin/../lib/gcc/arm-none-eabi/11.3.1/thumb/v7e-m+fp/hard\libgcc.a(_dvmd_tls.o)
                0x00000000080008a0                __aeabi_idiv0
                0x00000000080008a0                __aeabi_ldiv0
 *(.text*)
 .text.YACSGL_set_pixel_no_offset
                0x00000000080008a4       0x24 ./3rdparty/YACSGL/src/YACSGL.o
 .text.YACSGL_line_no_check_no_offset
                0x00000000080008c8       0x7c ./3rdparty/YACSGL/src/YACSGL.o
 .text.YACSGL_set_pixel
                0x0000000008000944       0x14 ./3rdparty/YACSGL/src/YACSGL.o
                0x0000000008000944                YACSGL_set_pixel
 .text.YACSGL_rect_fill
                0x0000000008000958       0x7a ./3rdparty/YACSGL/src/YACSGL.o
                0x0000000008000958                YACSGL_rect_fill
 .text.YACSGL_rect_line
                0x00000000080009d2       0xb6 ./3rdparty/YACSGL/src/YACSGL.o
                0x00000000080009d2                YACSGL_rect_line
 .text.YACSGL_font_txt_disp
                0x0000000008000a88      0x144 ./3rdparty/YACSGL/src/YACSGL_font.o
                0x0000000008000a88                YACSGL_font_txt_disp
 .text.YACSWL_label_draw
                0x0000000008000bcc       0x34 ./3rdparty/YACSWL/src/YACSWL_label.o
 .text.YACSWL_label_compute_size
                0x0000000008000c00       0x42 ./3rdparty/YACSWL/src/YACSWL_label.o
 .text.YACSWL_label_resize
                0x0000000008000c42        0xc ./3rdparty/YACSWL/src/YACSWL_label.o
 .text.YACSWL_label_set_text
                0x0000000008000c4e       0x24 ./3rdparty/YACSWL/src/YACSWL_label.o
                0x0000000008000c4e                YACSWL_label_set_text
 *fill*         0x0000000008000c72        0x2 
 .text.YACSWL_label_init
                0x0000000008000c74       0x44 ./3rdparty/YACSWL/src/YACSWL_label.o
                0x0000000008000c74                YACSWL_label_init
 .text.YACSWL_label_set_font
                0x0000000008000cb8       0x12 ./3rdparty/YACSWL/src/YACSWL_label.o
                0x0000000008000cb8                YACSWL_label_set_font
 .text.YACSWL_progress_bar_draw
                0x0000000008000cca       0x2e ./3rdparty/YACSWL/src/YACSWL_progress_bar.o
 .text.YACSWL_progress_bar_init
                0x0000000008000cf8       0x20 ./3rdparty/YACSWL/src/YACSWL_progress_bar.o
                0x0000000008000cf8                YACSWL_progress_bar_init
 .text.YACSWL_widget_update_sizes
                0x0000000008000d18       0x24 ./3rdparty/YACSWL/src/YACSWL_widget.o
 .text.YACSWL_widget_init
                0x0000000008000d3c       0x20 ./3rdparty/YACSWL/src/YACSWL_widget.o
                0x0000000008000d3c                YACSWL_widget_init
 .text.YACSWL_widget_draw
                0x0000000008000d5c       0xac ./3rdparty/YACSWL/src/YACSWL_widget.o
                0x0000000008000d5c                YACSWL_widget_draw
 .text.YACSWL_widget_add_child
                0x0000000008000e08       0x2a ./3rdparty/YACSWL/src/YACSWL_widget.o
                0x0000000008000e08                YACSWL_widget_add_child
 .text.YACSWL_widget_set_pos
                0x0000000008000e32        0xe ./3rdparty/YACSWL/src/YACSWL_widget.o
                0x0000000008000e32                YACSWL_widget_set_pos
 .text.YACSWL_widget_center_width_in_parent
                0x0000000008000e40       0x22 ./3rdparty/YACSWL/src/YACSWL_widget.o
                0x0000000008000e40                YACSWL_widget_center_width_in_parent
 .text.YACSWL_widget_center_height_in_parent
                0x0000000008000e62       0x22 ./3rdparty/YACSWL/src/YACSWL_widget.o
                0x0000000008000e62                YACSWL_widget_center_height_in_parent
 .text.YACSWL_widget_center_in_parent
                0x0000000008000e84       0x1a ./3rdparty/YACSWL/src/YACSWL_widget.o
                0x0000000008000e84                YACSWL_widget_center_in_parent
 .text.YACSWL_widget_get_pos_x
                0x0000000008000e9e        0x6 ./3rdparty/YACSWL/src/YACSWL_widget.o
                0x0000000008000e9e                YACSWL_widget_get_pos_x
 .text.YACSWL_widget_get_pos_y
                0x0000000008000ea4        0x6 ./3rdparty/YACSWL/src/YACSWL_widget.o
                0x0000000008000ea4                YACSWL_widget_get_pos_y
 .text.YACSWL_widget_set_size
                0x0000000008000eaa        0xe ./3rdparty/YACSWL/src/YACSWL_widget.o
                0x0000000008000eaa                YACSWL_widget_set_size
 .text.YACSWL_widget_get_width
                0x0000000008000eb8        0x6 ./3rdparty/YACSWL/src/YACSWL_widget.o
                0x0000000008000eb8                YACSWL_widget_get_width
 .text.YACSWL_widget_get_height
                0x0000000008000ebe        0x6 ./3rdparty/YACSWL/src/YACSWL_widget.o
                0x0000000008000ebe                YACSWL_widget_get_height
 .text.YACSWL_widget_set_border_width
                0x0000000008000ec4        0xc ./3rdparty/YACSWL/src/YACSWL_widget.o
                0x0000000008000ec4                YACSWL_widget_set_border_width
 .text.YACSWL_widget_set_displayed
                0x0000000008000ed0        0x6 ./3rdparty/YACSWL/src/YACSWL_widget.o
                0x0000000008000ed0                YACSWL_widget_set_displayed
 .text.YACSWL_widget_set_foreground_color
                0x0000000008000ed6       0x1a ./3rdparty/YACSWL/src/YACSWL_widget.o
                0x0000000008000ed6                YACSWL_widget_set_foreground_color
 .text.YACSWL_widget_set_background_color
                0x0000000008000ef0       0x1a ./3rdparty/YACSWL/src/YACSWL_widget.o
                0x0000000008000ef0                YACSWL_widget_set_background_color
 *fill*         0x0000000008000f0a        0x2 
 .text.APPD_EnableCPU2
                0x0000000008000f0c       0x38 ./Core/Src/app_debug.o
                0x0000000008000f0c                APPD_EnableCPU2
 .text.ShciUserEvtProcess
                0x0000000008000f44       0x14 ./Core/Src/app_entry.o
 .text.APPE_SysUserEvtRx
                0x0000000008000f58       0x74 ./Core/Src/app_entry.o
 .text.APPE_SysStatusNot
                0x0000000008000fcc       0x20 ./Core/Src/app_entry.o
 .text.MX_APPE_Config
                0x0000000008000fec       0x38 ./Core/Src/app_entry.o
                0x0000000008000fec                MX_APPE_Config
 .text.Init_Exti
                0x0000000008001024       0x14 ./Core/Src/app_entry.o
                0x0000000008001024                Init_Exti
 .text.MX_APPE_Init
                0x0000000008001038       0xd4 ./Core/Src/app_entry.o
                0x0000000008001038                MX_APPE_Init
 .text.HAL_Delay
                0x000000000800110c       0x34 ./Core/Src/app_entry.o
                0x000000000800110c                HAL_Delay
 .text.shci_notify_asynch_evt
                0x0000000008001140       0x10 ./Core/Src/app_entry.o
                0x0000000008001140                shci_notify_asynch_evt
 .text.shci_cmd_resp_release
                0x0000000008001150        0xc ./Core/Src/app_entry.o
                0x0000000008001150                shci_cmd_resp_release
 .text.shci_cmd_resp_wait
                0x000000000800115c       0x10 ./Core/Src/app_entry.o
                0x000000000800115c                shci_cmd_resp_wait
 .text.StartDefaultTask
                0x000000000800116c        0xa ./Core/Src/app_freertos.o
                0x000000000800116c                StartDefaultTask
 *fill*         0x0000000008001176        0x2 
 .text.MX_FREERTOS_Init
                0x0000000008001178       0x20 ./Core/Src/app_freertos.o
                0x0000000008001178                MX_FREERTOS_Init
 .text.MX_DMA_Init
                0x0000000008001198       0x40 ./Core/Src/dma.o
                0x0000000008001198                MX_DMA_Init
 .text.LL_AHB2_GRP1_EnableClock
                0x00000000080011d8       0x18 ./Core/Src/gpio.o
 .text.MX_GPIO_Init
                0x00000000080011f0      0x310 ./Core/Src/gpio.o
                0x00000000080011f0                MX_GPIO_Init
 .text.ReadRtcSsrValue
                0x0000000008001500       0x1c ./Core/Src/hw_timerserver.o
 .text.UnlinkTimer
                0x000000000800151c       0x80 ./Core/Src/hw_timerserver.o
 .text.ReturnTimeElapsed
                0x000000000800159c       0x48 ./Core/Src/hw_timerserver.o
 .text.RescheduleTimerList
                0x00000000080015e4      0x118 ./Core/Src/hw_timerserver.o
 .text.HW_TS_Init
                0x00000000080016fc      0x130 ./Core/Src/hw_timerserver.o
                0x00000000080016fc                HW_TS_Init
 .text.HW_TS_Create
                0x000000000800182c       0x54 ./Core/Src/hw_timerserver.o
                0x000000000800182c                HW_TS_Create
 .text.HW_TS_Stop
                0x0000000008001880       0xb0 ./Core/Src/hw_timerserver.o
                0x0000000008001880                HW_TS_Stop
 .text.HW_TS_Start
                0x0000000008001930      0x158 ./Core/Src/hw_timerserver.o
                0x0000000008001930                HW_TS_Start
 .text.HW_TS_RTC_Int_AppNot
                0x0000000008001a88        0x2 ./Core/Src/hw_timerserver.o
                0x0000000008001a88                HW_TS_RTC_Int_AppNot
 *fill*         0x0000000008001a8a        0x2 
 .text.HW_TS_RTC_Wakeup_Handler
                0x0000000008001a8c       0xc4 ./Core/Src/hw_timerserver.o
                0x0000000008001a8c                HW_TS_RTC_Wakeup_Handler
 .text.HAL_I2C_MspInit
                0x0000000008001b50       0x88 ./Core/Src/i2c.o
                0x0000000008001b50                HAL_I2C_MspInit
 .text.HAL_I2C_MspDeInit
                0x0000000008001bd8       0x38 ./Core/Src/i2c.o
                0x0000000008001bd8                HAL_I2C_MspDeInit
 .text.MX_IPCC_Init
                0x0000000008001c10       0x20 ./Core/Src/ipcc.o
                0x0000000008001c10                MX_IPCC_Init
 .text.HAL_IPCC_MspInit
                0x0000000008001c30       0x50 ./Core/Src/ipcc.o
                0x0000000008001c30                HAL_IPCC_MspInit
 .text.MX_IRTIM_Init
                0x0000000008001c80        0x2 ./Core/Src/irtim.o
                0x0000000008001c80                MX_IRTIM_Init
 *fill*         0x0000000008001c82        0x2 
 .text.__NVIC_SystemReset
                0x0000000008001c84       0x24 ./Core/Src/main.o
 .text.SystemClock_Config
                0x0000000008001ca8       0x98 ./Core/Src/main.o
                0x0000000008001ca8                SystemClock_Config
 .text.PeriphCommonClock_Config
                0x0000000008001d40       0x30 ./Core/Src/main.o
                0x0000000008001d40                PeriphCommonClock_Config
 .text.startup.main
                0x0000000008001d70      0x248 ./Core/Src/main.o
                0x0000000008001d70                main
 .text.HAL_TIM_PeriodElapsedCallback
                0x0000000008001fb8       0x1a ./Core/Src/main.o
                0x0000000008001fb8                HAL_TIM_PeriodElapsedCallback
 .text.Error_Handler
                0x0000000008001fd2        0x4 ./Core/Src/main.o
                0x0000000008001fd2                Error_Handler
 .text.MX_MEMORYMAP_Init
                0x0000000008001fd6        0x2 ./Core/Src/memorymap.o
                0x0000000008001fd6                MX_MEMORYMAP_Init
 .text.MX_RF_Init
                0x0000000008001fd8        0x2 ./Core/Src/rf.o
                0x0000000008001fd8                MX_RF_Init
 *fill*         0x0000000008001fda        0x2 
 .text.MX_RTC_Init
                0x0000000008001fdc       0x48 ./Core/Src/rtc.o
                0x0000000008001fdc                MX_RTC_Init
 .text.HAL_RTC_MspInit
                0x0000000008002024       0x6c ./Core/Src/rtc.o
                0x0000000008002024                HAL_RTC_MspInit
 .text.HAL_SPI_MspInit
                0x0000000008002090       0x8c ./Core/Src/spi.o
                0x0000000008002090                HAL_SPI_MspInit
 .text.HAL_MspInit
                0x000000000800211c       0x3a ./Core/Src/stm32wbxx_hal_msp.o
                0x000000000800211c                HAL_MspInit
 *fill*         0x0000000008002156        0x2 
 .text.HAL_InitTick
                0x0000000008002158       0x74 ./Core/Src/stm32wbxx_hal_timebase_tim.o
                0x0000000008002158                HAL_InitTick
 .text.NMI_Handler
                0x00000000080021cc        0x2 ./Core/Src/stm32wbxx_it.o
                0x00000000080021cc                NMI_Handler
 .text.HardFault_Handler
                0x00000000080021ce        0x2 ./Core/Src/stm32wbxx_it.o
                0x00000000080021ce                HardFault_Handler
 .text.MemManage_Handler
                0x00000000080021d0        0x2 ./Core/Src/stm32wbxx_it.o
                0x00000000080021d0                MemManage_Handler
 .text.BusFault_Handler
                0x00000000080021d2        0x2 ./Core/Src/stm32wbxx_it.o
                0x00000000080021d2                BusFault_Handler
 .text.UsageFault_Handler
                0x00000000080021d4        0x2 ./Core/Src/stm32wbxx_it.o
                0x00000000080021d4                UsageFault_Handler
 .text.DebugMon_Handler
                0x00000000080021d6        0x2 ./Core/Src/stm32wbxx_it.o
                0x00000000080021d6                DebugMon_Handler
 .text.RTC_WKUP_IRQHandler
                0x00000000080021d8        0x4 ./Core/Src/stm32wbxx_it.o
                0x00000000080021d8                RTC_WKUP_IRQHandler
 .text.TIM1_UP_TIM16_IRQHandler
                0x00000000080021dc        0xc ./Core/Src/stm32wbxx_it.o
                0x00000000080021dc                TIM1_UP_TIM16_IRQHandler
 .text.TIM2_IRQHandler
                0x00000000080021e8        0xc ./Core/Src/stm32wbxx_it.o
                0x00000000080021e8                TIM2_IRQHandler
 .text.IPCC_C1_RX_IRQHandler
                0x00000000080021f4        0x4 ./Core/Src/stm32wbxx_it.o
                0x00000000080021f4                IPCC_C1_RX_IRQHandler
 .text.IPCC_C1_TX_IRQHandler
                0x00000000080021f8        0x4 ./Core/Src/stm32wbxx_it.o
                0x00000000080021f8                IPCC_C1_TX_IRQHandler
 .text.HSEM_IRQHandler
                0x00000000080021fc        0x4 ./Core/Src/stm32wbxx_it.o
                0x00000000080021fc                HSEM_IRQHandler
 .text.DMA2_Channel4_IRQHandler
                0x0000000008002200        0xc ./Core/Src/stm32wbxx_it.o
                0x0000000008002200                DMA2_Channel4_IRQHandler
 .text.EXTI15_10_IRQHandler
                0x000000000800220c       0x12 ./Core/Src/stm32wbxx_it.o
                0x000000000800220c                EXTI15_10_IRQHandler
 .text._read    0x000000000800221e       0x1c ./Core/Src/syscalls.o
                0x000000000800221e                _read
 .text._write   0x000000000800223a       0x1c ./Core/Src/syscalls.o
                0x000000000800223a                _write
 .text._close   0x0000000008002256        0x6 ./Core/Src/syscalls.o
                0x0000000008002256                _close
 .text._fstat   0x000000000800225c        0xa ./Core/Src/syscalls.o
                0x000000000800225c                _fstat
 .text._isatty  0x0000000008002266        0x4 ./Core/Src/syscalls.o
                0x0000000008002266                _isatty
 .text._lseek   0x000000000800226a        0x4 ./Core/Src/syscalls.o
                0x000000000800226a                _lseek
 *fill*         0x000000000800226e        0x2 
 .text._sbrk    0x0000000008002270       0x40 ./Core/Src/sysmem.o
                0x0000000008002270                _sbrk
 .text.SystemInit
                0x00000000080022b0       0x64 ./Core/Src/system_stm32wbxx.o
                0x00000000080022b0                SystemInit
 .text.MX_TIM16_Init
                0x0000000008002314       0x98 ./Core/Src/tim.o
                0x0000000008002314                MX_TIM16_Init
 .text.MX_TIM17_Init
                0x00000000080023ac       0x98 ./Core/Src/tim.o
                0x00000000080023ac                MX_TIM17_Init
 .text.HAL_TIM_Base_MspInit
                0x0000000008002444       0x94 ./Core/Src/tim.o
                0x0000000008002444                HAL_TIM_Base_MspInit
 .text.MX_USART1_UART_Init
                0x00000000080024d8       0x64 ./Core/Src/usart.o
                0x00000000080024d8                MX_USART1_UART_Init
 .text.HAL_UART_MspInit
                0x000000000800253c       0xbc ./Core/Src/usart.o
                0x000000000800253c                HAL_UART_MspInit
 .text.VL53L0X_GetDeviceInfo
                0x00000000080025f8        0x4 ./Core/Src/vl53l0x/vl53l0x_api.o
                0x00000000080025f8                VL53L0X_GetDeviceInfo
 .text.VL53L0X_SetDeviceMode
                0x00000000080025fc       0x1c ./Core/Src/vl53l0x/vl53l0x_api.o
                0x00000000080025fc                VL53L0X_SetDeviceMode
 .text.VL53L0X_GetFractionEnable
                0x0000000008002618       0x18 ./Core/Src/vl53l0x/vl53l0x_api.o
                0x0000000008002618                VL53L0X_GetFractionEnable
 .text.VL53L0X_SetMeasurementTimingBudgetMicroSeconds
                0x0000000008002630        0x4 ./Core/Src/vl53l0x/vl53l0x_api.o
                0x0000000008002630                VL53L0X_SetMeasurementTimingBudgetMicroSeconds
 .text.VL53L0X_SetVcselPulsePeriod
                0x0000000008002634        0x4 ./Core/Src/vl53l0x/vl53l0x_api.o
                0x0000000008002634                VL53L0X_SetVcselPulsePeriod
 .text.VL53L0X_GetVcselPulsePeriod
                0x0000000008002638        0x4 ./Core/Src/vl53l0x/vl53l0x_api.o
                0x0000000008002638                VL53L0X_GetVcselPulsePeriod
 .text.VL53L0X_SetSequenceStepEnable
                0x000000000800263c       0xa4 ./Core/Src/vl53l0x/vl53l0x_api.o
                0x000000000800263c                VL53L0X_SetSequenceStepEnable
 .text.VL53L0X_GetSequenceStepEnables
                0x00000000080026e0       0x3a ./Core/Src/vl53l0x/vl53l0x_api.o
                0x00000000080026e0                VL53L0X_GetSequenceStepEnables
 .text.VL53L0X_GetSequenceStepTimeout
                0x000000000800271a       0x30 ./Core/Src/vl53l0x/vl53l0x_api.o
                0x000000000800271a                VL53L0X_GetSequenceStepTimeout
 .text.VL53L0X_GetInterMeasurementPeriodMilliSeconds
                0x000000000800274a       0x34 ./Core/Src/vl53l0x/vl53l0x_api.o
                0x000000000800274a                VL53L0X_GetInterMeasurementPeriodMilliSeconds
 .text.VL53L0X_GetXTalkCompensationEnable
                0x000000000800277e        0x8 ./Core/Src/vl53l0x/vl53l0x_api.o
                0x000000000800277e                VL53L0X_GetXTalkCompensationEnable
 .text.VL53L0X_GetXTalkCompensationRateMegaCps
                0x0000000008002786       0x2e ./Core/Src/vl53l0x/vl53l0x_api.o
                0x0000000008002786                VL53L0X_GetXTalkCompensationRateMegaCps
 .text.VL53L0X_SetLimitCheckEnable
                0x00000000080027b4       0x7e ./Core/Src/vl53l0x/vl53l0x_api.o
                0x00000000080027b4                VL53L0X_SetLimitCheckEnable
 .text.VL53L0X_GetLimitCheckEnable
                0x0000000008002832       0x18 ./Core/Src/vl53l0x/vl53l0x_api.o
                0x0000000008002832                VL53L0X_GetLimitCheckEnable
 .text.VL53L0X_SetLimitCheckValue
                0x000000000800284a       0x5a ./Core/Src/vl53l0x/vl53l0x_api.o
                0x000000000800284a                VL53L0X_SetLimitCheckValue
 .text.VL53L0X_GetLimitCheckValue
                0x00000000080028a4       0x6a ./Core/Src/vl53l0x/vl53l0x_api.o
                0x00000000080028a4                VL53L0X_GetLimitCheckValue
 .text.VL53L0X_GetWrapAroundCheckEnable
                0x000000000800290e       0x26 ./Core/Src/vl53l0x/vl53l0x_api.o
                0x000000000800290e                VL53L0X_GetWrapAroundCheckEnable
 .text.VL53L0X_GetDeviceParameters
                0x0000000008002934       0x76 ./Core/Src/vl53l0x/vl53l0x_api.o
                0x0000000008002934                VL53L0X_GetDeviceParameters
 *fill*         0x00000000080029aa        0x2 
 .text.VL53L0X_DataInit
                0x00000000080029ac       0xf4 ./Core/Src/vl53l0x/vl53l0x_api.o
                0x00000000080029ac                VL53L0X_DataInit
 .text.VL53L0X_PerformRefCalibration
                0x0000000008002aa0        0x6 ./Core/Src/vl53l0x/vl53l0x_api.o
                0x0000000008002aa0                VL53L0X_PerformRefCalibration
 .text.VL53L0X_GetRangingMeasurementData
                0x0000000008002aa6      0x128 ./Core/Src/vl53l0x/vl53l0x_api.o
                0x0000000008002aa6                VL53L0X_GetRangingMeasurementData
 *fill*         0x0000000008002bce        0x2 
 .text.VL53L0X_GetInterruptThresholds
                0x0000000008002bd0       0x40 ./Core/Src/vl53l0x/vl53l0x_api.o
                0x0000000008002bd0                VL53L0X_GetInterruptThresholds
 .text.VL53L0X_CheckAndLoadInterruptSettings
                0x0000000008002c10       0x84 ./Core/Src/vl53l0x/vl53l0x_api.o
                0x0000000008002c10                VL53L0X_CheckAndLoadInterruptSettings
 .text.VL53L0X_StartMeasurement
                0x0000000008002c94       0x7e ./Core/Src/vl53l0x/vl53l0x_api.o
                0x0000000008002c94                VL53L0X_StartMeasurement
 .text.VL53L0X_PerformSingleMeasurement
                0x0000000008002d12       0x28 ./Core/Src/vl53l0x/vl53l0x_api.o
                0x0000000008002d12                VL53L0X_PerformSingleMeasurement
 .text.VL53L0X_ClearInterruptMask
                0x0000000008002d3a       0x5a ./Core/Src/vl53l0x/vl53l0x_api.o
                0x0000000008002d3a                VL53L0X_ClearInterruptMask
 .text.VL53L0X_PerformSingleRangingMeasurement
                0x0000000008002d94       0x2c ./Core/Src/vl53l0x/vl53l0x_api.o
                0x0000000008002d94                VL53L0X_PerformSingleRangingMeasurement
 .text.VL53L0X_SetGpioConfig.part.0
                0x0000000008002dc0      0x116 ./Core/Src/vl53l0x/vl53l0x_api.o
 *fill*         0x0000000008002ed6        0x2 
 .text.VL53L0X_StaticInit
                0x0000000008002ed8      0x1a8 ./Core/Src/vl53l0x/vl53l0x_api.o
                0x0000000008002ed8                VL53L0X_StaticInit
 .text.VL53L0X_GetInterruptMaskStatus
                0x0000000008003080       0x26 ./Core/Src/vl53l0x/vl53l0x_api.o
                0x0000000008003080                VL53L0X_GetInterruptMaskStatus
 .text.VL53L0X_GetMeasurementDataReady
                0x00000000080030a6       0x3c ./Core/Src/vl53l0x/vl53l0x_api.o
                0x00000000080030a6                VL53L0X_GetMeasurementDataReady
 .text.VL53L0X_PerformRefSpadManagement
                0x00000000080030e2        0x4 ./Core/Src/vl53l0x/vl53l0x_api.o
                0x00000000080030e2                VL53L0X_PerformRefSpadManagement
 .text.VL53L0X_get_offset_calibration_data_micro_meter
                0x00000000080030e6       0x34 ./Core/Src/vl53l0x/vl53l0x_api_calibration.o
                0x00000000080030e6                VL53L0X_get_offset_calibration_data_micro_meter
 .text.get_next_good_spad
                0x000000000800311a       0x46 ./Core/Src/vl53l0x/vl53l0x_api_calibration.o
                0x000000000800311a                get_next_good_spad
 .text.is_aperture
                0x0000000008003160       0x14 ./Core/Src/vl53l0x/vl53l0x_api_calibration.o
                0x0000000008003160                is_aperture
 .text.enable_spad_bit
                0x0000000008003174       0x24 ./Core/Src/vl53l0x/vl53l0x_api_calibration.o
                0x0000000008003174                enable_spad_bit
 .text.set_ref_spad_map
                0x0000000008003198        0xa ./Core/Src/vl53l0x/vl53l0x_api_calibration.o
                0x0000000008003198                set_ref_spad_map
 .text.get_ref_spad_map
                0x00000000080031a2        0xa ./Core/Src/vl53l0x/vl53l0x_api_calibration.o
                0x00000000080031a2                get_ref_spad_map
 .text.enable_ref_spads
                0x00000000080031ac       0x90 ./Core/Src/vl53l0x/vl53l0x_api_calibration.o
                0x00000000080031ac                enable_ref_spads
 .text.perform_ref_signal_measurement
                0x000000000800323c       0x58 ./Core/Src/vl53l0x/vl53l0x_api_calibration.o
                0x000000000800323c                perform_ref_signal_measurement
 .text.VL53L0X_set_reference_spads
                0x0000000008003294       0x98 ./Core/Src/vl53l0x/vl53l0x_api_calibration.o
                0x0000000008003294                VL53L0X_set_reference_spads
 .text.VL53L0X_perform_single_ref_calibration
                0x000000000800332c       0x32 ./Core/Src/vl53l0x/vl53l0x_api_calibration.o
                0x000000000800332c                VL53L0X_perform_single_ref_calibration
 .text.VL53L0X_ref_calibration_io
                0x000000000800335e       0xd6 ./Core/Src/vl53l0x/vl53l0x_api_calibration.o
                0x000000000800335e                VL53L0X_ref_calibration_io
 .text.VL53L0X_perform_vhv_calibration
                0x0000000008003434       0x8a ./Core/Src/vl53l0x/vl53l0x_api_calibration.o
                0x0000000008003434                VL53L0X_perform_vhv_calibration
 .text.VL53L0X_perform_phase_calibration
                0x00000000080034be       0x86 ./Core/Src/vl53l0x/vl53l0x_api_calibration.o
                0x00000000080034be                VL53L0X_perform_phase_calibration
 .text.VL53L0X_perform_ref_calibration
                0x0000000008003544       0x38 ./Core/Src/vl53l0x/vl53l0x_api_calibration.o
                0x0000000008003544                VL53L0X_perform_ref_calibration
 .text.VL53L0X_perform_ref_spad_management
                0x000000000800357c      0x250 ./Core/Src/vl53l0x/vl53l0x_api_calibration.o
                0x000000000800357c                VL53L0X_perform_ref_spad_management
 .text.VL53L0X_measurement_poll_for_completion
                0x00000000080037cc       0x34 ./Core/Src/vl53l0x/vl53l0x_api_core.o
                0x00000000080037cc                VL53L0X_measurement_poll_for_completion
 .text.VL53L0X_isqrt
                0x0000000008003800       0x26 ./Core/Src/vl53l0x/vl53l0x_api_core.o
                0x0000000008003800                VL53L0X_isqrt
 .text.VL53L0X_device_read_strobe
                0x0000000008003826       0x44 ./Core/Src/vl53l0x/vl53l0x_api_core.o
                0x0000000008003826                VL53L0X_device_read_strobe
 .text.VL53L0X_get_info_from_device
                0x000000000800386a      0x560 ./Core/Src/vl53l0x/vl53l0x_api_core.o
                0x000000000800386a                VL53L0X_get_info_from_device
 .text.VL53L0X_encode_timeout
                0x0000000008003dca       0x1e ./Core/Src/vl53l0x/vl53l0x_api_core.o
                0x0000000008003dca                VL53L0X_encode_timeout
 .text.VL53L0X_decode_timeout
                0x0000000008003de8        0xc ./Core/Src/vl53l0x/vl53l0x_api_core.o
                0x0000000008003de8                VL53L0X_decode_timeout
 .text.VL53L0X_calc_timeout_mclks
                0x0000000008003df4       0x28 ./Core/Src/vl53l0x/vl53l0x_api_core.o
                0x0000000008003df4                VL53L0X_calc_timeout_mclks
 .text.VL53L0X_calc_timeout_us
                0x0000000008003e1c       0x28 ./Core/Src/vl53l0x/vl53l0x_api_core.o
                0x0000000008003e1c                VL53L0X_calc_timeout_us
 .text.get_sequence_step_timeout
                0x0000000008003e44       0xfe ./Core/Src/vl53l0x/vl53l0x_api_core.o
                0x0000000008003e44                get_sequence_step_timeout
 .text.set_sequence_step_timeout
                0x0000000008003f42      0x110 ./Core/Src/vl53l0x/vl53l0x_api_core.o
                0x0000000008003f42                set_sequence_step_timeout
 .text.VL53L0X_set_vcsel_pulse_period
                0x0000000008004052      0x1f8 ./Core/Src/vl53l0x/vl53l0x_api_core.o
                0x0000000008004052                VL53L0X_set_vcsel_pulse_period
 .text.VL53L0X_get_vcsel_pulse_period
                0x000000000800424a       0x34 ./Core/Src/vl53l0x/vl53l0x_api_core.o
                0x000000000800424a                VL53L0X_get_vcsel_pulse_period
 .text.VL53L0X_set_measurement_timing_budget_micro_seconds
                0x000000000800427e       0xd0 ./Core/Src/vl53l0x/vl53l0x_api_core.o
                0x000000000800427e                VL53L0X_set_measurement_timing_budget_micro_seconds
 .text.VL53L0X_get_measurement_timing_budget_micro_seconds
                0x000000000800434e       0xca ./Core/Src/vl53l0x/vl53l0x_api_core.o
                0x000000000800434e                VL53L0X_get_measurement_timing_budget_micro_seconds
 .text.VL53L0X_load_tuning_settings
                0x0000000008004418       0xa8 ./Core/Src/vl53l0x/vl53l0x_api_core.o
                0x0000000008004418                VL53L0X_load_tuning_settings
 .text.VL53L0X_get_total_xtalk_rate
                0x00000000080044c0       0x2c ./Core/Src/vl53l0x/vl53l0x_api_core.o
                0x00000000080044c0                VL53L0X_get_total_xtalk_rate
 .text.VL53L0X_get_total_signal_rate
                0x00000000080044ec       0x1c ./Core/Src/vl53l0x/vl53l0x_api_core.o
                0x00000000080044ec                VL53L0X_get_total_signal_rate
 .text.VL53L0X_calc_dmax
                0x0000000008004508       0xd8 ./Core/Src/vl53l0x/vl53l0x_api_core.o
                0x0000000008004508                VL53L0X_calc_dmax
 .text.VL53L0X_calc_sigma_estimate
                0x00000000080045e0      0x1f8 ./Core/Src/vl53l0x/vl53l0x_api_core.o
                0x00000000080045e0                VL53L0X_calc_sigma_estimate
 .text.VL53L0X_get_pal_range_status
                0x00000000080047d8      0x200 ./Core/Src/vl53l0x/vl53l0x_api_core.o
                0x00000000080047d8                VL53L0X_get_pal_range_status
 .text.VL53L0X_check_part_used
                0x00000000080049d8       0x38 ./Core/Src/vl53l0x/vl53l0x_api_strings.o
                0x00000000080049d8                VL53L0X_check_part_used
 .text.VL53L0X_get_device_info
                0x0000000008004a10       0x84 ./Core/Src/vl53l0x/vl53l0x_api_strings.o
                0x0000000008004a10                VL53L0X_get_device_info
 .text._I2CWrite
                0x0000000008004a94       0x1e ./Core/Src/vl53l0x/vl53l0x_tof.o
                0x0000000008004a94                _I2CWrite
 .text._I2CRead
                0x0000000008004ab2       0x20 ./Core/Src/vl53l0x/vl53l0x_tof.o
                0x0000000008004ab2                _I2CRead
 .text.VL53L0X_RdByte
                0x0000000008004ad2       0x2a ./Core/Src/vl53l0x/vl53l0x_tof.o
                0x0000000008004ad2                VL53L0X_RdByte
 .text.VL53L0X_WriteMulti
                0x0000000008004afc       0x3c ./Core/Src/vl53l0x/vl53l0x_tof.o
                0x0000000008004afc                VL53L0X_WriteMulti
 .text.VL53L0X_ReadMulti
                0x0000000008004b38       0x2c ./Core/Src/vl53l0x/vl53l0x_tof.o
                0x0000000008004b38                VL53L0X_ReadMulti
 .text.VL53L0X_RdWord
                0x0000000008004b64       0x40 ./Core/Src/vl53l0x/vl53l0x_tof.o
                0x0000000008004b64                VL53L0X_RdWord
 .text.VL53L0X_RdDWord
                0x0000000008004ba4       0x4c ./Core/Src/vl53l0x/vl53l0x_tof.o
                0x0000000008004ba4                VL53L0X_RdDWord
 .text.VL53L0X_WrByte
                0x0000000008004bf0       0x20 ./Core/Src/vl53l0x/vl53l0x_tof.o
                0x0000000008004bf0                VL53L0X_WrByte
 .text.VL53L0X_WrWord
                0x0000000008004c10       0x24 ./Core/Src/vl53l0x/vl53l0x_tof.o
                0x0000000008004c10                VL53L0X_WrWord
 .text.VL53L0X_UpdateByte
                0x0000000008004c34       0x2e ./Core/Src/vl53l0x/vl53l0x_tof.o
                0x0000000008004c34                VL53L0X_UpdateByte
 .text.VL53L0X_PollingDelay
                0x0000000008004c62        0xc ./Core/Src/vl53l0x/vl53l0x_tof.o
                0x0000000008004c62                VL53L0X_PollingDelay
 *fill*         0x0000000008004c6e        0x2 
 .text.SetupSingleShot
                0x0000000008004c70      0x100 ./Core/Src/vl53l0x/vl53l0x_tof.o
                0x0000000008004c70                SetupSingleShot
 .text.data_initializers
                0x0000000008004d70       0x18 ./Core/Startup/startup_stm32wb5mmghx.o
 .text.Reset_Handler
                0x0000000008004d88       0x58 ./Core/Startup/startup_stm32wb5mmghx.o
                0x0000000008004d88                Reset_Handler
 .text.Default_Handler
                0x0000000008004de0        0x2 ./Core/Startup/startup_stm32wb5mmghx.o
                0x0000000008004de0                RTC_Alarm_IRQHandler
                0x0000000008004de0                EXTI2_IRQHandler
                0x0000000008004de0                TIM1_CC_IRQHandler
                0x0000000008004de0                TSC_IRQHandler
                0x0000000008004de0                USB_HP_IRQHandler
                0x0000000008004de0                EXTI3_IRQHandler
                0x0000000008004de0                LPTIM2_IRQHandler
                0x0000000008004de0                I2C3_ER_IRQHandler
                0x0000000008004de0                EXTI0_IRQHandler
                0x0000000008004de0                FPU_IRQHandler
                0x0000000008004de0                AES1_IRQHandler
                0x0000000008004de0                SPI1_IRQHandler
                0x0000000008004de0                PWR_SOTF_BLEACT_802ACT_RFPHASE_IRQHandler
                0x0000000008004de0                DMA2_Channel2_IRQHandler
                0x0000000008004de0                DMA1_Channel4_IRQHandler
                0x0000000008004de0                ADC1_IRQHandler
                0x0000000008004de0                PKA_IRQHandler
                0x0000000008004de0                DMA1_Channel7_IRQHandler
                0x0000000008004de0                LCD_IRQHandler
                0x0000000008004de0                DMA2_Channel1_IRQHandler
                0x0000000008004de0                QUADSPI_IRQHandler
                0x0000000008004de0                I2C1_EV_IRQHandler
                0x0000000008004de0                DMAMUX1_OVR_IRQHandler
                0x0000000008004de0                DMA1_Channel6_IRQHandler
                0x0000000008004de0                RCC_IRQHandler
                0x0000000008004de0                DMA1_Channel1_IRQHandler
                0x0000000008004de0                Default_Handler
                0x0000000008004de0                DMA2_Channel7_IRQHandler
                0x0000000008004de0                C2SEV_PWR_C2H_IRQHandler
                0x0000000008004de0                AES2_IRQHandler
                0x0000000008004de0                I2C3_EV_IRQHandler
                0x0000000008004de0                EXTI9_5_IRQHandler
                0x0000000008004de0                PVD_PVM_IRQHandler
                0x0000000008004de0                SPI2_IRQHandler
                0x0000000008004de0                DMA2_Channel5_IRQHandler
                0x0000000008004de0                CRS_IRQHandler
                0x0000000008004de0                DMA1_Channel5_IRQHandler
                0x0000000008004de0                USB_LP_IRQHandler
                0x0000000008004de0                EXTI4_IRQHandler
                0x0000000008004de0                RNG_IRQHandler
                0x0000000008004de0                TIM1_TRG_COM_TIM17_IRQHandler
                0x0000000008004de0                TAMP_STAMP_LSECSS_IRQHandler
                0x0000000008004de0                DMA1_Channel3_IRQHandler
                0x0000000008004de0                COMP_IRQHandler
                0x0000000008004de0                WWDG_IRQHandler
                0x0000000008004de0                LPUART1_IRQHandler
                0x0000000008004de0                DMA2_Channel6_IRQHandler
                0x0000000008004de0                TIM1_BRK_IRQHandler
                0x0000000008004de0                EXTI1_IRQHandler
                0x0000000008004de0                DMA1_Channel2_IRQHandler
                0x0000000008004de0                FLASH_IRQHandler
                0x0000000008004de0                USART1_IRQHandler
                0x0000000008004de0                I2C1_ER_IRQHandler
                0x0000000008004de0                LPTIM1_IRQHandler
                0x0000000008004de0                SAI1_IRQHandler
                0x0000000008004de0                DMA2_Channel3_IRQHandler
 *fill*         0x0000000008004de2        0x2 
 .text.vHMICM_enter_edit
                0x0000000008004de4       0x10 ./Core/task/src/HMI_screen_ctrl_mode.o
                0x0000000008004de4                vHMICM_enter_edit
 .text.vHMICM_cancel_edit
                0x0000000008004df4       0x10 ./Core/task/src/HMI_screen_ctrl_mode.o
                0x0000000008004df4                vHMICM_cancel_edit
 .text.vHMICM_init
                0x0000000008004e04       0xe8 ./Core/task/src/HMI_screen_ctrl_mode.o
                0x0000000008004e04                vHMICM_init
 .text.vHMICM_enter_screen
                0x0000000008004eec       0x18 ./Core/task/src/HMI_screen_ctrl_mode.o
                0x0000000008004eec                vHMICM_enter_screen
 .text.vHMICM_leave_screen
                0x0000000008004f04       0x18 ./Core/task/src/HMI_screen_ctrl_mode.o
                0x0000000008004f04                vHMICM_leave_screen
 .text.vHMICM_update
                0x0000000008004f1c       0x94 ./Core/task/src/HMI_screen_ctrl_mode.o
                0x0000000008004f1c                vHMICM_update
 .text.vHMICM_validate_edit
                0x0000000008004fb0       0x30 ./Core/task/src/HMI_screen_ctrl_mode.o
                0x0000000008004fb0                vHMICM_validate_edit
 .text.vHMIHM_enter_edit
                0x0000000008004fe0       0x10 ./Core/task/src/HMI_screen_heating_mode.o
                0x0000000008004fe0                vHMIHM_enter_edit
 .text.vHMIHM_cancel_edit
                0x0000000008004ff0       0x10 ./Core/task/src/HMI_screen_heating_mode.o
                0x0000000008004ff0                vHMIHM_cancel_edit
 .text.vHMIHM_init
                0x0000000008005000       0xe8 ./Core/task/src/HMI_screen_heating_mode.o
                0x0000000008005000                vHMIHM_init
 .text.vHMIHM_enter_screen
                0x00000000080050e8       0x18 ./Core/task/src/HMI_screen_heating_mode.o
                0x00000000080050e8                vHMIHM_enter_screen
 .text.vHMIHM_leave_screen
                0x0000000008005100       0x18 ./Core/task/src/HMI_screen_heating_mode.o
                0x0000000008005100                vHMIHM_leave_screen
 .text.vHMIHM_update
                0x0000000008005118       0xa8 ./Core/task/src/HMI_screen_heating_mode.o
                0x0000000008005118                vHMIHM_update
 .text.vHMIHM_validate_edit
                0x00000000080051c0       0x34 ./Core/task/src/HMI_screen_heating_mode.o
                0x00000000080051c0                vHMIHM_validate_edit
 .text.vHMISM_init
                0x00000000080051f4       0xa4 ./Core/task/src/HMI_screen_main.o
                0x00000000080051f4                vHMISM_init
 .text.vHMISM_enter_screen
                0x0000000008005298       0x18 ./Core/task/src/HMI_screen_main.o
                0x0000000008005298                vHMISM_enter_screen
 .text.vHMISM_leave_screen
                0x00000000080052b0       0x18 ./Core/task/src/HMI_screen_main.o
                0x00000000080052b0                vHMISM_leave_screen
 .text.vHMISM_update
                0x00000000080052c8       0x44 ./Core/task/src/HMI_screen_main.o
                0x00000000080052c8                vHMISM_update
 .text.vHMITS_enter_edit
                0x000000000800530c       0x10 ./Core/task/src/HMI_screen_temperature_setpoint.o
                0x000000000800530c                vHMITS_enter_edit
 .text.vHMITS_cancel_edit
                0x000000000800531c       0x10 ./Core/task/src/HMI_screen_temperature_setpoint.o
                0x000000000800531c                vHMITS_cancel_edit
 .text.vHMITS_init
                0x000000000800532c       0xe8 ./Core/task/src/HMI_screen_temperature_setpoint.o
                0x000000000800532c                vHMITS_init
 .text.vHMITS_enter_screen
                0x0000000008005414       0x18 ./Core/task/src/HMI_screen_temperature_setpoint.o
                0x0000000008005414                vHMITS_enter_screen
 .text.vHMITS_leave_screen
                0x000000000800542c       0x18 ./Core/task/src/HMI_screen_temperature_setpoint.o
                0x000000000800542c                vHMITS_leave_screen
 .text.vHMITS_validate_edit
                0x0000000008005444       0x34 ./Core/task/src/HMI_screen_temperature_setpoint.o
                0x0000000008005444                vHMITS_validate_edit
 .text.vHMITS_update
                0x0000000008005478       0xb4 ./Core/task/src/HMI_screen_temperature_setpoint.o
                0x0000000008005478                vHMITS_update
 .text.vHMISB_init
                0x000000000800552c      0x16c ./Core/task/src/HMI_status_bar.o
                0x000000000800552c                vHMISB_init
 .text.vHMISB_update
                0x0000000008005698       0x70 ./Core/task/src/HMI_status_bar.o
                0x0000000008005698                vHMISB_update
 .text.u16HMISB_get_height
                0x0000000008005708        0xc ./Core/task/src/HMI_status_bar.o
                0x0000000008005708                u16HMISB_get_height
 .text.SIRC_Encode_Init
                0x0000000008005714      0x154 ./Core/task/src/ir_atl_encode.o
                0x0000000008005714                SIRC_Encode_Init
 .text.SIRC_Encode_SignalGenerate
                0x0000000008005868       0xc0 ./Core/task/src/ir_atl_encode.o
                0x0000000008005868                SIRC_Encode_SignalGenerate
 .text.IRATL_PWForm_position_pulse
                0x0000000008005928       0x2c ./Core/task/src/ir_atl_encode.o
                0x0000000008005928                IRATL_PWForm_position_pulse
 .text.IRATL_PWForm_append_bit_zero
                0x0000000008005954       0x20 ./Core/task/src/ir_atl_encode.o
                0x0000000008005954                IRATL_PWForm_append_bit_zero
 .text.IRATL_PwForm_append_bit_one
                0x0000000008005974       0x20 ./Core/task/src/ir_atl_encode.o
                0x0000000008005974                IRATL_PwForm_append_bit_one
 .text.IRATL_transmit_frame
                0x0000000008005994       0x8c ./Core/task/src/ir_atl_encode.o
                0x0000000008005994                IRATL_transmit_frame
 .text.HAL_TIM_PeriodElapsedCallback_IR
                0x0000000008005a20       0x20 ./Core/task/src/ir_common.o
                0x0000000008005a20                HAL_TIM_PeriodElapsedCallback_IR
 .text.TIM_ForcedOC1Config
                0x0000000008005a40       0x18 ./Core/task/src/ir_common.o
                0x0000000008005a40                TIM_ForcedOC1Config
 .text.HMI_init_display
                0x0000000008005a58       0x44 ./Core/task/src/tsk_HMI.o
                0x0000000008005a58                HMI_init_display
 .text.HMI_set_screen_label
                0x0000000008005a9c       0x18 ./Core/task/src/tsk_HMI.o
                0x0000000008005a9c                HMI_set_screen_label
 .text.HMI_init_widget
                0x0000000008005ab4      0x114 ./Core/task/src/tsk_HMI.o
                0x0000000008005ab4                HMI_init_widget
 .text.HMI_handle_incomming_messages_clim_status_mode
                0x0000000008005bc8       0x20 ./Core/task/src/tsk_HMI.o
                0x0000000008005bc8                HMI_handle_incomming_messages_clim_status_mode
 .text.HMI_handle_incomming_messages_feedback
                0x0000000008005be8       0x60 ./Core/task/src/tsk_HMI.o
                0x0000000008005be8                HMI_handle_incomming_messages_feedback
 .text.HMI_handle_incomming_messages_range
                0x0000000008005c48       0x2c ./Core/task/src/tsk_HMI.o
                0x0000000008005c48                HMI_handle_incomming_messages_range
 .text.HMI_btn_cb_enter_leaved_edit_mode
                0x0000000008005c74       0x5c ./Core/task/src/tsk_HMI.o
                0x0000000008005c74                HMI_btn_cb_enter_leaved_edit_mode
 .text.HMI_cancel_edit_mode
                0x0000000008005cd0       0x24 ./Core/task/src/tsk_HMI.o
                0x0000000008005cd0                HMI_cancel_edit_mode
 .text.HMI_go_to_main_screen
                0x0000000008005cf4       0x40 ./Core/task/src/tsk_HMI.o
                0x0000000008005cf4                HMI_go_to_main_screen
 .text.HMI_evaluate_autotransition_to_main
                0x0000000008005d34       0x2c ./Core/task/src/tsk_HMI.o
                0x0000000008005d34                HMI_evaluate_autotransition_to_main
 .text.HMI_btn_cb_go_to_next_screen
                0x0000000008005d60       0x60 ./Core/task/src/tsk_HMI.o
                0x0000000008005d60                HMI_btn_cb_go_to_next_screen
 .text.HMI_handle_incomming_messages_btn
                0x0000000008005dc0       0x34 ./Core/task/src/tsk_HMI.o
                0x0000000008005dc0                HMI_handle_incomming_messages_btn
 .text.HMI_handle_incomming_messages
                0x0000000008005df4       0x4e ./Core/task/src/tsk_HMI.o
                0x0000000008005df4                HMI_handle_incomming_messages
 .text.HMI_init_button
                0x0000000008005e42       0x16 ./Core/task/src/tsk_HMI.o
                0x0000000008005e42                HMI_init_button
 .text.vHMI_task
                0x0000000008005e58      0x10c ./Core/task/src/tsk_HMI.o
                0x0000000008005e58                vHMI_task
 .text.BSP_PB_Callback
                0x0000000008005f64       0x3c ./Core/task/src/tsk_HMI.o
                0x0000000008005f64                BSP_PB_Callback
 .text.IRATL_handle_incomming_message
                0x0000000008005fa0       0x24 ./Core/task/src/tsk_IR_ATL.o
                0x0000000008005fa0                IRATL_handle_incomming_message
 .text.IRATL_build_and_send_off_message
                0x0000000008005fc4       0x12 ./Core/task/src/tsk_IR_ATL.o
                0x0000000008005fc4                IRATL_build_and_send_off_message
 .text.IRATL_build_and_send_on_message
                0x0000000008005fd6       0x74 ./Core/task/src/tsk_IR_ATL.o
                0x0000000008005fd6                IRATL_build_and_send_on_message
 *fill*         0x000000000800604a        0x2 
 .text.IRATL_evaluate_sending_over_IR
                0x000000000800604c       0x50 ./Core/task/src/tsk_IR_ATL.o
                0x000000000800604c                IRATL_evaluate_sending_over_IR
 .text.vIRATL_task
                0x000000000800609c       0x6c ./Core/task/src/tsk_IR_ATL.o
                0x000000000800609c                vIRATL_task
 .text.MAIN_send_hmi_feedback_clim_status
                0x0000000008006108       0x2c ./Core/task/src/tsk_MAIN.o
                0x0000000008006108                MAIN_send_hmi_feedback_clim_status
 .text.MAIN_send_hmi_feedback_ble_status
                0x0000000008006134       0x28 ./Core/task/src/tsk_MAIN.o
                0x0000000008006134                MAIN_send_hmi_feedback_ble_status
 .text.MAIN_send_hmi_feedback_ctrl_mode
                0x000000000800615c       0x1c ./Core/task/src/tsk_MAIN.o
                0x000000000800615c                MAIN_send_hmi_feedback_ctrl_mode
 .text.MAIN_init
                0x0000000008006178       0x40 ./Core/task/src/tsk_MAIN.o
                0x0000000008006178                MAIN_init
 .text.MAIN_send_hmi_feedback_temperature
                0x00000000080061b8       0x28 ./Core/task/src/tsk_MAIN.o
                0x00000000080061b8                MAIN_send_hmi_feedback_temperature
 .text.MAIN_handle_incom_msgs_temperature
                0x00000000080061e0       0x34 ./Core/task/src/tsk_MAIN.o
                0x00000000080061e0                MAIN_handle_incom_msgs_temperature
 .text.MAIN_send_IR_setpoint
                0x0000000008006214       0x24 ./Core/task/src/tsk_MAIN.o
                0x0000000008006214                MAIN_send_IR_setpoint
 .text.MAIN_handle_incom_msgs_hmi_setpoint_temperature
                0x0000000008006238       0x2c ./Core/task/src/tsk_MAIN.o
                0x0000000008006238                MAIN_handle_incom_msgs_hmi_setpoint_temperature
 .text.MAIN_handle_incom_msgs_hmi_setpoint_clim_mode
                0x0000000008006264       0x2c ./Core/task/src/tsk_MAIN.o
                0x0000000008006264                MAIN_handle_incom_msgs_hmi_setpoint_clim_mode
 .text.MAIN_handle_incom_msgs_hmi_setpoint_ctrlmode
                0x0000000008006290       0x24 ./Core/task/src/tsk_MAIN.o
                0x0000000008006290                MAIN_handle_incom_msgs_hmi_setpoint_ctrlmode
 .text.MAIN_handle_incom_msgs_hmi_setpoint
                0x00000000080062b4       0x68 ./Core/task/src/tsk_MAIN.o
                0x00000000080062b4                MAIN_handle_incom_msgs_hmi_setpoint
 .text.MAIN_handle_incom_msgs
                0x000000000800631c       0x44 ./Core/task/src/tsk_MAIN.o
                0x000000000800631c                MAIN_handle_incom_msgs
 .text.vMAIN_task
                0x0000000008006360       0xb0 ./Core/task/src/tsk_MAIN.o
                0x0000000008006360                vMAIN_task
 .text.vTEMP_task
                0x0000000008006410       0xc8 ./Core/task/src/tsk_TEMP.o
                0x0000000008006410                vTEMP_task
 .text.vTOF_task
                0x00000000080064d8      0x138 ./Core/task/src/tsk_TOF.o
                0x00000000080064d8                vTOF_task
 .text.vWDGT_task
                0x0000000008006610       0x6a ./Core/task/src/tsk_WDGT.o
                0x0000000008006610                vWDGT_task
 .text.vTskCommon_ErrorLoop
                0x000000000800667a        0xc ./Core/task/src/tsk_common.o
                0x000000000800667a                vTskCommon_ErrorLoop
 .text.SSD1315_ReadID
                0x0000000008006686        0x6 ./Drivers/BSP/Components/ssd1315/ssd1315.o
                0x0000000008006686                SSD1315_ReadID
 .text.SSD1315_SetBrightness
                0x000000000800668c        0x6 ./Drivers/BSP/Components/ssd1315/ssd1315.o
                0x000000000800668c                SSD1315_SetBrightness
 .text.SSD1315_SetCursor
                0x0000000008006692        0x6 ./Drivers/BSP/Components/ssd1315/ssd1315.o
                0x0000000008006692                SSD1315_SetCursor
 .text.SSD1315_GetXSize
                0x0000000008006698       0x10 ./Drivers/BSP/Components/ssd1315/ssd1315.o
                0x0000000008006698                SSD1315_GetXSize
 .text.SSD1315_GetYSize
                0x00000000080066a8       0x10 ./Drivers/BSP/Components/ssd1315/ssd1315.o
                0x00000000080066a8                SSD1315_GetYSize
 .text.SSD1315_GetFrameBuffer
                0x00000000080066b8       0x18 ./Drivers/BSP/Components/ssd1315/ssd1315.o
                0x00000000080066b8                SSD1315_GetFrameBuffer
 .text.SSD1315_ReadRegWrap
                0x00000000080066d0       0x14 ./Drivers/BSP/Components/ssd1315/ssd1315.o
 .text.SSD1315_WriteRegWrap
                0x00000000080066e4       0x14 ./Drivers/BSP/Components/ssd1315/ssd1315.o
 .text.SSD1315_DisplayOn
                0x00000000080066f8       0x54 ./Drivers/BSP/Components/ssd1315/ssd1315.o
                0x00000000080066f8                SSD1315_DisplayOn
 .text.SSD1315_DisplayOff
                0x000000000800674c       0x54 ./Drivers/BSP/Components/ssd1315/ssd1315.o
                0x000000000800674c                SSD1315_DisplayOff
 .text.SSD1315_Refresh
                0x00000000080067a0       0xc0 ./Drivers/BSP/Components/ssd1315/ssd1315.o
                0x00000000080067a0                SSD1315_Refresh
 .text.SSD1315_SetPage
                0x0000000008006860       0x26 ./Drivers/BSP/Components/ssd1315/ssd1315.o
                0x0000000008006860                SSD1315_SetPage
 .text.SSD1315_SetColumn
                0x0000000008006886       0x54 ./Drivers/BSP/Components/ssd1315/ssd1315.o
                0x0000000008006886                SSD1315_SetColumn
 .text.SSD1315_ScrollingSetup
                0x00000000080068da       0xae ./Drivers/BSP/Components/ssd1315/ssd1315.o
                0x00000000080068da                SSD1315_ScrollingSetup
 .text.SSD1315_ScrollingStart
                0x0000000008006988       0x24 ./Drivers/BSP/Components/ssd1315/ssd1315.o
                0x0000000008006988                SSD1315_ScrollingStart
 .text.SSD1315_ScrollingStop
                0x00000000080069ac       0x24 ./Drivers/BSP/Components/ssd1315/ssd1315.o
                0x00000000080069ac                SSD1315_ScrollingStop
 .text.SSD1315_SetPixel.part.0
                0x00000000080069d0       0x1c ./Drivers/BSP/Components/ssd1315/ssd1315.o
 .text.SSD1315_SetPixel
                0x00000000080069ec       0x30 ./Drivers/BSP/Components/ssd1315/ssd1315.o
                0x00000000080069ec                SSD1315_SetPixel
 .text.SSD1315_FillRGBRect
                0x0000000008006a1c       0x52 ./Drivers/BSP/Components/ssd1315/ssd1315.o
                0x0000000008006a1c                SSD1315_FillRGBRect
 .text.SSD1315_DrawHLine
                0x0000000008006a6e       0x22 ./Drivers/BSP/Components/ssd1315/ssd1315.o
                0x0000000008006a6e                SSD1315_DrawHLine
 .text.SSD1315_FillRect
                0x0000000008006a90       0x38 ./Drivers/BSP/Components/ssd1315/ssd1315.o
                0x0000000008006a90                SSD1315_FillRect
 .text.SSD1315_DrawVLine
                0x0000000008006ac8       0x22 ./Drivers/BSP/Components/ssd1315/ssd1315.o
                0x0000000008006ac8                SSD1315_DrawVLine
 *fill*         0x0000000008006aea        0x2 
 .text.SSD1315_DrawBitmap
                0x0000000008006aec      0x118 ./Drivers/BSP/Components/ssd1315/ssd1315.o
                0x0000000008006aec                SSD1315_DrawBitmap
 .text.SSD1315_ShiftBitmap
                0x0000000008006c04      0x134 ./Drivers/BSP/Components/ssd1315/ssd1315.o
                0x0000000008006c04                SSD1315_ShiftBitmap
 .text.SSD1315_GetPixel
                0x0000000008006d38       0x34 ./Drivers/BSP/Components/ssd1315/ssd1315.o
                0x0000000008006d38                SSD1315_GetPixel
 .text.SSD1315_DeInit
                0x0000000008006d6c       0x22 ./Drivers/BSP/Components/ssd1315/ssd1315.o
                0x0000000008006d6c                SSD1315_DeInit
 .text.SSD1315_GetBrightness
                0x0000000008006d8e        0x6 ./Drivers/BSP/Components/ssd1315/ssd1315.o
                0x0000000008006d8e                SSD1315_GetBrightness
 .text.SSD1315_Init
                0x0000000008006d94      0x12c ./Drivers/BSP/Components/ssd1315/ssd1315.o
                0x0000000008006d94                SSD1315_Init
 .text.SSD1315_GetOrientation
                0x0000000008006ec0        0x6 ./Drivers/BSP/Components/ssd1315/ssd1315.o
                0x0000000008006ec0                SSD1315_GetOrientation
 .text.SSD1315_SetOrientation
                0x0000000008006ec6        0x6 ./Drivers/BSP/Components/ssd1315/ssd1315.o
                0x0000000008006ec6                SSD1315_SetOrientation
 .text.SSD1315_RegisterBusIO
                0x0000000008006ecc       0x34 ./Drivers/BSP/Components/ssd1315/ssd1315.o
                0x0000000008006ecc                SSD1315_RegisterBusIO
 .text.ssd1315_write_reg
                0x0000000008006f00        0xe ./Drivers/BSP/Components/ssd1315/ssd1315_reg.o
                0x0000000008006f00                ssd1315_write_reg
 *fill*         0x0000000008006f0e        0x2 
 .text.STTS22H_GetCapabilities
                0x0000000008006f10       0x18 ./Drivers/BSP/Components/stts22h/stts22h.o
                0x0000000008006f10                STTS22H_GetCapabilities
 .text.STTS22H_Init
                0x0000000008006f28       0x48 ./Drivers/BSP/Components/stts22h/stts22h.o
                0x0000000008006f28                STTS22H_Init
 .text.STTS22H_TEMP_SetOutputDataRate
                0x0000000008006f70       0x64 ./Drivers/BSP/Components/stts22h/stts22h.o
                0x0000000008006f70                STTS22H_TEMP_SetOutputDataRate
 .text.STTS22H_ReadID
                0x0000000008006fd4       0x20 ./Drivers/BSP/Components/stts22h/stts22h.o
                0x0000000008006fd4                STTS22H_ReadID
 .text.STTS22H_TEMP_GetOutputDataRate
                0x0000000008006ff4       0x64 ./Drivers/BSP/Components/stts22h/stts22h.o
                0x0000000008006ff4                STTS22H_TEMP_GetOutputDataRate
 .text.STTS22H_TEMP_GetTemperature
                0x0000000008007058       0x2a ./Drivers/BSP/Components/stts22h/stts22h.o
                0x0000000008007058                STTS22H_TEMP_GetTemperature
 .text.ReadRegWrap
                0x0000000008007082       0x38 ./Drivers/BSP/Components/stts22h/stts22h.o
 .text.WriteRegWrap
                0x00000000080070ba       0x38 ./Drivers/BSP/Components/stts22h/stts22h.o
 .text.STTS22H_TEMP_Enable
                0x00000000080070f2       0x28 ./Drivers/BSP/Components/stts22h/stts22h.o
                0x00000000080070f2                STTS22H_TEMP_Enable
 .text.STTS22H_TEMP_Disable
                0x000000000800711a       0x32 ./Drivers/BSP/Components/stts22h/stts22h.o
                0x000000000800711a                STTS22H_TEMP_Disable
 .text.STTS22H_DeInit
                0x000000000800714c       0x22 ./Drivers/BSP/Components/stts22h/stts22h.o
                0x000000000800714c                STTS22H_DeInit
 *fill*         0x000000000800716e        0x2 
 .text.STTS22H_RegisterBusIO
                0x0000000008007170       0x3c ./Drivers/BSP/Components/stts22h/stts22h.o
                0x0000000008007170                STTS22H_RegisterBusIO
 .text.stts22h_read_reg
                0x00000000080071ac        0xe ./Drivers/BSP/Components/stts22h/stts22h_reg.o
                0x00000000080071ac                stts22h_read_reg
 .text.stts22h_write_reg
                0x00000000080071ba        0xe ./Drivers/BSP/Components/stts22h/stts22h_reg.o
                0x00000000080071ba                stts22h_write_reg
 .text.stts22h_from_lsb_to_celsius
                0x00000000080071c8       0x18 ./Drivers/BSP/Components/stts22h/stts22h_reg.o
                0x00000000080071c8                stts22h_from_lsb_to_celsius
 .text.stts22h_temp_data_rate_set
                0x00000000080071e0      0x116 ./Drivers/BSP/Components/stts22h/stts22h_reg.o
                0x00000000080071e0                stts22h_temp_data_rate_set
 .text.stts22h_temp_data_rate_get
                0x00000000080072f6       0x4c ./Drivers/BSP/Components/stts22h/stts22h_reg.o
                0x00000000080072f6                stts22h_temp_data_rate_get
 .text.stts22h_block_data_update_set
                0x0000000008007342       0x2e ./Drivers/BSP/Components/stts22h/stts22h_reg.o
                0x0000000008007342                stts22h_block_data_update_set
 .text.stts22h_temperature_raw_get
                0x0000000008007370       0x20 ./Drivers/BSP/Components/stts22h/stts22h_reg.o
                0x0000000008007370                stts22h_temperature_raw_get
 .text.stts22h_dev_id_get
                0x0000000008007390        0xa ./Drivers/BSP/Components/stts22h/stts22h_reg.o
                0x0000000008007390                stts22h_dev_id_get
 .text.stts22h_auto_increment_set
                0x000000000800739a       0x2e ./Drivers/BSP/Components/stts22h/stts22h_reg.o
                0x000000000800739a                stts22h_auto_increment_set
 .text.LL_AHB2_GRP1_EnableClock
                0x00000000080073c8       0x18 ./Drivers/BSP/STM32WB5MM-DK/stm32wb5mm_dk.o
 .text.BSP_PB_Init
                0x00000000080073e0       0xa8 ./Drivers/BSP/STM32WB5MM-DK/stm32wb5mm_dk.o
                0x00000000080073e0                BSP_PB_Init
 .text.BUTTON_USER2_EXTI_Callback
                0x0000000008007488        0xa ./Drivers/BSP/STM32WB5MM-DK/stm32wb5mm_dk.o
 .text.BUTTON_USER1_EXTI_Callback
                0x0000000008007492        0xa ./Drivers/BSP/STM32WB5MM-DK/stm32wb5mm_dk.o
 .text.BSP_PB_IRQHandler
                0x000000000800749c       0x10 ./Drivers/BSP/STM32WB5MM-DK/stm32wb5mm_dk.o
                0x000000000800749c                BSP_PB_IRQHandler
 .text.LL_AHB2_GRP1_EnableClock
                0x00000000080074ac       0x18 ./Drivers/BSP/STM32WB5MM-DK/stm32wb5mm_dk_bus.o
 .text.I2C3_WriteReg.part.0
                0x00000000080074c4       0x3c ./Drivers/BSP/STM32WB5MM-DK/stm32wb5mm_dk_bus.o
 .text.BSP_I2C3_DeInit
                0x0000000008007500       0x50 ./Drivers/BSP/STM32WB5MM-DK/stm32wb5mm_dk_bus.o
                0x0000000008007500                BSP_I2C3_DeInit
 .text.BSP_I2C3_WriteReg
                0x0000000008007550       0x2c ./Drivers/BSP/STM32WB5MM-DK/stm32wb5mm_dk_bus.o
                0x0000000008007550                BSP_I2C3_WriteReg
 .text.BSP_I2C3_ReadReg
                0x000000000800757c       0x2c ./Drivers/BSP/STM32WB5MM-DK/stm32wb5mm_dk_bus.o
                0x000000000800757c                BSP_I2C3_ReadReg
 .text.MX_SPI1_Init
                0x00000000080075a8       0x38 ./Drivers/BSP/STM32WB5MM-DK/stm32wb5mm_dk_bus.o
                0x00000000080075a8                MX_SPI1_Init
 .text.BSP_SPI1_Init
                0x00000000080075e0       0xa0 ./Drivers/BSP/STM32WB5MM-DK/stm32wb5mm_dk_bus.o
                0x00000000080075e0                BSP_SPI1_Init
 .text.BSP_SPI1_Send
                0x0000000008007680       0x18 ./Drivers/BSP/STM32WB5MM-DK/stm32wb5mm_dk_bus.o
                0x0000000008007680                BSP_SPI1_Send
 .text.BSP_SPI1_Recv
                0x0000000008007698       0x30 ./Drivers/BSP/STM32WB5MM-DK/stm32wb5mm_dk_bus.o
                0x0000000008007698                BSP_SPI1_Recv
 .text.BSP_GetTick
                0x00000000080076c8        0x4 ./Drivers/BSP/STM32WB5MM-DK/stm32wb5mm_dk_bus.o
                0x00000000080076c8                BSP_GetTick
 .text.MX_I2C3_Init
                0x00000000080076cc       0x3e ./Drivers/BSP/STM32WB5MM-DK/stm32wb5mm_dk_bus.o
                0x00000000080076cc                MX_I2C3_Init
 *fill*         0x000000000800770a        0x2 
 .text.BSP_I2C3_Init
                0x000000000800770c      0x280 ./Drivers/BSP/STM32WB5MM-DK/stm32wb5mm_dk_bus.o
                0x000000000800770c                BSP_I2C3_Init
 .text.BSP_ENV_SENSOR_Init
                0x000000000800798c      0x15c ./Drivers/BSP/STM32WB5MM-DK/stm32wb5mm_dk_env_sensors.o
                0x000000000800798c                BSP_ENV_SENSOR_Init
 .text.BSP_ENV_SENSOR_Enable
                0x0000000008007ae8       0x44 ./Drivers/BSP/STM32WB5MM-DK/stm32wb5mm_dk_env_sensors.o
                0x0000000008007ae8                BSP_ENV_SENSOR_Enable
 .text.BSP_ENV_SENSOR_GetValue
                0x0000000008007b2c       0x48 ./Drivers/BSP/STM32WB5MM-DK/stm32wb5mm_dk_env_sensors.o
                0x0000000008007b2c                BSP_ENV_SENSOR_GetValue
 .text.LL_AHB2_GRP1_EnableClock
                0x0000000008007b74       0x18 ./Drivers/BSP/STM32WB5MM-DK/stm32wb5mm_dk_lcd.o
 .text.BSP_LCD_GetXSize
                0x0000000008007b8c       0x3c ./Drivers/BSP/STM32WB5MM-DK/stm32wb5mm_dk_lcd.o
                0x0000000008007b8c                BSP_LCD_GetXSize
 .text.BSP_LCD_GetYSize
                0x0000000008007bc8       0x3c ./Drivers/BSP/STM32WB5MM-DK/stm32wb5mm_dk_lcd.o
                0x0000000008007bc8                BSP_LCD_GetYSize
 .text.LCD_IO_DeInit
                0x0000000008007c04       0x2c ./Drivers/BSP/STM32WB5MM-DK/stm32wb5mm_dk_lcd.o
 .text.LCD_IO_Init
                0x0000000008007c30       0xa0 ./Drivers/BSP/STM32WB5MM-DK/stm32wb5mm_dk_lcd.o
 .text.BSP_LCD_ReadReg
                0x0000000008007cd0       0x30 ./Drivers/BSP/STM32WB5MM-DK/stm32wb5mm_dk_lcd.o
                0x0000000008007cd0                BSP_LCD_ReadReg
 .text.BSP_LCD_Init
                0x0000000008007d00       0x9c ./Drivers/BSP/STM32WB5MM-DK/stm32wb5mm_dk_lcd.o
                0x0000000008007d00                BSP_LCD_Init
 .text.BSP_LCD_GetFrameBuffer
                0x0000000008007d9c       0x3c ./Drivers/BSP/STM32WB5MM-DK/stm32wb5mm_dk_lcd.o
                0x0000000008007d9c                BSP_LCD_GetFrameBuffer
 .text.BSP_LCD_DisplayOn
                0x0000000008007dd8       0x34 ./Drivers/BSP/STM32WB5MM-DK/stm32wb5mm_dk_lcd.o
                0x0000000008007dd8                BSP_LCD_DisplayOn
 .text.BSP_LCD_Refresh
                0x0000000008007e0c       0x34 ./Drivers/BSP/STM32WB5MM-DK/stm32wb5mm_dk_lcd.o
                0x0000000008007e0c                BSP_LCD_Refresh
 .text.BSP_LCD_SendData
                0x0000000008007e40       0x78 ./Drivers/BSP/STM32WB5MM-DK/stm32wb5mm_dk_lcd.o
                0x0000000008007e40                BSP_LCD_SendData
 .text.BSP_LCD_WriteReg
                0x0000000008007eb8       0x1a ./Drivers/BSP/STM32WB5MM-DK/stm32wb5mm_dk_lcd.o
                0x0000000008007eb8                BSP_LCD_WriteReg
 *fill*         0x0000000008007ed2        0x2 
 .text.HAL_Init
                0x0000000008007ed4       0x2c ./Drivers/STM32WBxx_HAL_Driver/Src/stm32wbxx_hal.o
                0x0000000008007ed4                HAL_Init
 .text.HAL_IncTick
                0x0000000008007f00       0x18 ./Drivers/STM32WBxx_HAL_Driver/Src/stm32wbxx_hal.o
                0x0000000008007f00                HAL_IncTick
 .text.HAL_GetTick
                0x0000000008007f18        0xc ./Drivers/STM32WBxx_HAL_Driver/Src/stm32wbxx_hal.o
                0x0000000008007f18                HAL_GetTick
 .text.HAL_GetTickPrio
                0x0000000008007f24        0xc ./Drivers/STM32WBxx_HAL_Driver/Src/stm32wbxx_hal.o
                0x0000000008007f24                HAL_GetTickPrio
 .text.HAL_GetTickFreq
                0x0000000008007f30        0xc ./Drivers/STM32WBxx_HAL_Driver/Src/stm32wbxx_hal.o
                0x0000000008007f30                HAL_GetTickFreq
 .text.HAL_NVIC_SetPriorityGrouping
                0x0000000008007f3c       0x24 ./Drivers/STM32WBxx_HAL_Driver/Src/stm32wbxx_hal_cortex.o
                0x0000000008007f3c                HAL_NVIC_SetPriorityGrouping
 .text.HAL_NVIC_SetPriority
                0x0000000008007f60       0x64 ./Drivers/STM32WBxx_HAL_Driver/Src/stm32wbxx_hal_cortex.o
                0x0000000008007f60                HAL_NVIC_SetPriority
 .text.HAL_NVIC_EnableIRQ
                0x0000000008007fc4       0x1c ./Drivers/STM32WBxx_HAL_Driver/Src/stm32wbxx_hal_cortex.o
                0x0000000008007fc4                HAL_NVIC_EnableIRQ
 .text.HAL_NVIC_DisableIRQ
                0x0000000008007fe0       0x24 ./Drivers/STM32WBxx_HAL_Driver/Src/stm32wbxx_hal_cortex.o
                0x0000000008007fe0                HAL_NVIC_DisableIRQ
 .text.HAL_NVIC_SetPendingIRQ
                0x0000000008008004       0x1c ./Drivers/STM32WBxx_HAL_Driver/Src/stm32wbxx_hal_cortex.o
                0x0000000008008004                HAL_NVIC_SetPendingIRQ
 .text.HAL_NVIC_ClearPendingIRQ
                0x0000000008008020       0x1c ./Drivers/STM32WBxx_HAL_Driver/Src/stm32wbxx_hal_cortex.o
                0x0000000008008020                HAL_NVIC_ClearPendingIRQ
 .text.DMA_CalcDMAMUXChannelBaseAndMask
                0x000000000800803c       0x48 ./Drivers/STM32WBxx_HAL_Driver/Src/stm32wbxx_hal_dma.o
 .text.HAL_DMA_Init
                0x0000000008008084       0xe4 ./Drivers/STM32WBxx_HAL_Driver/Src/stm32wbxx_hal_dma.o
                0x0000000008008084                HAL_DMA_Init
 .text.HAL_DMA_IRQHandler
                0x0000000008008168       0x94 ./Drivers/STM32WBxx_HAL_Driver/Src/stm32wbxx_hal_dma.o
                0x0000000008008168                HAL_DMA_IRQHandler
 .text.HAL_EXTI_RegisterCallback
                0x00000000080081fc        0xc ./Drivers/STM32WBxx_HAL_Driver/Src/stm32wbxx_hal_exti.o
                0x00000000080081fc                HAL_EXTI_RegisterCallback
 .text.HAL_EXTI_GetHandle
                0x0000000008008208        0xc ./Drivers/STM32WBxx_HAL_Driver/Src/stm32wbxx_hal_exti.o
                0x0000000008008208                HAL_EXTI_GetHandle
 .text.HAL_EXTI_IRQHandler
                0x0000000008008214       0x28 ./Drivers/STM32WBxx_HAL_Driver/Src/stm32wbxx_hal_exti.o
                0x0000000008008214                HAL_EXTI_IRQHandler
 .text.HAL_GPIO_Init
                0x000000000800823c      0x16c ./Drivers/STM32WBxx_HAL_Driver/Src/stm32wbxx_hal_gpio.o
                0x000000000800823c                HAL_GPIO_Init
 .text.HAL_GPIO_DeInit
                0x00000000080083a8       0xfc ./Drivers/STM32WBxx_HAL_Driver/Src/stm32wbxx_hal_gpio.o
                0x00000000080083a8                HAL_GPIO_DeInit
 .text.HAL_GPIO_WritePin
                0x00000000080084a4        0xa ./Drivers/STM32WBxx_HAL_Driver/Src/stm32wbxx_hal_gpio.o
                0x00000000080084a4                HAL_GPIO_WritePin
 .text.HAL_HSEM_FreeCallback
                0x00000000080084ae        0x2 ./Drivers/STM32WBxx_HAL_Driver/Src/stm32wbxx_hal_hsem.o
                0x00000000080084ae                HAL_HSEM_FreeCallback
 .text.HAL_HSEM_IRQHandler
                0x00000000080084b0       0x1c ./Drivers/STM32WBxx_HAL_Driver/Src/stm32wbxx_hal_hsem.o
                0x00000000080084b0                HAL_HSEM_IRQHandler
 .text.I2C_Flush_TXDR
                0x00000000080084cc       0x1c ./Drivers/STM32WBxx_HAL_Driver/Src/stm32wbxx_hal_i2c.o
 .text.I2C_TransferConfig
                0x00000000080084e8       0x2c ./Drivers/STM32WBxx_HAL_Driver/Src/stm32wbxx_hal_i2c.o
 .text.I2C_IsErrorOccurred
                0x0000000008008514      0x100 ./Drivers/STM32WBxx_HAL_Driver/Src/stm32wbxx_hal_i2c.o
 .text.I2C_WaitOnTXISFlagUntilTimeout
                0x0000000008008614       0x56 ./Drivers/STM32WBxx_HAL_Driver/Src/stm32wbxx_hal_i2c.o
 .text.I2C_WaitOnFlagUntilTimeout
                0x000000000800866a       0x66 ./Drivers/STM32WBxx_HAL_Driver/Src/stm32wbxx_hal_i2c.o
 .text.I2C_WaitOnSTOPFlagUntilTimeout
                0x00000000080086d0       0x52 ./Drivers/STM32WBxx_HAL_Driver/Src/stm32wbxx_hal_i2c.o
 .text.I2C_WaitOnRXNEFlagUntilTimeout
                0x0000000008008722       0x98 ./Drivers/STM32WBxx_HAL_Driver/Src/stm32wbxx_hal_i2c.o
 .text.HAL_I2C_Init
                0x00000000080087ba       0xaa ./Drivers/STM32WBxx_HAL_Driver/Src/stm32wbxx_hal_i2c.o
                0x00000000080087ba                HAL_I2C_Init
 .text.HAL_I2C_DeInit
                0x0000000008008864       0x32 ./Drivers/STM32WBxx_HAL_Driver/Src/stm32wbxx_hal_i2c.o
                0x0000000008008864                HAL_I2C_DeInit
 *fill*         0x0000000008008896        0x2 
 .text.HAL_I2C_Master_Transmit
                0x0000000008008898      0x158 ./Drivers/STM32WBxx_HAL_Driver/Src/stm32wbxx_hal_i2c.o
                0x0000000008008898                HAL_I2C_Master_Transmit
 .text.HAL_I2C_Master_Receive
                0x00000000080089f0      0x130 ./Drivers/STM32WBxx_HAL_Driver/Src/stm32wbxx_hal_i2c.o
                0x00000000080089f0                HAL_I2C_Master_Receive
 .text.HAL_I2C_Mem_Write
                0x0000000008008b20      0x1b4 ./Drivers/STM32WBxx_HAL_Driver/Src/stm32wbxx_hal_i2c.o
                0x0000000008008b20                HAL_I2C_Mem_Write
 .text.HAL_I2C_Mem_Read
                0x0000000008008cd4      0x1bc ./Drivers/STM32WBxx_HAL_Driver/Src/stm32wbxx_hal_i2c.o
                0x0000000008008cd4                HAL_I2C_Mem_Read
 .text.HAL_I2C_GetState
                0x0000000008008e90        0x6 ./Drivers/STM32WBxx_HAL_Driver/Src/stm32wbxx_hal_i2c.o
                0x0000000008008e90                HAL_I2C_GetState
 .text.HAL_I2C_GetError
                0x0000000008008e96        0x4 ./Drivers/STM32WBxx_HAL_Driver/Src/stm32wbxx_hal_i2c.o
                0x0000000008008e96                HAL_I2C_GetError
 .text.HAL_I2CEx_ConfigAnalogFilter
                0x0000000008008e9a       0x4c ./Drivers/STM32WBxx_HAL_Driver/Src/stm32wbxx_hal_i2c_ex.o
                0x0000000008008e9a                HAL_I2CEx_ConfigAnalogFilter
 .text.HAL_I2CEx_ConfigDigitalFilter
                0x0000000008008ee6       0x4a ./Drivers/STM32WBxx_HAL_Driver/Src/stm32wbxx_hal_i2c_ex.o
                0x0000000008008ee6                HAL_I2CEx_ConfigDigitalFilter
 .text.HAL_IPCC_TxCallback
                0x0000000008008f30        0x2 ./Drivers/STM32WBxx_HAL_Driver/Src/stm32wbxx_hal_ipcc.o
                0x0000000008008f30                HAL_IPCC_TxCallback
 .text.HAL_IPCC_RxCallback
                0x0000000008008f32        0x2 ./Drivers/STM32WBxx_HAL_Driver/Src/stm32wbxx_hal_ipcc.o
                0x0000000008008f32                HAL_IPCC_RxCallback
 .text.IPCC_SetDefaultCallbacks
                0x0000000008008f34       0x1c ./Drivers/STM32WBxx_HAL_Driver/Src/stm32wbxx_hal_ipcc.o
                0x0000000008008f34                IPCC_SetDefaultCallbacks
 .text.HAL_IPCC_Init
                0x0000000008008f50       0x44 ./Drivers/STM32WBxx_HAL_Driver/Src/stm32wbxx_hal_ipcc.o
                0x0000000008008f50                HAL_IPCC_Init
 .text.HAL_PWR_EnableBkUpAccess
                0x0000000008008f94       0x10 ./Drivers/STM32WBxx_HAL_Driver/Src/stm32wbxx_hal_pwr.o
                0x0000000008008f94                HAL_PWR_EnableBkUpAccess
 .text.HAL_PWREx_GetVoltageRange
                0x0000000008008fa4       0x10 ./Drivers/STM32WBxx_HAL_Driver/Src/stm32wbxx_hal_pwr_ex.o
                0x0000000008008fa4                HAL_PWREx_GetVoltageRange
 .text.LL_RCC_LSI1_IsReady
                0x0000000008008fb4        0xe ./Drivers/STM32WBxx_HAL_Driver/Src/stm32wbxx_hal_rcc.o
 .text.LL_RCC_MSI_IsReady
                0x0000000008008fc2        0xc ./Drivers/STM32WBxx_HAL_Driver/Src/stm32wbxx_hal_rcc.o
 .text.LL_RCC_MSI_SetRange
                0x0000000008008fce       0x10 ./Drivers/STM32WBxx_HAL_Driver/Src/stm32wbxx_hal_rcc.o
 .text.LL_RCC_MSI_SetCalibTrimming
                0x0000000008008fde       0x12 ./Drivers/STM32WBxx_HAL_Driver/Src/stm32wbxx_hal_rcc.o
 .text.RCC_SetFlashLatencyFromMSIRange
                0x0000000008008ff0       0xe8 ./Drivers/STM32WBxx_HAL_Driver/Src/stm32wbxx_hal_rcc.o
 .text.HAL_RCC_GetSysClockFreq
                0x00000000080090d8       0xa4 ./Drivers/STM32WBxx_HAL_Driver/Src/stm32wbxx_hal_rcc.o
                0x00000000080090d8                HAL_RCC_GetSysClockFreq
 .text.HAL_RCC_GetHCLKFreq
                0x000000000800917c       0x20 ./Drivers/STM32WBxx_HAL_Driver/Src/stm32wbxx_hal_rcc.o
                0x000000000800917c                HAL_RCC_GetHCLKFreq
 .text.HAL_RCC_OscConfig
                0x000000000800919c      0x594 ./Drivers/STM32WBxx_HAL_Driver/Src/stm32wbxx_hal_rcc.o
                0x000000000800919c                HAL_RCC_OscConfig
 .text.HAL_RCC_ClockConfig
                0x0000000008009730      0x1fc ./Drivers/STM32WBxx_HAL_Driver/Src/stm32wbxx_hal_rcc.o
                0x0000000008009730                HAL_RCC_ClockConfig
 .text.HAL_RCC_GetPCLK1Freq
                0x000000000800992c       0x24 ./Drivers/STM32WBxx_HAL_Driver/Src/stm32wbxx_hal_rcc.o
                0x000000000800992c                HAL_RCC_GetPCLK1Freq
 .text.HAL_RCC_GetPCLK2Freq
                0x0000000008009950       0x24 ./Drivers/STM32WBxx_HAL_Driver/Src/stm32wbxx_hal_rcc.o
                0x0000000008009950                HAL_RCC_GetPCLK2Freq
 .text.HAL_RCC_GetClockConfig
                0x0000000008009974       0x4c ./Drivers/STM32WBxx_HAL_Driver/Src/stm32wbxx_hal_rcc.o
                0x0000000008009974                HAL_RCC_GetClockConfig
 .text.LL_RCC_HSE_IsEnabledDiv2
                0x00000000080099c0        0xc ./Drivers/STM32WBxx_HAL_Driver/Src/stm32wbxx_hal_rcc_ex.o
 .text.LL_RCC_HSI_IsReady
                0x00000000080099cc        0xc ./Drivers/STM32WBxx_HAL_Driver/Src/stm32wbxx_hal_rcc_ex.o
 .text.LL_RCC_LSE_IsReady
                0x00000000080099d8        0xe ./Drivers/STM32WBxx_HAL_Driver/Src/stm32wbxx_hal_rcc_ex.o
 .text.LL_RCC_LSI1_IsReady
                0x00000000080099e6        0xe ./Drivers/STM32WBxx_HAL_Driver/Src/stm32wbxx_hal_rcc_ex.o
 .text.LL_RCC_LSI2_IsReady
                0x00000000080099f4        0xe ./Drivers/STM32WBxx_HAL_Driver/Src/stm32wbxx_hal_rcc_ex.o
 .text.LL_RCC_MSI_GetRange
                0x0000000008009a02       0x12 ./Drivers/STM32WBxx_HAL_Driver/Src/stm32wbxx_hal_rcc_ex.o
 .text.LL_RCC_SetI2CClockSource
                0x0000000008009a14       0x20 ./Drivers/STM32WBxx_HAL_Driver/Src/stm32wbxx_hal_rcc_ex.o
 .text.LL_RCC_PLL_IsReady
                0x0000000008009a34        0xc ./Drivers/STM32WBxx_HAL_Driver/Src/stm32wbxx_hal_rcc_ex.o
 .text.LL_RCC_PLLSAI1_Enable
                0x0000000008009a40        0xe ./Drivers/STM32WBxx_HAL_Driver/Src/stm32wbxx_hal_rcc_ex.o
 .text.LL_RCC_PLLSAI1_Disable
                0x0000000008009a4e        0xe ./Drivers/STM32WBxx_HAL_Driver/Src/stm32wbxx_hal_rcc_ex.o
 .text.LL_RCC_PLLSAI1_IsReady
                0x0000000008009a5c        0xc ./Drivers/STM32WBxx_HAL_Driver/Src/stm32wbxx_hal_rcc_ex.o
 .text.RCC_PLL_GetFreqDomain_Q
                0x0000000008009a68       0x68 ./Drivers/STM32WBxx_HAL_Driver/Src/stm32wbxx_hal_rcc_ex.o
 .text.RCC_PLL_GetFreqDomain_P
                0x0000000008009ad0       0x68 ./Drivers/STM32WBxx_HAL_Driver/Src/stm32wbxx_hal_rcc_ex.o
 .text.RCC_PLLSAI1_GetFreqDomain_Q
                0x0000000008009b38       0x68 ./Drivers/STM32WBxx_HAL_Driver/Src/stm32wbxx_hal_rcc_ex.o
 .text.HAL_RCCEx_PeriphCLKConfig
                0x0000000008009ba0      0x386 ./Drivers/STM32WBxx_HAL_Driver/Src/stm32wbxx_hal_rcc_ex.o
                0x0000000008009ba0                HAL_RCCEx_PeriphCLKConfig
 .text.HAL_RCCEx_GetRngCLKSource
                0x0000000008009f26       0x1c ./Drivers/STM32WBxx_HAL_Driver/Src/stm32wbxx_hal_rcc_ex.o
                0x0000000008009f26                HAL_RCCEx_GetRngCLKSource
 *fill*         0x0000000008009f42        0x2 
 .text.HAL_RCCEx_GetPeriphCLKFreq
                0x0000000008009f44      0x4c0 ./Drivers/STM32WBxx_HAL_Driver/Src/stm32wbxx_hal_rcc_ex.o
                0x0000000008009f44                HAL_RCCEx_GetPeriphCLKFreq
 .text.HAL_RTC_WaitForSynchro
                0x000000000800a404       0x30 ./Drivers/STM32WBxx_HAL_Driver/Src/stm32wbxx_hal_rtc.o
                0x000000000800a404                HAL_RTC_WaitForSynchro
 .text.RTC_EnterInitMode
                0x000000000800a434       0x34 ./Drivers/STM32WBxx_HAL_Driver/Src/stm32wbxx_hal_rtc.o
                0x000000000800a434                RTC_EnterInitMode
 .text.HAL_RTC_Init
                0x000000000800a468       0xc4 ./Drivers/STM32WBxx_HAL_Driver/Src/stm32wbxx_hal_rtc.o
                0x000000000800a468                HAL_RTC_Init
 .text.HAL_RTCEx_SetWakeUpTimer_IT
                0x000000000800a52c       0xf0 ./Drivers/STM32WBxx_HAL_Driver/Src/stm32wbxx_hal_rtc_ex.o
                0x000000000800a52c                HAL_RTCEx_SetWakeUpTimer_IT
 .text.SPI_WaitFifoStateUntilTimeout.constprop.0